14:58:50 **** Incremental Build of configuration Debug for project Final ****
make -j8 all 
gdawrf-2
make[1]: [makefile:97: pre-build] Error -1 (ignored)
 
arm-none-eabi-size  Final.elf 
   text	   data	    bss	    dec	    hex	filename
  38624	    108	  21260	  59992	   ea58	Final.elf
Finished building: default.size.stdout
 
14:59:10 **** Incremental Build of configuration Debug for project Final ****
make -j8 all 
gdawrf-2
make[1]: [makefile:97: pre-build] Error -1 (ignored)
 
arm-none-eabi-size  Final.elf 
   text	   data	    bss	    dec	    hex	filename
  38624	    108	  21260	  59992	   ea58	Final.elf
Finished building: default.size.stdout
 
15:03:40 **** Incremental Build of configuration Debug for project Final ****
make -j8 all 
gdawrf-2
make[1]: [makefile:97: pre-build] Error -1 (ignored)
 
arm-none-eabi-gcc "../Core/Src/main.c" -mcpu=cortex-m4 -std=gnu11 -g3 -DDEBUG -DUSE_HAL_DRIVER -DSTM32F401xC -c -I../Core/Inc -I../Drivers/STM32F4xx_HAL_Driver/Inc -I../Drivers/STM32F4xx_HAL_Driver/Inc/Legacy -I../Drivers/CMSIS/Device/ST/STM32F4xx/Include -I../Drivers/CMSIS/Include -I../Middlewares/Third_Party/FreeRTOS/Source/include -I../Middlewares/Third_Party/FreeRTOS/Source/portable/GCC/ARM_CM4F -I../Middlewares/Third_Party/FreeRTOS/Source/CMSIS_RTOS_V2 -O0 -ffunction-sections -fdata-sections -Wall -fstack-usage -fcyclomatic-complexity -MMD -MP -MF"Core/Src/main.d" -MT"Core/Src/main.o" --specs=nano.specs -mfpu=fpv4-sp-d16 -mfloat-abi=hard -mthumb -o "Core/Src/main.o"
arm-none-eabi-gcc -o "Final.elf" @"objects.list"   -mcpu=cortex-m4 -T"D:\ITI\Graduation_Project\Final_Proj\Final\STM32F401RCTX_FLASH.ld" --specs=nosys.specs -Wl,-Map="Final.map" -Wl,--gc-sections -static --specs=nano.specs -mfpu=fpv4-sp-d16 -mfloat-abi=hard -mthumb -Wl,--start-group -lc -lm -Wl,--end-group
Finished building target: Final.elf
 
arm-none-eabi-size  Final.elf 
arm-none-eabi-objdump -h -S Final.elf  > "Final.list"
arm-none-eabi-objcopy  -O ihex Final.elf  "Final.hex"
   text	   data	    bss	    dec	    hex	filename
  38032	    108	  21260	  59400	   e808	Final.elf
Finished building: default.size.stdout
 
Finished building: Final.hex
 
Finished building: Final.list
 
15:09:01 **** Incremental Build of configuration Debug for project Final ****
make -j8 all 
gdawrf-2
make[1]: [makefile:97: pre-build] Error -1 (ignored)
 
arm-none-eabi-gcc "../Core/Src/main.c" -mcpu=cortex-m4 -std=gnu11 -g3 -DDEBUG -DUSE_HAL_DRIVER -DSTM32F401xC -c -I../Core/Inc -I../Drivers/STM32F4xx_HAL_Driver/Inc -I../Drivers/STM32F4xx_HAL_Driver/Inc/Legacy -I../Drivers/CMSIS/Device/ST/STM32F4xx/Include -I../Drivers/CMSIS/Include -I../Middlewares/Third_Party/FreeRTOS/Source/include -I../Middlewares/Third_Party/FreeRTOS/Source/portable/GCC/ARM_CM4F -I../Middlewares/Third_Party/FreeRTOS/Source/CMSIS_RTOS_V2 -O0 -ffunction-sections -fdata-sections -Wall -fstack-usage -fcyclomatic-complexity -MMD -MP -MF"Core/Src/main.d" -MT"Core/Src/main.o" --specs=nano.specs -mfpu=fpv4-sp-d16 -mfloat-abi=hard -mthumb -o "Core/Src/main.o"
arm-none-eabi-gcc -o "Final.elf" @"objects.list"   -mcpu=cortex-m4 -T"D:\ITI\Graduation_Project\Final_Proj\Final\STM32F401RCTX_FLASH.ld" --specs=nosys.specs -Wl,-Map="Final.map" -Wl,--gc-sections -static --specs=nano.specs -mfpu=fpv4-sp-d16 -mfloat-abi=hard -mthumb -Wl,--start-group -lc -lm -Wl,--end-group
Finished building target: Final.elf
 
arm-none-eabi-size  Final.elf 
arm-none-eabi-objdump -h -S Final.elf  > "Final.list"
arm-none-eabi-objcopy  -O ihex Final.elf  "Final.hex"
   text	   data	    bss	    dec	    hex	filename
  38032	    108	  21260	  59400	   e808	Final.elf
Finished building: default.size.stdout
 
Finished building: Final.hex
 
Finished building: Final.list
 
15:09:09 **** Incremental Build of configuration Debug for project Final ****
make -j8 all 
gdawrf-2
make[1]: [makefile:97: pre-build] Error -1 (ignored)
 
arm-none-eabi-size  Final.elf 
   text	   data	    bss	    dec	    hex	filename
  38032	    108	  21260	  59400	   e808	Final.elf
Finished building: default.size.stdout
 
15:16:28 **** Incremental Build of configuration Debug for project Final ****
make -j8 all 
gdawrf-2
make[1]: [makefile:97: pre-build] Error -1 (ignored)
 
arm-none-eabi-gcc "../Core/Src/main.c" -mcpu=cortex-m4 -std=gnu11 -g3 -DDEBUG -DUSE_HAL_DRIVER -DSTM32F401xC -c -I../Core/Inc -I../Drivers/STM32F4xx_HAL_Driver/Inc -I../Drivers/STM32F4xx_HAL_Driver/Inc/Legacy -I../Drivers/CMSIS/Device/ST/STM32F4xx/Include -I../Drivers/CMSIS/Include -I../Middlewares/Third_Party/FreeRTOS/Source/include -I../Middlewares/Third_Party/FreeRTOS/Source/portable/GCC/ARM_CM4F -I../Middlewares/Third_Party/FreeRTOS/Source/CMSIS_RTOS_V2 -O0 -ffunction-sections -fdata-sections -Wall -fstack-usage -fcyclomatic-complexity -MMD -MP -MF"Core/Src/main.d" -MT"Core/Src/main.o" --specs=nano.specs -mfpu=fpv4-sp-d16 -mfloat-abi=hard -mthumb -o "Core/Src/main.o"
arm-none-eabi-gcc -o "Final.elf" @"objects.list"   -mcpu=cortex-m4 -T"D:\ITI\Graduation_Project\Final_Proj\Final\STM32F401RCTX_FLASH.ld" --specs=nosys.specs -Wl,-Map="Final.map" -Wl,--gc-sections -static --specs=nano.specs -mfpu=fpv4-sp-d16 -mfloat-abi=hard -mthumb -Wl,--start-group -lc -lm -Wl,--end-group
Finished building target: Final.elf
 
arm-none-eabi-size  Final.elf 
arm-none-eabi-objdump -h -S Final.elf  > "Final.list"
arm-none-eabi-objcopy  -O ihex Final.elf  "Final.hex"
   text	   data	    bss	    dec	    hex	filename
  38032	    108	  21260	  59400	   e808	Final.elf
Finished building: default.size.stdout
 
Finished building: Final.hex
 
Finished building: Final.list
 
15:37:54 **** Incremental Build of configuration Debug for project Final ****
make -j8 all 
gdawrf-2
make[1]: [makefile:97: pre-build] Error -1 (ignored)
 
arm-none-eabi-gcc "../Core/Src/getSteering.c" -mcpu=cortex-m4 -std=gnu11 -g3 -DDEBUG -DUSE_HAL_DRIVER -DSTM32F401xC -c -I../Core/Inc -I../Drivers/STM32F4xx_HAL_Driver/Inc -I../Drivers/STM32F4xx_HAL_Driver/Inc/Legacy -I../Drivers/CMSIS/Device/ST/STM32F4xx/Include -I../Drivers/CMSIS/Include -I../Middlewares/Third_Party/FreeRTOS/Source/include -I../Middlewares/Third_Party/FreeRTOS/Source/portable/GCC/ARM_CM4F -I../Middlewares/Third_Party/FreeRTOS/Source/CMSIS_RTOS_V2 -O0 -ffunction-sections -fdata-sections -Wall -fstack-usage -fcyclomatic-complexity -MMD -MP -MF"Core/Src/getSteering.d" -MT"Core/Src/getSteering.o" --specs=nano.specs -mfpu=fpv4-sp-d16 -mfloat-abi=hard -mthumb -o "Core/Src/getSteering.o"
arm-none-eabi-gcc -o "Final.elf" @"objects.list"   -mcpu=cortex-m4 -T"D:\ITI\Graduation_Project\Final_Proj\Final\STM32F401RCTX_FLASH.ld" --specs=nosys.specs -Wl,-Map="Final.map" -Wl,--gc-sections -static --specs=nano.specs -mfpu=fpv4-sp-d16 -mfloat-abi=hard -mthumb -Wl,--start-group -lc -lm -Wl,--end-group
Finished building target: Final.elf
 
arm-none-eabi-size  Final.elf 
arm-none-eabi-objdump -h -S Final.elf  > "Final.list"
arm-none-eabi-objcopy  -O ihex Final.elf  "Final.hex"
   text	   data	    bss	    dec	    hex	filename
  38032	    108	  21260	  59400	   e808	Final.elf
Finished building: default.size.stdout
 
Finished building: Final.hex
 
Finished building: Final.list
 
15:48:06 **** Incremental Build of configuration Debug for project Final ****
make -j8 all 
gdawrf-2
make[1]: [makefile:97: pre-build] Error -1 (ignored)
 
arm-none-eabi-gcc "../Core/Src/Communication.c" -mcpu=cortex-m4 -std=gnu11 -g3 -DDEBUG -DUSE_HAL_DRIVER -DSTM32F401xC -c -I../Core/Inc -I../Drivers/STM32F4xx_HAL_Driver/Inc -I../Drivers/STM32F4xx_HAL_Driver/Inc/Legacy -I../Drivers/CMSIS/Device/ST/STM32F4xx/Include -I../Drivers/CMSIS/Include -I../Middlewares/Third_Party/FreeRTOS/Source/include -I../Middlewares/Third_Party/FreeRTOS/Source/portable/GCC/ARM_CM4F -I../Middlewares/Third_Party/FreeRTOS/Source/CMSIS_RTOS_V2 -O0 -ffunction-sections -fdata-sections -Wall -fstack-usage -fcyclomatic-complexity -MMD -MP -MF"Core/Src/Communication.d" -MT"Core/Src/Communication.o" --specs=nano.specs -mfpu=fpv4-sp-d16 -mfloat-abi=hard -mthumb -o "Core/Src/Communication.o"
arm-none-eabi-gcc "../Core/Src/Controlling.c" -mcpu=cortex-m4 -std=gnu11 -g3 -DDEBUG -DUSE_HAL_DRIVER -DSTM32F401xC -c -I../Core/Inc -I../Drivers/STM32F4xx_HAL_Driver/Inc -I../Drivers/STM32F4xx_HAL_Driver/Inc/Legacy -I../Drivers/CMSIS/Device/ST/STM32F4xx/Include -I../Drivers/CMSIS/Include -I../Middlewares/Third_Party/FreeRTOS/Source/include -I../Middlewares/Third_Party/FreeRTOS/Source/portable/GCC/ARM_CM4F -I../Middlewares/Third_Party/FreeRTOS/Source/CMSIS_RTOS_V2 -O0 -ffunction-sections -fdata-sections -Wall -fstack-usage -fcyclomatic-complexity -MMD -MP -MF"Core/Src/Controlling.d" -MT"Core/Src/Controlling.o" --specs=nano.specs -mfpu=fpv4-sp-d16 -mfloat-abi=hard -mthumb -o "Core/Src/Controlling.o"
arm-none-eabi-gcc "../Core/Src/getSteering.c" -mcpu=cortex-m4 -std=gnu11 -g3 -DDEBUG -DUSE_HAL_DRIVER -DSTM32F401xC -c -I../Core/Inc -I../Drivers/STM32F4xx_HAL_Driver/Inc -I../Drivers/STM32F4xx_HAL_Driver/Inc/Legacy -I../Drivers/CMSIS/Device/ST/STM32F4xx/Include -I../Drivers/CMSIS/Include -I../Middlewares/Third_Party/FreeRTOS/Source/include -I../Middlewares/Third_Party/FreeRTOS/Source/portable/GCC/ARM_CM4F -I../Middlewares/Third_Party/FreeRTOS/Source/CMSIS_RTOS_V2 -O0 -ffunction-sections -fdata-sections -Wall -fstack-usage -fcyclomatic-complexity -MMD -MP -MF"Core/Src/getSteering.d" -MT"Core/Src/getSteering.o" --specs=nano.specs -mfpu=fpv4-sp-d16 -mfloat-abi=hard -mthumb -o "Core/Src/getSteering.o"
arm-none-eabi-gcc "../Core/Src/main.c" -mcpu=cortex-m4 -std=gnu11 -g3 -DDEBUG -DUSE_HAL_DRIVER -DSTM32F401xC -c -I../Core/Inc -I../Drivers/STM32F4xx_HAL_Driver/Inc -I../Drivers/STM32F4xx_HAL_Driver/Inc/Legacy -I../Drivers/CMSIS/Device/ST/STM32F4xx/Include -I../Drivers/CMSIS/Include -I../Middlewares/Third_Party/FreeRTOS/Source/include -I../Middlewares/Third_Party/FreeRTOS/Source/portable/GCC/ARM_CM4F -I../Middlewares/Third_Party/FreeRTOS/Source/CMSIS_RTOS_V2 -O0 -ffunction-sections -fdata-sections -Wall -fstack-usage -fcyclomatic-complexity -MMD -MP -MF"Core/Src/main.d" -MT"Core/Src/main.o" --specs=nano.specs -mfpu=fpv4-sp-d16 -mfloat-abi=hard -mthumb -o "Core/Src/main.o"
../Core/Src/Communication.c: In function 'Communication':
../Core/Src/Communication.c:151:21: warning: implicit declaration of function 'printf' [-Wimplicit-function-declaration]
  151 |                     printf("UART receive error (remaining bytes): %d\n", uart_status);
      |                     ^~~~~~
../Core/Src/Communication.c:13:1: note: include '<stdio.h>' or provide a declaration of 'printf'
   12 | #include "semphr.h"
  +++ |+#include <stdio.h>
   13 | 
../Core/Src/Communication.c:151:21: warning: incompatible implicit declaration of built-in function 'printf' [-Wbuiltin-declaration-mismatch]
  151 |                     printf("UART receive error (remaining bytes): %d\n", uart_status);
      |                     ^~~~~~
../Core/Src/Communication.c:151:21: note: include '<stdio.h>' or provide a declaration of 'printf'
../Core/Src/Communication.c:159:21: warning: incompatible implicit declaration of built-in function 'printf' [-Wbuiltin-declaration-mismatch]
  159 |                     printf("UART receive error (header): %d\n", uart_status);
      |                     ^~~~~~
../Core/Src/Communication.c:159:21: note: include '<stdio.h>' or provide a declaration of 'printf'
../Core/Src/Communication.c:163:21: warning: incompatible implicit declaration of built-in function 'printf' [-Wbuiltin-declaration-mismatch]
  163 |                     printf("Invalid header: 0x%02X\n", header);
      |                     ^~~~~~
../Core/Src/Communication.c:163:21: note: include '<stdio.h>' or provide a declaration of 'printf'
../Core/Src/Controlling.c: In function 'checkClutchValue':
../Core/Src/Controlling.c:196:65: warning: bitwise comparison always evaluates to false [-Wtautological-compare]
  196 |         else if((steering_data.buttons & CLUTCH_DECREMENT_MASK) == 1)
      |                                                                 ^~
arm-none-eabi-gcc -o "Final.elf" @"objects.list"   -mcpu=cortex-m4 -T"D:\ITI\Graduation_Project\Final_Proj\Final\STM32F401RCTX_FLASH.ld" --specs=nosys.specs -Wl,-Map="Final.map" -Wl,--gc-sections -static --specs=nano.specs -mfpu=fpv4-sp-d16 -mfloat-abi=hard -mthumb -Wl,--start-group -lc -lm -Wl,--end-group
Finished building target: Final.elf
 
arm-none-eabi-size  Final.elf 
arm-none-eabi-objdump -h -S Final.elf  > "Final.list"
arm-none-eabi-objcopy  -O ihex Final.elf  "Final.hex"
   text	   data	    bss	    dec	    hex	filename
  38124	    108	  21260	  59492	   e864	Final.elf
Finished building: default.size.stdout
 
Finished building: Final.hex
 
Finished building: Final.list
 
15:50:37 **** Incremental Build of configuration Debug for project Final ****
make -j8 all 
gdawrf-2
make[1]: [makefile:97: pre-build] Error -1 (ignored)
 
arm-none-eabi-gcc "../Core/Src/main.c" -mcpu=cortex-m4 -std=gnu11 -g3 -DDEBUG -DUSE_HAL_DRIVER -DSTM32F401xC -c -I../Core/Inc -I../Drivers/STM32F4xx_HAL_Driver/Inc -I../Drivers/STM32F4xx_HAL_Driver/Inc/Legacy -I../Drivers/CMSIS/Device/ST/STM32F4xx/Include -I../Drivers/CMSIS/Include -I../Middlewares/Third_Party/FreeRTOS/Source/include -I../Middlewares/Third_Party/FreeRTOS/Source/portable/GCC/ARM_CM4F -I../Middlewares/Third_Party/FreeRTOS/Source/CMSIS_RTOS_V2 -O0 -ffunction-sections -fdata-sections -Wall -fstack-usage -fcyclomatic-complexity -MMD -MP -MF"Core/Src/main.d" -MT"Core/Src/main.o" --specs=nano.specs -mfpu=fpv4-sp-d16 -mfloat-abi=hard -mthumb -o "Core/Src/main.o"
arm-none-eabi-gcc -o "Final.elf" @"objects.list"   -mcpu=cortex-m4 -T"D:\ITI\Graduation_Project\Final_Proj\Final\STM32F401RCTX_FLASH.ld" --specs=nosys.specs -Wl,-Map="Final.map" -Wl,--gc-sections -static --specs=nano.specs -mfpu=fpv4-sp-d16 -mfloat-abi=hard -mthumb -Wl,--start-group -lc -lm -Wl,--end-group
Finished building target: Final.elf
 
arm-none-eabi-size  Final.elf 
arm-none-eabi-objdump -h -S Final.elf  > "Final.list"
arm-none-eabi-objcopy  -O ihex Final.elf  "Final.hex"
   text	   data	    bss	    dec	    hex	filename
  38124	    108	  21260	  59492	   e864	Final.elf
Finished building: default.size.stdout
 
Finished building: Final.hex
 
Finished building: Final.list
 
15:53:44 **** Incremental Build of configuration Debug for project Final ****
make -j8 all 
gdawrf-2
make[1]: [makefile:97: pre-build] Error -1 (ignored)
 
arm-none-eabi-gcc "../Core/Src/Communication.c" -mcpu=cortex-m4 -std=gnu11 -g3 -DDEBUG -DUSE_HAL_DRIVER -DSTM32F401xC -c -I../Core/Inc -I../Drivers/STM32F4xx_HAL_Driver/Inc -I../Drivers/STM32F4xx_HAL_Driver/Inc/Legacy -I../Drivers/CMSIS/Device/ST/STM32F4xx/Include -I../Drivers/CMSIS/Include -I../Middlewares/Third_Party/FreeRTOS/Source/include -I../Middlewares/Third_Party/FreeRTOS/Source/portable/GCC/ARM_CM4F -I../Middlewares/Third_Party/FreeRTOS/Source/CMSIS_RTOS_V2 -O0 -ffunction-sections -fdata-sections -Wall -fstack-usage -fcyclomatic-complexity -MMD -MP -MF"Core/Src/Communication.d" -MT"Core/Src/Communication.o" --specs=nano.specs -mfpu=fpv4-sp-d16 -mfloat-abi=hard -mthumb -o "Core/Src/Communication.o"
arm-none-eabi-gcc "../Core/Src/Controlling.c" -mcpu=cortex-m4 -std=gnu11 -g3 -DDEBUG -DUSE_HAL_DRIVER -DSTM32F401xC -c -I../Core/Inc -I../Drivers/STM32F4xx_HAL_Driver/Inc -I../Drivers/STM32F4xx_HAL_Driver/Inc/Legacy -I../Drivers/CMSIS/Device/ST/STM32F4xx/Include -I../Drivers/CMSIS/Include -I../Middlewares/Third_Party/FreeRTOS/Source/include -I../Middlewares/Third_Party/FreeRTOS/Source/portable/GCC/ARM_CM4F -I../Middlewares/Third_Party/FreeRTOS/Source/CMSIS_RTOS_V2 -O0 -ffunction-sections -fdata-sections -Wall -fstack-usage -fcyclomatic-complexity -MMD -MP -MF"Core/Src/Controlling.d" -MT"Core/Src/Controlling.o" --specs=nano.specs -mfpu=fpv4-sp-d16 -mfloat-abi=hard -mthumb -o "Core/Src/Controlling.o"
arm-none-eabi-gcc "../Core/Src/getSteering.c" -mcpu=cortex-m4 -std=gnu11 -g3 -DDEBUG -DUSE_HAL_DRIVER -DSTM32F401xC -c -I../Core/Inc -I../Drivers/STM32F4xx_HAL_Driver/Inc -I../Drivers/STM32F4xx_HAL_Driver/Inc/Legacy -I../Drivers/CMSIS/Device/ST/STM32F4xx/Include -I../Drivers/CMSIS/Include -I../Middlewares/Third_Party/FreeRTOS/Source/include -I../Middlewares/Third_Party/FreeRTOS/Source/portable/GCC/ARM_CM4F -I../Middlewares/Third_Party/FreeRTOS/Source/CMSIS_RTOS_V2 -O0 -ffunction-sections -fdata-sections -Wall -fstack-usage -fcyclomatic-complexity -MMD -MP -MF"Core/Src/getSteering.d" -MT"Core/Src/getSteering.o" --specs=nano.specs -mfpu=fpv4-sp-d16 -mfloat-abi=hard -mthumb -o "Core/Src/getSteering.o"
arm-none-eabi-gcc "../Core/Src/main.c" -mcpu=cortex-m4 -std=gnu11 -g3 -DDEBUG -DUSE_HAL_DRIVER -DSTM32F401xC -c -I../Core/Inc -I../Drivers/STM32F4xx_HAL_Driver/Inc -I../Drivers/STM32F4xx_HAL_Driver/Inc/Legacy -I../Drivers/CMSIS/Device/ST/STM32F4xx/Include -I../Drivers/CMSIS/Include -I../Middlewares/Third_Party/FreeRTOS/Source/include -I../Middlewares/Third_Party/FreeRTOS/Source/portable/GCC/ARM_CM4F -I../Middlewares/Third_Party/FreeRTOS/Source/CMSIS_RTOS_V2 -O0 -ffunction-sections -fdata-sections -Wall -fstack-usage -fcyclomatic-complexity -MMD -MP -MF"Core/Src/main.d" -MT"Core/Src/main.o" --specs=nano.specs -mfpu=fpv4-sp-d16 -mfloat-abi=hard -mthumb -o "Core/Src/main.o"
../Core/Src/Communication.c: In function 'Communication':
../Core/Src/Communication.c:151:21: warning: implicit declaration of function 'printf' [-Wimplicit-function-declaration]
  151 |                     printf("UART receive error (remaining bytes): %d\n", uart_status);
      |                     ^~~~~~
../Core/Src/Communication.c:13:1: note: include '<stdio.h>' or provide a declaration of 'printf'
   12 | #include "semphr.h"
  +++ |+#include <stdio.h>
   13 | 
../Core/Src/Communication.c:151:21: warning: incompatible implicit declaration of built-in function 'printf' [-Wbuiltin-declaration-mismatch]
  151 |                     printf("UART receive error (remaining bytes): %d\n", uart_status);
      |                     ^~~~~~
../Core/Src/Communication.c:151:21: note: include '<stdio.h>' or provide a declaration of 'printf'
../Core/Src/Communication.c:159:21: warning: incompatible implicit declaration of built-in function 'printf' [-Wbuiltin-declaration-mismatch]
  159 |                     printf("UART receive error (header): %d\n", uart_status);
      |                     ^~~~~~
../Core/Src/Controlling.c: In function 'checkClutchValue':
../Core/Src/Communication.c:159:21: note: include '<stdio.h>' or provide a declaration of 'printf'
../Core/Src/Communication.c:163:21: warning: incompatible implicit declaration of built-in function 'printf' [-Wbuiltin-declaration-mismatch]
  163 |                     printf("Invalid header: 0x%02X\n", header);
      |                     ^~~~~~
../Core/Src/Communication.c:163:21: note: include '<stdio.h>' or provide a declaration of 'printf'
../Core/Src/Controlling.c:195:65: warning: bitwise comparison always evaluates to false [-Wtautological-compare]
  195 |         else if((steering_data.buttons & CLUTCH_DECREMENT_MASK) == 1)
      |                                                                 ^~
arm-none-eabi-gcc -o "Final.elf" @"objects.list"   -mcpu=cortex-m4 -T"D:\ITI\Graduation_Project\Final_Proj\Final\STM32F401RCTX_FLASH.ld" --specs=nosys.specs -Wl,-Map="Final.map" -Wl,--gc-sections -static --specs=nano.specs -mfpu=fpv4-sp-d16 -mfloat-abi=hard -mthumb -Wl,--start-group -lc -lm -Wl,--end-group
Finished building target: Final.elf
 
arm-none-eabi-size  Final.elf 
arm-none-eabi-objdump -h -S Final.elf  > "Final.list"
arm-none-eabi-objcopy  -O ihex Final.elf  "Final.hex"
   text	   data	    bss	    dec	    hex	filename
  38092	    108	  21260	  59460	   e844	Final.elf
Finished building: default.size.stdout
 
Finished building: Final.hex
 
Finished building: Final.list
 
15:57:00 **** Incremental Build of configuration Debug for project Final ****
make -j8 all 
gdawrf-2
make[1]: [makefile:97: pre-build] Error -1 (ignored)
 
arm-none-eabi-gcc "../Core/Src/main.c" -mcpu=cortex-m4 -std=gnu11 -g3 -DDEBUG -DUSE_HAL_DRIVER -DSTM32F401xC -c -I../Core/Inc -I../Drivers/STM32F4xx_HAL_Driver/Inc -I../Drivers/STM32F4xx_HAL_Driver/Inc/Legacy -I../Drivers/CMSIS/Device/ST/STM32F4xx/Include -I../Drivers/CMSIS/Include -I../Middlewares/Third_Party/FreeRTOS/Source/include -I../Middlewares/Third_Party/FreeRTOS/Source/portable/GCC/ARM_CM4F -I../Middlewares/Third_Party/FreeRTOS/Source/CMSIS_RTOS_V2 -O0 -ffunction-sections -fdata-sections -Wall -fstack-usage -fcyclomatic-complexity -MMD -MP -MF"Core/Src/main.d" -MT"Core/Src/main.o" --specs=nano.specs -mfpu=fpv4-sp-d16 -mfloat-abi=hard -mthumb -o "Core/Src/main.o"
arm-none-eabi-gcc -o "Final.elf" @"objects.list"   -mcpu=cortex-m4 -T"D:\ITI\Graduation_Project\Final_Proj\Final\STM32F401RCTX_FLASH.ld" --specs=nosys.specs -Wl,-Map="Final.map" -Wl,--gc-sections -static --specs=nano.specs -mfpu=fpv4-sp-d16 -mfloat-abi=hard -mthumb -Wl,--start-group -lc -lm -Wl,--end-group
Finished building target: Final.elf
 
arm-none-eabi-size  Final.elf 
arm-none-eabi-objdump -h -S Final.elf  > "Final.list"
arm-none-eabi-objcopy  -O ihex Final.elf  "Final.hex"
   text	   data	    bss	    dec	    hex	filename
  38092	    108	  21260	  59460	   e844	Final.elf
Finished building: default.size.stdout
 
Finished building: Final.hex
 
Finished building: Final.list
 
16:04:25 **** Incremental Build of configuration Debug for project Final ****
make -j8 all 
gdawrf-2
make[1]: [makefile:97: pre-build] Error -1 (ignored)
 
arm-none-eabi-size  Final.elf 
   text	   data	    bss	    dec	    hex	filename
  38092	    108	  21260	  59460	   e844	Final.elf
Finished building: default.size.stdout
 
16:06:49 **** Incremental Build of configuration Debug for project Final ****
make -j8 all 
gdawrf-2
make[1]: [makefile:97: pre-build] Error -1 (ignored)
 
arm-none-eabi-gcc "../Core/Src/Communication.c" -mcpu=cortex-m4 -std=gnu11 -g3 -DDEBUG -DUSE_HAL_DRIVER -DSTM32F401xC -c -I../Core/Inc -I../Drivers/STM32F4xx_HAL_Driver/Inc -I../Drivers/STM32F4xx_HAL_Driver/Inc/Legacy -I../Drivers/CMSIS/Device/ST/STM32F4xx/Include -I../Drivers/CMSIS/Include -I../Middlewares/Third_Party/FreeRTOS/Source/include -I../Middlewares/Third_Party/FreeRTOS/Source/portable/GCC/ARM_CM4F -I../Middlewares/Third_Party/FreeRTOS/Source/CMSIS_RTOS_V2 -O0 -ffunction-sections -fdata-sections -Wall -fstack-usage -fcyclomatic-complexity -MMD -MP -MF"Core/Src/Communication.d" -MT"Core/Src/Communication.o" --specs=nano.specs -mfpu=fpv4-sp-d16 -mfloat-abi=hard -mthumb -o "Core/Src/Communication.o"
../Core/Src/Communication.c: In function 'Communication':
../Core/Src/Communication.c:151:21: warning: implicit declaration of function 'printf' [-Wimplicit-function-declaration]
  151 |                     printf("UART receive error (remaining bytes): %d\n", uart_status);
      |                     ^~~~~~
../Core/Src/Communication.c:13:1: note: include '<stdio.h>' or provide a declaration of 'printf'
   12 | #include "semphr.h"
  +++ |+#include <stdio.h>
   13 | 
../Core/Src/Communication.c:151:21: warning: incompatible implicit declaration of built-in function 'printf' [-Wbuiltin-declaration-mismatch]
  151 |                     printf("UART receive error (remaining bytes): %d\n", uart_status);
      |                     ^~~~~~
../Core/Src/Communication.c:151:21: note: include '<stdio.h>' or provide a declaration of 'printf'
arm-none-eabi-gcc -o "Final.elf" @"objects.list"   -mcpu=cortex-m4 -T"D:\ITI\Graduation_Project\Final_Proj\Final\STM32F401RCTX_FLASH.ld" --specs=nosys.specs -Wl,-Map="Final.map" -Wl,--gc-sections -static --specs=nano.specs -mfpu=fpv4-sp-d16 -mfloat-abi=hard -mthumb -Wl,--start-group -lc -lm -Wl,--end-group
Finished building target: Final.elf
 
arm-none-eabi-size  Final.elf 
arm-none-eabi-objdump -h -S Final.elf  > "Final.list"
arm-none-eabi-objcopy  -O ihex Final.elf  "Final.hex"
   text	   data	    bss	    dec	    hex	filename
  38016	    108	  21260	  59384	   e7f8	Final.elf
Finished building: default.size.stdout
 
Finished building: Final.hex
 
Finished building: Final.list
 
16:14:00 **** Incremental Build of configuration Debug for project Final ****
make -j8 all 
gdawrf-2
make[1]: [makefile:97: pre-build] Error -1 (ignored)
 
arm-none-eabi-gcc "../Core/Src/Communication.c" -mcpu=cortex-m4 -std=gnu11 -g3 -DDEBUG -DUSE_HAL_DRIVER -DSTM32F401xC -c -I../Core/Inc -I../Drivers/STM32F4xx_HAL_Driver/Inc -I../Drivers/STM32F4xx_HAL_Driver/Inc/Legacy -I../Drivers/CMSIS/Device/ST/STM32F4xx/Include -I../Drivers/CMSIS/Include -I../Middlewares/Third_Party/FreeRTOS/Source/include -I../Middlewares/Third_Party/FreeRTOS/Source/portable/GCC/ARM_CM4F -I../Middlewares/Third_Party/FreeRTOS/Source/CMSIS_RTOS_V2 -O0 -ffunction-sections -fdata-sections -Wall -fstack-usage -fcyclomatic-complexity -MMD -MP -MF"Core/Src/Communication.d" -MT"Core/Src/Communication.o" --specs=nano.specs -mfpu=fpv4-sp-d16 -mfloat-abi=hard -mthumb -o "Core/Src/Communication.o"
../Core/Src/Communication.c: In function 'Communication':
../Core/Src/Communication.c:152:21: warning: implicit declaration of function 'printf' [-Wimplicit-function-declaration]
  152 |                     printf("UART receive error (remaining bytes): %d\n", uart_status);
      |                     ^~~~~~
../Core/Src/Communication.c:13:1: note: include '<stdio.h>' or provide a declaration of 'printf'
   12 | #include "semphr.h"
  +++ |+#include <stdio.h>
   13 | 
../Core/Src/Communication.c:152:21: warning: incompatible implicit declaration of built-in function 'printf' [-Wbuiltin-declaration-mismatch]
  152 |                     printf("UART receive error (remaining bytes): %d\n", uart_status);
      |                     ^~~~~~
../Core/Src/Communication.c:152:21: note: include '<stdio.h>' or provide a declaration of 'printf'
arm-none-eabi-gcc -o "Final.elf" @"objects.list"   -mcpu=cortex-m4 -T"D:\ITI\Graduation_Project\Final_Proj\Final\STM32F401RCTX_FLASH.ld" --specs=nosys.specs -Wl,-Map="Final.map" -Wl,--gc-sections -static --specs=nano.specs -mfpu=fpv4-sp-d16 -mfloat-abi=hard -mthumb -Wl,--start-group -lc -lm -Wl,--end-group
Finished building target: Final.elf
 
arm-none-eabi-size  Final.elf 
arm-none-eabi-objdump -h -S Final.elf  > "Final.list"
arm-none-eabi-objcopy  -O ihex Final.elf  "Final.hex"
   text	   data	    bss	    dec	    hex	filename
  38000	    108	  21260	  59368	   e7e8	Final.elf
Finished building: default.size.stdout
 
Finished building: Final.hex
 
Finished building: Final.list
 
16:17:58 **** Incremental Build of configuration Debug for project Final ****
make -j8 all 
gdawrf-2
make[1]: [makefile:97: pre-build] Error -1 (ignored)
 
arm-none-eabi-gcc "../Core/Src/Communication.c" -mcpu=cortex-m4 -std=gnu11 -g3 -DDEBUG -DUSE_HAL_DRIVER -DSTM32F401xC -c -I../Core/Inc -I../Drivers/STM32F4xx_HAL_Driver/Inc -I../Drivers/STM32F4xx_HAL_Driver/Inc/Legacy -I../Drivers/CMSIS/Device/ST/STM32F4xx/Include -I../Drivers/CMSIS/Include -I../Middlewares/Third_Party/FreeRTOS/Source/include -I../Middlewares/Third_Party/FreeRTOS/Source/portable/GCC/ARM_CM4F -I../Middlewares/Third_Party/FreeRTOS/Source/CMSIS_RTOS_V2 -O0 -ffunction-sections -fdata-sections -Wall -fstack-usage -fcyclomatic-complexity -MMD -MP -MF"Core/Src/Communication.d" -MT"Core/Src/Communication.o" --specs=nano.specs -mfpu=fpv4-sp-d16 -mfloat-abi=hard -mthumb -o "Core/Src/Communication.o"
../Core/Src/Communication.c: In function 'Communication':
../Core/Src/Communication.c:155:21: warning: implicit declaration of function 'printf' [-Wimplicit-function-declaration]
  155 |                     printf("UART receive error (remaining bytes): %d\n", uart_status);
      |                     ^~~~~~
../Core/Src/Communication.c:13:1: note: include '<stdio.h>' or provide a declaration of 'printf'
   12 | #include "semphr.h"
  +++ |+#include <stdio.h>
   13 | 
../Core/Src/Communication.c:155:21: warning: incompatible implicit declaration of built-in function 'printf' [-Wbuiltin-declaration-mismatch]
  155 |                     printf("UART receive error (remaining bytes): %d\n", uart_status);
      |                     ^~~~~~
../Core/Src/Communication.c:155:21: note: include '<stdio.h>' or provide a declaration of 'printf'
arm-none-eabi-gcc -o "Final.elf" @"objects.list"   -mcpu=cortex-m4 -T"D:\ITI\Graduation_Project\Final_Proj\Final\STM32F401RCTX_FLASH.ld" --specs=nosys.specs -Wl,-Map="Final.map" -Wl,--gc-sections -static --specs=nano.specs -mfpu=fpv4-sp-d16 -mfloat-abi=hard -mthumb -Wl,--start-group -lc -lm -Wl,--end-group
Finished building target: Final.elf
 
arm-none-eabi-size  Final.elf 
arm-none-eabi-objdump -h -S Final.elf  > "Final.list"
arm-none-eabi-objcopy  -O ihex Final.elf  "Final.hex"
   text	   data	    bss	    dec	    hex	filename
  38000	    108	  21260	  59368	   e7e8	Final.elf
Finished building: default.size.stdout
 
Finished building: Final.hex
 
Finished building: Final.list
 
16:24:19 **** Incremental Build of configuration Debug for project Final ****
make -j8 all 
gdawrf-2
make[1]: [makefile:97: pre-build] Error -1 (ignored)
 
arm-none-eabi-size  Final.elf 
   text	   data	    bss	    dec	    hex	filename
  38000	    108	  21260	  59368	   e7e8	Final.elf
Finished building: default.size.stdout
 
16:26:18 **** Incremental Build of configuration Debug for project Final ****
make -j8 all 
gdawrf-2
make[1]: [makefile:97: pre-build] Error -1 (ignored)
 
arm-none-eabi-gcc "../Core/Src/main.c" -mcpu=cortex-m4 -std=gnu11 -g3 -DDEBUG -DUSE_HAL_DRIVER -DSTM32F401xC -c -I../Core/Inc -I../Drivers/STM32F4xx_HAL_Driver/Inc -I../Drivers/STM32F4xx_HAL_Driver/Inc/Legacy -I../Drivers/CMSIS/Device/ST/STM32F4xx/Include -I../Drivers/CMSIS/Include -I../Middlewares/Third_Party/FreeRTOS/Source/include -I../Middlewares/Third_Party/FreeRTOS/Source/portable/GCC/ARM_CM4F -I../Middlewares/Third_Party/FreeRTOS/Source/CMSIS_RTOS_V2 -O0 -ffunction-sections -fdata-sections -Wall -fstack-usage -fcyclomatic-complexity -MMD -MP -MF"Core/Src/main.d" -MT"Core/Src/main.o" --specs=nano.specs -mfpu=fpv4-sp-d16 -mfloat-abi=hard -mthumb -o "Core/Src/main.o"
arm-none-eabi-gcc -o "Final.elf" @"objects.list"   -mcpu=cortex-m4 -T"D:\ITI\Graduation_Project\Final_Proj\Final\STM32F401RCTX_FLASH.ld" --specs=nosys.specs -Wl,-Map="Final.map" -Wl,--gc-sections -static --specs=nano.specs -mfpu=fpv4-sp-d16 -mfloat-abi=hard -mthumb -Wl,--start-group -lc -lm -Wl,--end-group
Finished building target: Final.elf
 
arm-none-eabi-size  Final.elf 
arm-none-eabi-objdump -h -S Final.elf  > "Final.list"
arm-none-eabi-objcopy  -O ihex Final.elf  "Final.hex"
   text	   data	    bss	    dec	    hex	filename
  38000	    108	  21260	  59368	   e7e8	Final.elf
Finished building: default.size.stdout
 
Finished building: Final.hex
 
Finished building: Final.list
 
16:27:48 **** Incremental Build of configuration Debug for project Final ****
make -j8 all 
gdawrf-2
make[1]: [makefile:97: pre-build] Error -1 (ignored)
 
arm-none-eabi-size  Final.elf 
   text	   data	    bss	    dec	    hex	filename
  38000	    108	  21260	  59368	   e7e8	Final.elf
Finished building: default.size.stdout
 
16:28:42 **** Incremental Build of configuration Debug for project Final ****
make -j8 all 
gdawrf-2
make[1]: [makefile:97: pre-build] Error -1 (ignored)
 
arm-none-eabi-gcc "../Core/Src/main.c" -mcpu=cortex-m4 -std=gnu11 -g3 -DDEBUG -DUSE_HAL_DRIVER -DSTM32F401xC -c -I../Core/Inc -I../Drivers/STM32F4xx_HAL_Driver/Inc -I../Drivers/STM32F4xx_HAL_Driver/Inc/Legacy -I../Drivers/CMSIS/Device/ST/STM32F4xx/Include -I../Drivers/CMSIS/Include -I../Middlewares/Third_Party/FreeRTOS/Source/include -I../Middlewares/Third_Party/FreeRTOS/Source/portable/GCC/ARM_CM4F -I../Middlewares/Third_Party/FreeRTOS/Source/CMSIS_RTOS_V2 -O0 -ffunction-sections -fdata-sections -Wall -fstack-usage -fcyclomatic-complexity -MMD -MP -MF"Core/Src/main.d" -MT"Core/Src/main.o" --specs=nano.specs -mfpu=fpv4-sp-d16 -mfloat-abi=hard -mthumb -o "Core/Src/main.o"
arm-none-eabi-gcc -o "Final.elf" @"objects.list"   -mcpu=cortex-m4 -T"D:\ITI\Graduation_Project\Final_Proj\Final\STM32F401RCTX_FLASH.ld" --specs=nosys.specs -Wl,-Map="Final.map" -Wl,--gc-sections -static --specs=nano.specs -mfpu=fpv4-sp-d16 -mfloat-abi=hard -mthumb -Wl,--start-group -lc -lm -Wl,--end-group
Finished building target: Final.elf
 
arm-none-eabi-size  Final.elf 
arm-none-eabi-objdump -h -S Final.elf  > "Final.list"
arm-none-eabi-objcopy  -O ihex Final.elf  "Final.hex"
   text	   data	    bss	    dec	    hex	filename
  38000	    108	  21260	  59368	   e7e8	Final.elf
Finished building: default.size.stdout
 
Finished building: Final.hex
 
Finished building: Final.list
 
16:30:09 **** Incremental Build of configuration Debug for project Final ****
make -j8 all 
gdawrf-2
make[1]: [makefile:97: pre-build] Error -1 (ignored)
 
arm-none-eabi-gcc "../Core/Src/Communication.c" -mcpu=cortex-m4 -std=gnu11 -g3 -DDEBUG -DUSE_HAL_DRIVER -DSTM32F401xC -c -I../Core/Inc -I../Drivers/STM32F4xx_HAL_Driver/Inc -I../Drivers/STM32F4xx_HAL_Driver/Inc/Legacy -I../Drivers/CMSIS/Device/ST/STM32F4xx/Include -I../Drivers/CMSIS/Include -I../Middlewares/Third_Party/FreeRTOS/Source/include -I../Middlewares/Third_Party/FreeRTOS/Source/portable/GCC/ARM_CM4F -I../Middlewares/Third_Party/FreeRTOS/Source/CMSIS_RTOS_V2 -O0 -ffunction-sections -fdata-sections -Wall -fstack-usage -fcyclomatic-complexity -MMD -MP -MF"Core/Src/Communication.d" -MT"Core/Src/Communication.o" --specs=nano.specs -mfpu=fpv4-sp-d16 -mfloat-abi=hard -mthumb -o "Core/Src/Communication.o"
../Core/Src/Communication.c: In function 'Communication':
../Core/Src/Communication.c:155:21: warning: implicit declaration of function 'printf' [-Wimplicit-function-declaration]
  155 |                     printf("UART receive error (remaining bytes): %d\n", uart_status);
      |                     ^~~~~~
../Core/Src/Communication.c:13:1: note: include '<stdio.h>' or provide a declaration of 'printf'
   12 | #include "semphr.h"
  +++ |+#include <stdio.h>
   13 | 
../Core/Src/Communication.c:155:21: warning: incompatible implicit declaration of built-in function 'printf' [-Wbuiltin-declaration-mismatch]
  155 |                     printf("UART receive error (remaining bytes): %d\n", uart_status);
      |                     ^~~~~~
../Core/Src/Communication.c:155:21: note: include '<stdio.h>' or provide a declaration of 'printf'
arm-none-eabi-gcc -o "Final.elf" @"objects.list"   -mcpu=cortex-m4 -T"D:\ITI\Graduation_Project\Final_Proj\Final\STM32F401RCTX_FLASH.ld" --specs=nosys.specs -Wl,-Map="Final.map" -Wl,--gc-sections -static --specs=nano.specs -mfpu=fpv4-sp-d16 -mfloat-abi=hard -mthumb -Wl,--start-group -lc -lm -Wl,--end-group
Finished building target: Final.elf
 
arm-none-eabi-size  Final.elf 
arm-none-eabi-objdump -h -S Final.elf  > "Final.list"
arm-none-eabi-objcopy  -O ihex Final.elf  "Final.hex"
   text	   data	    bss	    dec	    hex	filename
  38000	    108	  21260	  59368	   e7e8	Final.elf
Finished building: default.size.stdout
 
Finished building: Final.hex
 
Finished building: Final.list
 
16:34:13 **** Incremental Build of configuration Debug for project Final ****
make -j8 all 
gdawrf-2
make[1]: [makefile:97: pre-build] Error -1 (ignored)
 
arm-none-eabi-gcc "../Core/Src/Communication.c" -mcpu=cortex-m4 -std=gnu11 -g3 -DDEBUG -DUSE_HAL_DRIVER -DSTM32F401xC -c -I../Core/Inc -I../Drivers/STM32F4xx_HAL_Driver/Inc -I../Drivers/STM32F4xx_HAL_Driver/Inc/Legacy -I../Drivers/CMSIS/Device/ST/STM32F4xx/Include -I../Drivers/CMSIS/Include -I../Middlewares/Third_Party/FreeRTOS/Source/include -I../Middlewares/Third_Party/FreeRTOS/Source/portable/GCC/ARM_CM4F -I../Middlewares/Third_Party/FreeRTOS/Source/CMSIS_RTOS_V2 -O0 -ffunction-sections -fdata-sections -Wall -fstack-usage -fcyclomatic-complexity -MMD -MP -MF"Core/Src/Communication.d" -MT"Core/Src/Communication.o" --specs=nano.specs -mfpu=fpv4-sp-d16 -mfloat-abi=hard -mthumb -o "Core/Src/Communication.o"
../Core/Src/Communication.c: In function 'Communication':
../Core/Src/Communication.c:154:21: warning: implicit declaration of function 'printf' [-Wimplicit-function-declaration]
  154 |                     printf("UART receive error (remaining bytes): %d\n", uart_status);
      |                     ^~~~~~
../Core/Src/Communication.c:13:1: note: include '<stdio.h>' or provide a declaration of 'printf'
   12 | #include "semphr.h"
  +++ |+#include <stdio.h>
   13 | 
../Core/Src/Communication.c:154:21: warning: incompatible implicit declaration of built-in function 'printf' [-Wbuiltin-declaration-mismatch]
  154 |                     printf("UART receive error (remaining bytes): %d\n", uart_status);
      |                     ^~~~~~
../Core/Src/Communication.c:154:21: note: include '<stdio.h>' or provide a declaration of 'printf'
arm-none-eabi-gcc -o "Final.elf" @"objects.list"   -mcpu=cortex-m4 -T"D:\ITI\Graduation_Project\Final_Proj\Final\STM32F401RCTX_FLASH.ld" --specs=nosys.specs -Wl,-Map="Final.map" -Wl,--gc-sections -static --specs=nano.specs -mfpu=fpv4-sp-d16 -mfloat-abi=hard -mthumb -Wl,--start-group -lc -lm -Wl,--end-group
Finished building target: Final.elf
 
arm-none-eabi-size  Final.elf 
arm-none-eabi-objdump -h -S Final.elf  > "Final.list"
arm-none-eabi-objcopy  -O ihex Final.elf  "Final.hex"
   text	   data	    bss	    dec	    hex	filename
  38000	    108	  21260	  59368	   e7e8	Final.elf
Finished building: default.size.stdout
 
Finished building: Final.hex
 
Finished building: Final.list
 
16:37:38 **** Incremental Build of configuration Debug for project Final ****
make -j8 all 
gdawrf-2
make[1]: [makefile:97: pre-build] Error -1 (ignored)
 
arm-none-eabi-gcc "../Core/Src/Controlling.c" -mcpu=cortex-m4 -std=gnu11 -g3 -DDEBUG -DUSE_HAL_DRIVER -DSTM32F401xC -c -I../Core/Inc -I../Drivers/STM32F4xx_HAL_Driver/Inc -I../Drivers/STM32F4xx_HAL_Driver/Inc/Legacy -I../Drivers/CMSIS/Device/ST/STM32F4xx/Include -I../Drivers/CMSIS/Include -I../Middlewares/Third_Party/FreeRTOS/Source/include -I../Middlewares/Third_Party/FreeRTOS/Source/portable/GCC/ARM_CM4F -I../Middlewares/Third_Party/FreeRTOS/Source/CMSIS_RTOS_V2 -O0 -ffunction-sections -fdata-sections -Wall -fstack-usage -fcyclomatic-complexity -MMD -MP -MF"Core/Src/Controlling.d" -MT"Core/Src/Controlling.o" --specs=nano.specs -mfpu=fpv4-sp-d16 -mfloat-abi=hard -mthumb -o "Core/Src/Controlling.o"
../Core/Src/Controlling.c: In function 'checkClutchValue':
../Core/Src/Controlling.c:196:65: warning: bitwise comparison always evaluates to false [-Wtautological-compare]
  196 |         else if((steering_data.buttons & CLUTCH_DECREMENT_MASK) == 1)
      |                                                                 ^~
arm-none-eabi-gcc -o "Final.elf" @"objects.list"   -mcpu=cortex-m4 -T"D:\ITI\Graduation_Project\Final_Proj\Final\STM32F401RCTX_FLASH.ld" --specs=nosys.specs -Wl,-Map="Final.map" -Wl,--gc-sections -static --specs=nano.specs -mfpu=fpv4-sp-d16 -mfloat-abi=hard -mthumb -Wl,--start-group -lc -lm -Wl,--end-group
Finished building target: Final.elf
 
arm-none-eabi-size  Final.elf 
arm-none-eabi-objdump -h -S Final.elf  > "Final.list"
arm-none-eabi-objcopy  -O ihex Final.elf  "Final.hex"
   text	   data	    bss	    dec	    hex	filename
  34688	    108	  21252	  56048	   daf0	Final.elf
Finished building: default.size.stdout
 
Finished building: Final.hex
 
Finished building: Final.list
 
16:55:21 **** Incremental Build of configuration Debug for project Final ****
make -j8 all 
gdawrf-2
make[1]: [makefile:97: pre-build] Error -1 (ignored)
 
arm-none-eabi-gcc "../Core/Src/main.c" -mcpu=cortex-m4 -std=gnu11 -g3 -DDEBUG -DUSE_HAL_DRIVER -DSTM32F401xC -c -I../Core/Inc -I../Drivers/STM32F4xx_HAL_Driver/Inc -I../Drivers/STM32F4xx_HAL_Driver/Inc/Legacy -I../Drivers/CMSIS/Device/ST/STM32F4xx/Include -I../Drivers/CMSIS/Include -I../Middlewares/Third_Party/FreeRTOS/Source/include -I../Middlewares/Third_Party/FreeRTOS/Source/portable/GCC/ARM_CM4F -I../Middlewares/Third_Party/FreeRTOS/Source/CMSIS_RTOS_V2 -O0 -ffunction-sections -fdata-sections -Wall -fstack-usage -fcyclomatic-complexity -MMD -MP -MF"Core/Src/main.d" -MT"Core/Src/main.o" --specs=nano.specs -mfpu=fpv4-sp-d16 -mfloat-abi=hard -mthumb -o "Core/Src/main.o"
arm-none-eabi-gcc -o "Final.elf" @"objects.list"   -mcpu=cortex-m4 -T"D:\ITI\Graduation_Project\Final_Proj\Final\STM32F401RCTX_FLASH.ld" --specs=nosys.specs -Wl,-Map="Final.map" -Wl,--gc-sections -static --specs=nano.specs -mfpu=fpv4-sp-d16 -mfloat-abi=hard -mthumb -Wl,--start-group -lc -lm -Wl,--end-group
Finished building target: Final.elf
 
arm-none-eabi-size  Final.elf 
arm-none-eabi-objdump -h -S Final.elf  > "Final.list"
arm-none-eabi-objcopy  -O ihex Final.elf  "Final.hex"
   text	   data	    bss	    dec	    hex	filename
  34688	    108	  21252	  56048	   daf0	Final.elf
Finished building: default.size.stdout
 
Finished building: Final.hex
 
Finished building: Final.list
 
16:56:44 **** Incremental Build of configuration Debug for project Final ****
make -j8 all 
gdawrf-2
make[1]: [makefile:97: pre-build] Error -1 (ignored)
 
arm-none-eabi-gcc "../Core/Src/main.c" -mcpu=cortex-m4 -std=gnu11 -g3 -DDEBUG -DUSE_HAL_DRIVER -DSTM32F401xC -c -I../Core/Inc -I../Drivers/STM32F4xx_HAL_Driver/Inc -I../Drivers/STM32F4xx_HAL_Driver/Inc/Legacy -I../Drivers/CMSIS/Device/ST/STM32F4xx/Include -I../Drivers/CMSIS/Include -I../Middlewares/Third_Party/FreeRTOS/Source/include -I../Middlewares/Third_Party/FreeRTOS/Source/portable/GCC/ARM_CM4F -I../Middlewares/Third_Party/FreeRTOS/Source/CMSIS_RTOS_V2 -O0 -ffunction-sections -fdata-sections -Wall -fstack-usage -fcyclomatic-complexity -MMD -MP -MF"Core/Src/main.d" -MT"Core/Src/main.o" --specs=nano.specs -mfpu=fpv4-sp-d16 -mfloat-abi=hard -mthumb -o "Core/Src/main.o"
arm-none-eabi-gcc -o "Final.elf" @"objects.list"   -mcpu=cortex-m4 -T"D:\ITI\Graduation_Project\Final_Proj\Final\STM32F401RCTX_FLASH.ld" --specs=nosys.specs -Wl,-Map="Final.map" -Wl,--gc-sections -static --specs=nano.specs -mfpu=fpv4-sp-d16 -mfloat-abi=hard -mthumb -Wl,--start-group -lc -lm -Wl,--end-group
Finished building target: Final.elf
 
arm-none-eabi-size  Final.elf 
arm-none-eabi-objdump -h -S Final.elf  > "Final.list"
arm-none-eabi-objcopy  -O ihex Final.elf  "Final.hex"
   text	   data	    bss	    dec	    hex	filename
  34688	    108	  21252	  56048	   daf0	Final.elf
Finished building: default.size.stdout
 
Finished building: Final.hex
 
Finished building: Final.list
 
17:09:55 **** Incremental Build of configuration Debug for project Final ****
make -j8 all 
gdawrf-2
make[1]: [makefile:97: pre-build] Error -1 (ignored)
 
arm-none-eabi-gcc "../Core/Src/main.c" -mcpu=cortex-m4 -std=gnu11 -g3 -DDEBUG -DUSE_HAL_DRIVER -DSTM32F401xC -c -I../Core/Inc -I../Drivers/STM32F4xx_HAL_Driver/Inc -I../Drivers/STM32F4xx_HAL_Driver/Inc/Legacy -I../Drivers/CMSIS/Device/ST/STM32F4xx/Include -I../Drivers/CMSIS/Include -I../Middlewares/Third_Party/FreeRTOS/Source/include -I../Middlewares/Third_Party/FreeRTOS/Source/portable/GCC/ARM_CM4F -I../Middlewares/Third_Party/FreeRTOS/Source/CMSIS_RTOS_V2 -O0 -ffunction-sections -fdata-sections -Wall -fstack-usage -fcyclomatic-complexity -MMD -MP -MF"Core/Src/main.d" -MT"Core/Src/main.o" --specs=nano.specs -mfpu=fpv4-sp-d16 -mfloat-abi=hard -mthumb -o "Core/Src/main.o"
../Core/Src/main.c: In function 'main':
../Core/Src/main.c:173:22: warning: implicit declaration of function 'xSemaphoreCreateBinary'; did you mean 'osSemaphoreCreate'? [-Wimplicit-function-declaration]
  173 |   Semaphore1Handle = xSemaphoreCreateBinary(0);
      |                      ^~~~~~~~~~~~~~~~~~~~~~
      |                      osSemaphoreCreate
../Core/Src/main.c:173:20: warning: assignment to 'osSemaphoreId_t' {aka 'void *'} from 'int' makes pointer from integer without a cast [-Wint-conversion]
  173 |   Semaphore1Handle = xSemaphoreCreateBinary(0);
      |                    ^
../Core/Src/main.c:176:20: warning: assignment to 'osSemaphoreId_t' {aka 'void *'} from 'int' makes pointer from integer without a cast [-Wint-conversion]
  176 |   Semaphore2Handle = xSemaphoreCreateBinary(1);
      |                    ^
../Core/Src/main.c:179:20: warning: assignment to 'osSemaphoreId_t' {aka 'void *'} from 'int' makes pointer from integer without a cast [-Wint-conversion]
  179 |   Semaphore3Handle = xSemaphoreCreateBinary(1);
      |                    ^
arm-none-eabi-gcc -o "Final.elf" @"objects.list"   -mcpu=cortex-m4 -T"D:\ITI\Graduation_Project\Final_Proj\Final\STM32F401RCTX_FLASH.ld" --specs=nosys.specs -Wl,-Map="Final.map" -Wl,--gc-sections -static --specs=nano.specs -mfpu=fpv4-sp-d16 -mfloat-abi=hard -mthumb -Wl,--start-group -lc -lm -Wl,--end-group
C:/ST/STM32CubeIDE_1.15.1/STM32CubeIDE/plugins/com.st.stm32cube.ide.mcu.externaltools.gnu-tools-for-stm32.12.3.rel1.win32_1.0.100.202403111256/tools/bin/../lib/gcc/arm-none-eabi/12.3.1/../../../../arm-none-eabi/bin/ld.exe: ./Core/Src/main.o: in function `main':
D:/ITI/Graduation_Project/Final_Proj/Final/Debug/../Core/Src/main.c:173: undefined reference to `xSemaphoreCreateBinary'
C:/ST/STM32CubeIDE_1.15.1/STM32CubeIDE/plugins/com.st.stm32cube.ide.mcu.externaltools.gnu-tools-for-stm32.12.3.rel1.win32_1.0.100.202403111256/tools/bin/../lib/gcc/arm-none-eabi/12.3.1/../../../../arm-none-eabi/bin/ld.exe: D:/ITI/Graduation_Project/Final_Proj/Final/Debug/../Core/Src/main.c:176: undefined reference to `xSemaphoreCreateBinary'
C:/ST/STM32CubeIDE_1.15.1/STM32CubeIDE/plugins/com.st.stm32cube.ide.mcu.externaltools.gnu-tools-for-stm32.12.3.rel1.win32_1.0.100.202403111256/tools/bin/../lib/gcc/arm-none-eabi/12.3.1/../../../../arm-none-eabi/bin/ld.exe: D:/ITI/Graduation_Project/Final_Proj/Final/Debug/../Core/Src/main.c:179: undefined reference to `xSemaphoreCreateBinary'
collect2.exe: error: ld returned 1 exit status
make[1]: *** [makefile:72: Final.elf] Error 1
make: *** [makefile:65: all] Error 2
"make -j8 all" terminated with exit code 2. Build might be incomplete.
17:11:26 **** Incremental Build of configuration Debug for project Final ****
make -j8 all 
gdawrf-2
make[1]: [makefile:97: pre-build] Error -1 (ignored)
 
arm-none-eabi-gcc "../Core/Src/main.c" -mcpu=cortex-m4 -std=gnu11 -g3 -DDEBUG -DUSE_HAL_DRIVER -DSTM32F401xC -c -I../Core/Inc -I../Drivers/STM32F4xx_HAL_Driver/Inc -I../Drivers/STM32F4xx_HAL_Driver/Inc/Legacy -I../Drivers/CMSIS/Device/ST/STM32F4xx/Include -I../Drivers/CMSIS/Include -I../Middlewares/Third_Party/FreeRTOS/Source/include -I../Middlewares/Third_Party/FreeRTOS/Source/portable/GCC/ARM_CM4F -I../Middlewares/Third_Party/FreeRTOS/Source/CMSIS_RTOS_V2 -O0 -ffunction-sections -fdata-sections -Wall -fstack-usage -fcyclomatic-complexity -MMD -MP -MF"Core/Src/main.d" -MT"Core/Src/main.o" --specs=nano.specs -mfpu=fpv4-sp-d16 -mfloat-abi=hard -mthumb -o "Core/Src/main.o"
arm-none-eabi-gcc -o "Final.elf" @"objects.list"   -mcpu=cortex-m4 -T"D:\ITI\Graduation_Project\Final_Proj\Final\STM32F401RCTX_FLASH.ld" --specs=nosys.specs -Wl,-Map="Final.map" -Wl,--gc-sections -static --specs=nano.specs -mfpu=fpv4-sp-d16 -mfloat-abi=hard -mthumb -Wl,--start-group -lc -lm -Wl,--end-group
Finished building target: Final.elf
 
arm-none-eabi-size  Final.elf 
arm-none-eabi-objdump -h -S Final.elf  > "Final.list"
arm-none-eabi-objcopy  -O ihex Final.elf  "Final.hex"
   text	   data	    bss	    dec	    hex	filename
  34688	    108	  21252	  56048	   daf0	Final.elf
Finished building: default.size.stdout
 
Finished building: Final.hex
 
Finished building: Final.list
 
17:40:51 **** Incremental Build of configuration Debug for project Final ****
make -j8 all 
gdawrf-2
make[1]: [makefile:97: pre-build] Error -1 (ignored)
 
arm-none-eabi-gcc "../Core/Src/Communication.c" -mcpu=cortex-m4 -std=gnu11 -g3 -DDEBUG -DUSE_HAL_DRIVER -DSTM32F401xC -c -I../Core/Inc -I../Drivers/STM32F4xx_HAL_Driver/Inc -I../Drivers/STM32F4xx_HAL_Driver/Inc/Legacy -I../Drivers/CMSIS/Device/ST/STM32F4xx/Include -I../Drivers/CMSIS/Include -I../Middlewares/Third_Party/FreeRTOS/Source/include -I../Middlewares/Third_Party/FreeRTOS/Source/portable/GCC/ARM_CM4F -I../Middlewares/Third_Party/FreeRTOS/Source/CMSIS_RTOS_V2 -O0 -ffunction-sections -fdata-sections -Wall -fstack-usage -fcyclomatic-complexity -MMD -MP -MF"Core/Src/Communication.d" -MT"Core/Src/Communication.o" --specs=nano.specs -mfpu=fpv4-sp-d16 -mfloat-abi=hard -mthumb -o "Core/Src/Communication.o"
arm-none-eabi-gcc "../Core/Src/Controlling.c" -mcpu=cortex-m4 -std=gnu11 -g3 -DDEBUG -DUSE_HAL_DRIVER -DSTM32F401xC -c -I../Core/Inc -I../Drivers/STM32F4xx_HAL_Driver/Inc -I../Drivers/STM32F4xx_HAL_Driver/Inc/Legacy -I../Drivers/CMSIS/Device/ST/STM32F4xx/Include -I../Drivers/CMSIS/Include -I../Middlewares/Third_Party/FreeRTOS/Source/include -I../Middlewares/Third_Party/FreeRTOS/Source/portable/GCC/ARM_CM4F -I../Middlewares/Third_Party/FreeRTOS/Source/CMSIS_RTOS_V2 -O0 -ffunction-sections -fdata-sections -Wall -fstack-usage -fcyclomatic-complexity -MMD -MP -MF"Core/Src/Controlling.d" -MT"Core/Src/Controlling.o" --specs=nano.specs -mfpu=fpv4-sp-d16 -mfloat-abi=hard -mthumb -o "Core/Src/Controlling.o"
arm-none-eabi-gcc "../Core/Src/getSteering.c" -mcpu=cortex-m4 -std=gnu11 -g3 -DDEBUG -DUSE_HAL_DRIVER -DSTM32F401xC -c -I../Core/Inc -I../Drivers/STM32F4xx_HAL_Driver/Inc -I../Drivers/STM32F4xx_HAL_Driver/Inc/Legacy -I../Drivers/CMSIS/Device/ST/STM32F4xx/Include -I../Drivers/CMSIS/Include -I../Middlewares/Third_Party/FreeRTOS/Source/include -I../Middlewares/Third_Party/FreeRTOS/Source/portable/GCC/ARM_CM4F -I../Middlewares/Third_Party/FreeRTOS/Source/CMSIS_RTOS_V2 -O0 -ffunction-sections -fdata-sections -Wall -fstack-usage -fcyclomatic-complexity -MMD -MP -MF"Core/Src/getSteering.d" -MT"Core/Src/getSteering.o" --specs=nano.specs -mfpu=fpv4-sp-d16 -mfloat-abi=hard -mthumb -o "Core/Src/getSteering.o"
../Core/Src/Communication.c: In function 'Communication':
../Core/Src/Communication.c:154:21: warning: implicit declaration of function 'printf' [-Wimplicit-function-declaration]
  154 |                     printf("UART receive error (remaining bytes): %d\n", uart_status);
      |                     ^~~~~~
../Core/Src/Communication.c:13:1: note: include '<stdio.h>' or provide a declaration of 'printf'
   12 | #include "semphr.h"
  +++ |+#include <stdio.h>
   13 | 
../Core/Src/Communication.c:154:21: warning: incompatible implicit declaration of built-in function 'printf' [-Wbuiltin-declaration-mismatch]
  154 |                     printf("UART receive error (remaining bytes): %d\n", uart_status);
      |                     ^~~~~~
../Core/Src/Communication.c:154:21: note: include '<stdio.h>' or provide a declaration of 'printf'
../Core/Src/Controlling.c: In function 'checkClutchValue':
../Core/Src/Controlling.c:198:65: warning: bitwise comparison always evaluates to false [-Wtautological-compare]
  198 |         else if((steering_data.buttons & CLUTCH_DECREMENT_MASK) == 1)
      |                                                                 ^~
arm-none-eabi-gcc -o "Final.elf" @"objects.list"   -mcpu=cortex-m4 -T"D:\ITI\Graduation_Project\Final_Proj\Final\STM32F401RCTX_FLASH.ld" --specs=nosys.specs -Wl,-Map="Final.map" -Wl,--gc-sections -static --specs=nano.specs -mfpu=fpv4-sp-d16 -mfloat-abi=hard -mthumb -Wl,--start-group -lc -lm -Wl,--end-group
Finished building target: Final.elf
 
arm-none-eabi-size  Final.elf 
arm-none-eabi-objdump -h -S Final.elf  > "Final.list"
arm-none-eabi-objcopy  -O ihex Final.elf  "Final.hex"
   text	   data	    bss	    dec	    hex	filename
  34784	    108	  21252	  56144	   db50	Final.elf
Finished building: default.size.stdout
 
Finished building: Final.hex
 
Finished building: Final.list
 
17:45:51 **** Incremental Build of configuration Debug for project Final ****
make -j8 all 
gdawrf-2
make[1]: [makefile:97: pre-build] Error -1 (ignored)
 
arm-none-eabi-gcc "../Core/Src/Controlling.c" -mcpu=cortex-m4 -std=gnu11 -g3 -DDEBUG -DUSE_HAL_DRIVER -DSTM32F401xC -c -I../Core/Inc -I../Drivers/STM32F4xx_HAL_Driver/Inc -I../Drivers/STM32F4xx_HAL_Driver/Inc/Legacy -I../Drivers/CMSIS/Device/ST/STM32F4xx/Include -I../Drivers/CMSIS/Include -I../Middlewares/Third_Party/FreeRTOS/Source/include -I../Middlewares/Third_Party/FreeRTOS/Source/portable/GCC/ARM_CM4F -I../Middlewares/Third_Party/FreeRTOS/Source/CMSIS_RTOS_V2 -O0 -ffunction-sections -fdata-sections -Wall -fstack-usage -fcyclomatic-complexity -MMD -MP -MF"Core/Src/Controlling.d" -MT"Core/Src/Controlling.o" --specs=nano.specs -mfpu=fpv4-sp-d16 -mfloat-abi=hard -mthumb -o "Core/Src/Controlling.o"
../Core/Src/Controlling.c: In function 'checkClutchValue':
../Core/Src/Controlling.c:199:65: warning: bitwise comparison always evaluates to false [-Wtautological-compare]
  199 |         else if((steering_data.buttons & CLUTCH_DECREMENT_MASK) == 1)
      |                                                                 ^~
arm-none-eabi-gcc -o "Final.elf" @"objects.list"   -mcpu=cortex-m4 -T"D:\ITI\Graduation_Project\Final_Proj\Final\STM32F401RCTX_FLASH.ld" --specs=nosys.specs -Wl,-Map="Final.map" -Wl,--gc-sections -static --specs=nano.specs -mfpu=fpv4-sp-d16 -mfloat-abi=hard -mthumb -Wl,--start-group -lc -lm -Wl,--end-group
Finished building target: Final.elf
 
arm-none-eabi-size  Final.elf 
arm-none-eabi-objdump -h -S Final.elf  > "Final.list"
arm-none-eabi-objcopy  -O ihex Final.elf  "Final.hex"
   text	   data	    bss	    dec	    hex	filename
  34784	    108	  21252	  56144	   db50	Final.elf
Finished building: default.size.stdout
 
Finished building: Final.hex
 
Finished building: Final.list
 
17:46:09 **** Incremental Build of configuration Debug for project Final ****
make -j8 all 
gdawrf-2
make[1]: [makefile:97: pre-build] Error -1 (ignored)
 
arm-none-eabi-size  Final.elf 
   text	   data	    bss	    dec	    hex	filename
  34784	    108	  21252	  56144	   db50	Final.elf
Finished building: default.size.stdout
 
17:50:41 **** Incremental Build of configuration Debug for project Final ****
make -j8 all 
gdawrf-2
make[1]: [makefile:97: pre-build] Error -1 (ignored)
 
arm-none-eabi-gcc "../Core/Src/Communication.c" -mcpu=cortex-m4 -std=gnu11 -g3 -DDEBUG -DUSE_HAL_DRIVER -DSTM32F401xC -c -I../Core/Inc -I../Drivers/STM32F4xx_HAL_Driver/Inc -I../Drivers/STM32F4xx_HAL_Driver/Inc/Legacy -I../Drivers/CMSIS/Device/ST/STM32F4xx/Include -I../Drivers/CMSIS/Include -I../Middlewares/Third_Party/FreeRTOS/Source/include -I../Middlewares/Third_Party/FreeRTOS/Source/portable/GCC/ARM_CM4F -I../Middlewares/Third_Party/FreeRTOS/Source/CMSIS_RTOS_V2 -O0 -ffunction-sections -fdata-sections -Wall -fstack-usage -fcyclomatic-complexity -MMD -MP -MF"Core/Src/Communication.d" -MT"Core/Src/Communication.o" --specs=nano.specs -mfpu=fpv4-sp-d16 -mfloat-abi=hard -mthumb -o "Core/Src/Communication.o"
arm-none-eabi-gcc "../Core/Src/Controlling.c" -mcpu=cortex-m4 -std=gnu11 -g3 -DDEBUG -DUSE_HAL_DRIVER -DSTM32F401xC -c -I../Core/Inc -I../Drivers/STM32F4xx_HAL_Driver/Inc -I../Drivers/STM32F4xx_HAL_Driver/Inc/Legacy -I../Drivers/CMSIS/Device/ST/STM32F4xx/Include -I../Drivers/CMSIS/Include -I../Middlewares/Third_Party/FreeRTOS/Source/include -I../Middlewares/Third_Party/FreeRTOS/Source/portable/GCC/ARM_CM4F -I../Middlewares/Third_Party/FreeRTOS/Source/CMSIS_RTOS_V2 -O0 -ffunction-sections -fdata-sections -Wall -fstack-usage -fcyclomatic-complexity -MMD -MP -MF"Core/Src/Controlling.d" -MT"Core/Src/Controlling.o" --specs=nano.specs -mfpu=fpv4-sp-d16 -mfloat-abi=hard -mthumb -o "Core/Src/Controlling.o"
arm-none-eabi-gcc "../Core/Src/getSteering.c" -mcpu=cortex-m4 -std=gnu11 -g3 -DDEBUG -DUSE_HAL_DRIVER -DSTM32F401xC -c -I../Core/Inc -I../Drivers/STM32F4xx_HAL_Driver/Inc -I../Drivers/STM32F4xx_HAL_Driver/Inc/Legacy -I../Drivers/CMSIS/Device/ST/STM32F4xx/Include -I../Drivers/CMSIS/Include -I../Middlewares/Third_Party/FreeRTOS/Source/include -I../Middlewares/Third_Party/FreeRTOS/Source/portable/GCC/ARM_CM4F -I../Middlewares/Third_Party/FreeRTOS/Source/CMSIS_RTOS_V2 -O0 -ffunction-sections -fdata-sections -Wall -fstack-usage -fcyclomatic-complexity -MMD -MP -MF"Core/Src/getSteering.d" -MT"Core/Src/getSteering.o" --specs=nano.specs -mfpu=fpv4-sp-d16 -mfloat-abi=hard -mthumb -o "Core/Src/getSteering.o"
../Core/Src/Controlling.c: In function 'checkClutchValue':
../Core/Src/Controlling.c:200:65: warning: bitwise comparison always evaluates to false [-Wtautological-compare]
  200 |         else if((steering_data.buttons & CLUTCH_DECREMENT_MASK) == 1)
      |                                                                 ^~
../Core/Src/Communication.c: In function 'Communication':
../Core/Src/Communication.c:154:21: warning: implicit declaration of function 'printf' [-Wimplicit-function-declaration]
  154 |                     printf("UART receive error (remaining bytes): %d\n", uart_status);
      |                     ^~~~~~
../Core/Src/Communication.c:13:1: note: include '<stdio.h>' or provide a declaration of 'printf'
   12 | #include "semphr.h"
  +++ |+#include <stdio.h>
   13 | 
../Core/Src/Communication.c:154:21: warning: incompatible implicit declaration of built-in function 'printf' [-Wbuiltin-declaration-mismatch]
  154 |                     printf("UART receive error (remaining bytes): %d\n", uart_status);
      |                     ^~~~~~
../Core/Src/Communication.c:154:21: note: include '<stdio.h>' or provide a declaration of 'printf'
arm-none-eabi-gcc -o "Final.elf" @"objects.list"   -mcpu=cortex-m4 -T"D:\ITI\Graduation_Project\Final_Proj\Final\STM32F401RCTX_FLASH.ld" --specs=nosys.specs -Wl,-Map="Final.map" -Wl,--gc-sections -static --specs=nano.specs -mfpu=fpv4-sp-d16 -mfloat-abi=hard -mthumb -Wl,--start-group -lc -lm -Wl,--end-group
Finished building target: Final.elf
 
arm-none-eabi-size  Final.elf 
arm-none-eabi-objdump -h -S Final.elf  > "Final.list"
arm-none-eabi-objcopy  -O ihex Final.elf  "Final.hex"
   text	   data	    bss	    dec	    hex	filename
  34688	    108	  21252	  56048	   daf0	Final.elf
Finished building: default.size.stdout
 
Finished building: Final.hex
 
Finished building: Final.list
 
17:50:49 **** Incremental Build of configuration Debug for project Final ****
make -j8 all 
gdawrf-2
make[1]: [makefile:97: pre-build] Error -1 (ignored)
 
arm-none-eabi-size  Final.elf 
   text	   data	    bss	    dec	    hex	filename
  34688	    108	  21252	  56048	   daf0	Final.elf
Finished building: default.size.stdout
 
17:51:08 **** Incremental Build of configuration Debug for project Final ****
make -j8 all 
gdawrf-2
make[1]: [makefile:97: pre-build] Error -1 (ignored)
 
arm-none-eabi-size  Final.elf 
   text	   data	    bss	    dec	    hex	filename
  34688	    108	  21252	  56048	   daf0	Final.elf
Finished building: default.size.stdout
 
17:51:37 **** Incremental Build of configuration Debug for project Final ****
make -j8 all 
gdawrf-2
make[1]: [makefile:97: pre-build] Error -1 (ignored)
 
arm-none-eabi-size  Final.elf 
   text	   data	    bss	    dec	    hex	filename
  34688	    108	  21252	  56048	   daf0	Final.elf
Finished building: default.size.stdout
 
18:36:55 **** Incremental Build of configuration Debug for project Final ****
make -j8 all 
gdawrf-2
make[1]: [makefile:97: pre-build] Error -1 (ignored)
 
arm-none-eabi-gcc "../Core/Src/Communication.c" -mcpu=cortex-m4 -std=gnu11 -g3 -DDEBUG -DUSE_HAL_DRIVER -DSTM32F401xC -c -I../Core/Inc -I../Drivers/STM32F4xx_HAL_Driver/Inc -I../Drivers/STM32F4xx_HAL_Driver/Inc/Legacy -I../Drivers/CMSIS/Device/ST/STM32F4xx/Include -I../Drivers/CMSIS/Include -I../Middlewares/Third_Party/FreeRTOS/Source/include -I../Middlewares/Third_Party/FreeRTOS/Source/portable/GCC/ARM_CM4F -I../Middlewares/Third_Party/FreeRTOS/Source/CMSIS_RTOS_V2 -O0 -ffunction-sections -fdata-sections -Wall -fstack-usage -fcyclomatic-complexity -MMD -MP -MF"Core/Src/Communication.d" -MT"Core/Src/Communication.o" --specs=nano.specs -mfpu=fpv4-sp-d16 -mfloat-abi=hard -mthumb -o "Core/Src/Communication.o"
arm-none-eabi-gcc "../Core/Src/Controlling.c" -mcpu=cortex-m4 -std=gnu11 -g3 -DDEBUG -DUSE_HAL_DRIVER -DSTM32F401xC -c -I../Core/Inc -I../Drivers/STM32F4xx_HAL_Driver/Inc -I../Drivers/STM32F4xx_HAL_Driver/Inc/Legacy -I../Drivers/CMSIS/Device/ST/STM32F4xx/Include -I../Drivers/CMSIS/Include -I../Middlewares/Third_Party/FreeRTOS/Source/include -I../Middlewares/Third_Party/FreeRTOS/Source/portable/GCC/ARM_CM4F -I../Middlewares/Third_Party/FreeRTOS/Source/CMSIS_RTOS_V2 -O0 -ffunction-sections -fdata-sections -Wall -fstack-usage -fcyclomatic-complexity -MMD -MP -MF"Core/Src/Controlling.d" -MT"Core/Src/Controlling.o" --specs=nano.specs -mfpu=fpv4-sp-d16 -mfloat-abi=hard -mthumb -o "Core/Src/Controlling.o"
arm-none-eabi-gcc "../Core/Src/main.c" -mcpu=cortex-m4 -std=gnu11 -g3 -DDEBUG -DUSE_HAL_DRIVER -DSTM32F401xC -c -I../Core/Inc -I../Drivers/STM32F4xx_HAL_Driver/Inc -I../Drivers/STM32F4xx_HAL_Driver/Inc/Legacy -I../Drivers/CMSIS/Device/ST/STM32F4xx/Include -I../Drivers/CMSIS/Include -I../Middlewares/Third_Party/FreeRTOS/Source/include -I../Middlewares/Third_Party/FreeRTOS/Source/portable/GCC/ARM_CM4F -I../Middlewares/Third_Party/FreeRTOS/Source/CMSIS_RTOS_V2 -O0 -ffunction-sections -fdata-sections -Wall -fstack-usage -fcyclomatic-complexity -MMD -MP -MF"Core/Src/main.d" -MT"Core/Src/main.o" --specs=nano.specs -mfpu=fpv4-sp-d16 -mfloat-abi=hard -mthumb -o "Core/Src/main.o"
../Core/Src/Communication.c: In function 'Communication':
../Core/Src/Communication.c:154:21: warning: implicit declaration of function 'printf' [-Wimplicit-function-declaration]
  154 |                     printf("UART receive error (remaining bytes): %d\n", uart_status);
      |                     ^~~~~~
../Core/Src/Communication.c:13:1: note: include '<stdio.h>' or provide a declaration of 'printf'
   12 | #include "semphr.h"
  +++ |+#include <stdio.h>
   13 | 
../Core/Src/Communication.c:154:21: warning: incompatible implicit declaration of built-in function 'printf' [-Wbuiltin-declaration-mismatch]
  154 |                     printf("UART receive error (remaining bytes): %d\n", uart_status);
      |                     ^~~~~~
../Core/Src/Communication.c:154:21: note: include '<stdio.h>' or provide a declaration of 'printf'
../Core/Src/Controlling.c: In function 'Controlling':
../Core/Src/Controlling.c:142:32: error: 'htim3' undeclared (first use in this function); did you mean 'htim1'?
  142 |         HAL_TIM_Encoder_Start(&htim3, TIM_CHANNEL_ALL);
      |                                ^~~~~
      |                                htim1
../Core/Src/Controlling.c:142:32: note: each undeclared identifier is reported only once for each function it appears in
../Core/Src/Controlling.c: In function 'checkClutchValue':
../Core/Src/Controlling.c:201:65: warning: bitwise comparison always evaluates to false [-Wtautological-compare]
  201 |         else if((steering_data.buttons & CLUTCH_DECREMENT_MASK) == 1)
      |                                                                 ^~
make[1]: *** [Core/Src/subdir.mk:49: Core/Src/Controlling.o] Error 1
make[1]: *** Waiting for unfinished jobs....
make: *** [makefile:65: all] Error 2
"make -j8 all" terminated with exit code 2. Build might be incomplete.
18:37:46 **** Incremental Build of configuration Debug for project Final ****
make -j8 all 
gdawrf-2
make[1]: [makefile:97: pre-build] Error -1 (ignored)
 
arm-none-eabi-gcc "../Core/Src/Controlling.c" -mcpu=cortex-m4 -std=gnu11 -g3 -DDEBUG -DUSE_HAL_DRIVER -DSTM32F401xC -c -I../Core/Inc -I../Drivers/STM32F4xx_HAL_Driver/Inc -I../Drivers/STM32F4xx_HAL_Driver/Inc/Legacy -I../Drivers/CMSIS/Device/ST/STM32F4xx/Include -I../Drivers/CMSIS/Include -I../Middlewares/Third_Party/FreeRTOS/Source/include -I../Middlewares/Third_Party/FreeRTOS/Source/portable/GCC/ARM_CM4F -I../Middlewares/Third_Party/FreeRTOS/Source/CMSIS_RTOS_V2 -O0 -ffunction-sections -fdata-sections -Wall -fstack-usage -fcyclomatic-complexity -MMD -MP -MF"Core/Src/Controlling.d" -MT"Core/Src/Controlling.o" --specs=nano.specs -mfpu=fpv4-sp-d16 -mfloat-abi=hard -mthumb -o "Core/Src/Controlling.o"
../Core/Src/Controlling.c: In function 'checkClutchValue':
../Core/Src/Controlling.c:203:65: warning: bitwise comparison always evaluates to false [-Wtautological-compare]
  203 |         else if((steering_data.buttons & CLUTCH_DECREMENT_MASK) == 1)
      |                                                                 ^~
arm-none-eabi-gcc -o "Final.elf" @"objects.list"   -mcpu=cortex-m4 -T"D:\ITI\Graduation_Project\Final_Proj\Final\STM32F401RCTX_FLASH.ld" --specs=nosys.specs -Wl,-Map="Final.map" -Wl,--gc-sections -static --specs=nano.specs -mfpu=fpv4-sp-d16 -mfloat-abi=hard -mthumb -Wl,--start-group -lc -lm -Wl,--end-group
C:/ST/STM32CubeIDE_1.15.1/STM32CubeIDE/plugins/com.st.stm32cube.ide.mcu.externaltools.gnu-tools-for-stm32.12.3.rel1.win32_1.0.100.202403111256/tools/bin/../lib/gcc/arm-none-eabi/12.3.1/../../../../arm-none-eabi/bin/ld.exe: ./Core/Src/getSteering.o:D:/ITI/Graduation_Project/Final_Proj/Final/Debug/../Core/Src/getSteering.c:19: multiple definition of `position'; ./Core/Src/Controlling.o:D:/ITI/Graduation_Project/Final_Proj/Final/Debug/../Core/Src/Controlling.c:76: first defined here
collect2.exe: error: ld returned 1 exit status
make[1]: *** [makefile:72: Final.elf] Error 1
make: *** [makefile:65: all] Error 2
"make -j8 all" terminated with exit code 2. Build might be incomplete.
18:38:53 **** Incremental Build of configuration Debug for project Final ****
make -j8 all 
gdawrf-2
make[1]: [makefile:97: pre-build] Error -1 (ignored)
 
arm-none-eabi-gcc "../Core/Src/getSteering.c" -mcpu=cortex-m4 -std=gnu11 -g3 -DDEBUG -DUSE_HAL_DRIVER -DSTM32F401xC -c -I../Core/Inc -I../Drivers/STM32F4xx_HAL_Driver/Inc -I../Drivers/STM32F4xx_HAL_Driver/Inc/Legacy -I../Drivers/CMSIS/Device/ST/STM32F4xx/Include -I../Drivers/CMSIS/Include -I../Middlewares/Third_Party/FreeRTOS/Source/include -I../Middlewares/Third_Party/FreeRTOS/Source/portable/GCC/ARM_CM4F -I../Middlewares/Third_Party/FreeRTOS/Source/CMSIS_RTOS_V2 -O0 -ffunction-sections -fdata-sections -Wall -fstack-usage -fcyclomatic-complexity -MMD -MP -MF"Core/Src/getSteering.d" -MT"Core/Src/getSteering.o" --specs=nano.specs -mfpu=fpv4-sp-d16 -mfloat-abi=hard -mthumb -o "Core/Src/getSteering.o"
../Core/Src/getSteering.c: In function 'getSteeringPosition':
../Core/Src/getSteering.c:23:32: error: 'htim3' undeclared (first use in this function)
   23 |         HAL_TIM_Encoder_Start(&htim3, TIM_CHANNEL_ALL);
      |                                ^~~~~
../Core/Src/getSteering.c:23:32: note: each undeclared identifier is reported only once for each function it appears in
../Core/Src/getSteering.c:29:17: error: 'position' undeclared (first use in this function)
   29 |                 position = (int32_t)(int16_t)TIM3->CNT;
      |                 ^~~~~~~~
make[1]: *** [Core/Src/subdir.mk:49: Core/Src/getSteering.o] Error 1
make: *** [makefile:65: all] Error 2
"make -j8 all" terminated with exit code 2. Build might be incomplete.
18:39:41 **** Incremental Build of configuration Debug for project Final ****
make -j8 all 
gdawrf-2
make[1]: [makefile:97: pre-build] Error -1 (ignored)
 
arm-none-eabi-gcc "../Core/Src/getSteering.c" -mcpu=cortex-m4 -std=gnu11 -g3 -DDEBUG -DUSE_HAL_DRIVER -DSTM32F401xC -c -I../Core/Inc -I../Drivers/STM32F4xx_HAL_Driver/Inc -I../Drivers/STM32F4xx_HAL_Driver/Inc/Legacy -I../Drivers/CMSIS/Device/ST/STM32F4xx/Include -I../Drivers/CMSIS/Include -I../Middlewares/Third_Party/FreeRTOS/Source/include -I../Middlewares/Third_Party/FreeRTOS/Source/portable/GCC/ARM_CM4F -I../Middlewares/Third_Party/FreeRTOS/Source/CMSIS_RTOS_V2 -O0 -ffunction-sections -fdata-sections -Wall -fstack-usage -fcyclomatic-complexity -MMD -MP -MF"Core/Src/getSteering.d" -MT"Core/Src/getSteering.o" --specs=nano.specs -mfpu=fpv4-sp-d16 -mfloat-abi=hard -mthumb -o "Core/Src/getSteering.o"
arm-none-eabi-gcc -o "Final.elf" @"objects.list"   -mcpu=cortex-m4 -T"D:\ITI\Graduation_Project\Final_Proj\Final\STM32F401RCTX_FLASH.ld" --specs=nosys.specs -Wl,-Map="Final.map" -Wl,--gc-sections -static --specs=nano.specs -mfpu=fpv4-sp-d16 -mfloat-abi=hard -mthumb -Wl,--start-group -lc -lm -Wl,--end-group
Finished building target: Final.elf
 
arm-none-eabi-size  Final.elf 
arm-none-eabi-objdump -h -S Final.elf  > "Final.list"
arm-none-eabi-objcopy  -O ihex Final.elf  "Final.hex"
   text	   data	    bss	    dec	    hex	filename
  34572	    108	  21244	  55924	   da74	Final.elf
Finished building: default.size.stdout
 
Finished building: Final.hex
 
Finished building: Final.list
 
18:47:25 **** Incremental Build of configuration Debug for project Final ****
make -j8 all 
gdawrf-2
make[1]: [makefile:97: pre-build] Error -1 (ignored)
 
arm-none-eabi-gcc "../Core/Src/Communication.c" -mcpu=cortex-m4 -std=gnu11 -g3 -DDEBUG -DUSE_HAL_DRIVER -DSTM32F401xC -c -I../Core/Inc -I../Drivers/STM32F4xx_HAL_Driver/Inc -I../Drivers/STM32F4xx_HAL_Driver/Inc/Legacy -I../Drivers/CMSIS/Device/ST/STM32F4xx/Include -I../Drivers/CMSIS/Include -I../Middlewares/Third_Party/FreeRTOS/Source/include -I../Middlewares/Third_Party/FreeRTOS/Source/portable/GCC/ARM_CM4F -I../Middlewares/Third_Party/FreeRTOS/Source/CMSIS_RTOS_V2 -O0 -ffunction-sections -fdata-sections -Wall -fstack-usage -fcyclomatic-complexity -MMD -MP -MF"Core/Src/Communication.d" -MT"Core/Src/Communication.o" --specs=nano.specs -mfpu=fpv4-sp-d16 -mfloat-abi=hard -mthumb -o "Core/Src/Communication.o"
../Core/Src/Communication.c: In function 'Communication':
../Core/Src/Communication.c:142:78: warning: passing argument 2 of 'HAL_UART_Receive' makes pointer from integer without a cast [-Wint-conversion]
  142 |                         uart_status = HAL_UART_Receive(&huart2,uart_rx_buffer[i],1 ,HAL_MAX_DELAY);
      |                                                                ~~~~~~~~~~~~~~^~~
      |                                                                              |
      |                                                                              uint8_t {aka unsigned char}
In file included from ../Core/Inc/stm32f4xx_hal_conf.h:411,
                 from ../Drivers/STM32F4xx_HAL_Driver/Inc/stm32f4xx_hal.h:29,
                 from ../Core/Src/Communication.c:7:
../Drivers/STM32F4xx_HAL_Driver/Inc/stm32f4xx_hal_uart.h:746:72: note: expected 'uint8_t *' {aka 'unsigned char *'} but argument is of type 'uint8_t' {aka 'unsigned char'}
  746 | HAL_StatusTypeDef HAL_UART_Receive(UART_HandleTypeDef *huart, uint8_t *pData, uint16_t Size, uint32_t Timeout);
      |                                                               ~~~~~~~~~^~~~~
../Core/Src/Communication.c:158:21: warning: implicit declaration of function 'printf' [-Wimplicit-function-declaration]
  158 |                     printf("UART receive error (remaining bytes): %d\n", uart_status);
      |                     ^~~~~~
../Core/Src/Communication.c:13:1: note: include '<stdio.h>' or provide a declaration of 'printf'
   12 | #include "semphr.h"
  +++ |+#include <stdio.h>
   13 | 
../Core/Src/Communication.c:158:21: warning: incompatible implicit declaration of built-in function 'printf' [-Wbuiltin-declaration-mismatch]
  158 |                     printf("UART receive error (remaining bytes): %d\n", uart_status);
      |                     ^~~~~~
../Core/Src/Communication.c:158:21: note: include '<stdio.h>' or provide a declaration of 'printf'
arm-none-eabi-gcc -o "Final.elf" @"objects.list"   -mcpu=cortex-m4 -T"D:\ITI\Graduation_Project\Final_Proj\Final\STM32F401RCTX_FLASH.ld" --specs=nosys.specs -Wl,-Map="Final.map" -Wl,--gc-sections -static --specs=nano.specs -mfpu=fpv4-sp-d16 -mfloat-abi=hard -mthumb -Wl,--start-group -lc -lm -Wl,--end-group
Finished building target: Final.elf
 
arm-none-eabi-size  Final.elf 
arm-none-eabi-objdump -h -S Final.elf  > "Final.list"
arm-none-eabi-objcopy  -O ihex Final.elf  "Final.hex"
   text	   data	    bss	    dec	    hex	filename
  34588	    108	  21244	  55940	   da84	Final.elf
Finished building: default.size.stdout
 
Finished building: Final.hex
 
Finished building: Final.list
 
18:48:57 **** Incremental Build of configuration Debug for project Final ****
make -j8 all 
gdawrf-2
make[1]: [makefile:97: pre-build] Error -1 (ignored)
 
arm-none-eabi-gcc "../Core/Src/Communication.c" -mcpu=cortex-m4 -std=gnu11 -g3 -DDEBUG -DUSE_HAL_DRIVER -DSTM32F401xC -c -I../Core/Inc -I../Drivers/STM32F4xx_HAL_Driver/Inc -I../Drivers/STM32F4xx_HAL_Driver/Inc/Legacy -I../Drivers/CMSIS/Device/ST/STM32F4xx/Include -I../Drivers/CMSIS/Include -I../Middlewares/Third_Party/FreeRTOS/Source/include -I../Middlewares/Third_Party/FreeRTOS/Source/portable/GCC/ARM_CM4F -I../Middlewares/Third_Party/FreeRTOS/Source/CMSIS_RTOS_V2 -O0 -ffunction-sections -fdata-sections -Wall -fstack-usage -fcyclomatic-complexity -MMD -MP -MF"Core/Src/Communication.d" -MT"Core/Src/Communication.o" --specs=nano.specs -mfpu=fpv4-sp-d16 -mfloat-abi=hard -mthumb -o "Core/Src/Communication.o"
../Core/Src/Communication.c: In function 'Communication':
../Core/Src/Communication.c:158:21: warning: implicit declaration of function 'printf' [-Wimplicit-function-declaration]
  158 |                     printf("UART receive error (remaining bytes): %d\n", uart_status);
      |                     ^~~~~~
../Core/Src/Communication.c:13:1: note: include '<stdio.h>' or provide a declaration of 'printf'
   12 | #include "semphr.h"
  +++ |+#include <stdio.h>
   13 | 
../Core/Src/Communication.c:158:21: warning: incompatible implicit declaration of built-in function 'printf' [-Wbuiltin-declaration-mismatch]
  158 |                     printf("UART receive error (remaining bytes): %d\n", uart_status);
      |                     ^~~~~~
../Core/Src/Communication.c:158:21: note: include '<stdio.h>' or provide a declaration of 'printf'
arm-none-eabi-gcc -o "Final.elf" @"objects.list"   -mcpu=cortex-m4 -T"D:\ITI\Graduation_Project\Final_Proj\Final\STM32F401RCTX_FLASH.ld" --specs=nosys.specs -Wl,-Map="Final.map" -Wl,--gc-sections -static --specs=nano.specs -mfpu=fpv4-sp-d16 -mfloat-abi=hard -mthumb -Wl,--start-group -lc -lm -Wl,--end-group
Finished building target: Final.elf
 
arm-none-eabi-size  Final.elf 
arm-none-eabi-objdump -h -S Final.elf  > "Final.list"
arm-none-eabi-objcopy  -O ihex Final.elf  "Final.hex"
   text	   data	    bss	    dec	    hex	filename
  34588	    108	  21244	  55940	   da84	Final.elf
Finished building: default.size.stdout
 
Finished building: Final.hex
 
Finished building: Final.list
 
19:08:58 **** Incremental Build of configuration Debug for project Final ****
make -j8 all 
gdawrf-2
make[1]: [makefile:97: pre-build] Error -1 (ignored)
 
arm-none-eabi-size  Final.elf 
   text	   data	    bss	    dec	    hex	filename
  34588	    108	  21244	  55940	   da84	Final.elf
Finished building: default.size.stdout
 
19:09:08 **** Incremental Build of configuration Debug for project Final ****
make -j8 all 
gdawrf-2
make[1]: [makefile:97: pre-build] Error -1 (ignored)
 
arm-none-eabi-size  Final.elf 
   text	   data	    bss	    dec	    hex	filename
  34588	    108	  21244	  55940	   da84	Final.elf
Finished building: default.size.stdout
 
19:13:57 **** Incremental Build of configuration Debug for project Final ****
make -j8 all 
gdawrf-2
make[1]: [makefile:97: pre-build] Error -1 (ignored)
 
arm-none-eabi-gcc "../Core/Src/Communication.c" -mcpu=cortex-m4 -std=gnu11 -g3 -DDEBUG -DUSE_HAL_DRIVER -DSTM32F401xC -c -I../Core/Inc -I../Drivers/STM32F4xx_HAL_Driver/Inc -I../Drivers/STM32F4xx_HAL_Driver/Inc/Legacy -I../Drivers/CMSIS/Device/ST/STM32F4xx/Include -I../Drivers/CMSIS/Include -I../Middlewares/Third_Party/FreeRTOS/Source/include -I../Middlewares/Third_Party/FreeRTOS/Source/portable/GCC/ARM_CM4F -I../Middlewares/Third_Party/FreeRTOS/Source/CMSIS_RTOS_V2 -O0 -ffunction-sections -fdata-sections -Wall -fstack-usage -fcyclomatic-complexity -MMD -MP -MF"Core/Src/Communication.d" -MT"Core/Src/Communication.o" --specs=nano.specs -mfpu=fpv4-sp-d16 -mfloat-abi=hard -mthumb -o "Core/Src/Communication.o"
../Core/Src/Communication.c: In function 'Communication':
../Core/Src/Communication.c:158:21: warning: implicit declaration of function 'printf' [-Wimplicit-function-declaration]
  158 |                     printf("UART receive error (remaining bytes): %d\n", uart_status);
      |                     ^~~~~~
../Core/Src/Communication.c:13:1: note: include '<stdio.h>' or provide a declaration of 'printf'
   12 | #include "semphr.h"
  +++ |+#include <stdio.h>
   13 | 
../Core/Src/Communication.c:158:21: warning: incompatible implicit declaration of built-in function 'printf' [-Wbuiltin-declaration-mismatch]
  158 |                     printf("UART receive error (remaining bytes): %d\n", uart_status);
      |                     ^~~~~~
../Core/Src/Communication.c:158:21: note: include '<stdio.h>' or provide a declaration of 'printf'
arm-none-eabi-gcc -o "Final.elf" @"objects.list"   -mcpu=cortex-m4 -T"D:\ITI\Graduation_Project\Final_Proj\Final\STM32F401RCTX_FLASH.ld" --specs=nosys.specs -Wl,-Map="Final.map" -Wl,--gc-sections -static --specs=nano.specs -mfpu=fpv4-sp-d16 -mfloat-abi=hard -mthumb -Wl,--start-group -lc -lm -Wl,--end-group
Finished building target: Final.elf
 
arm-none-eabi-size  Final.elf 
arm-none-eabi-objdump -h -S Final.elf  > "Final.list"
arm-none-eabi-objcopy  -O ihex Final.elf  "Final.hex"
   text	   data	    bss	    dec	    hex	filename
  34508	    108	  21236	  55852	   da2c	Final.elf
Finished building: default.size.stdout
 
Finished building: Final.hex
 
Finished building: Final.list
 
19:14:24 **** Incremental Build of configuration Debug for project Final ****
make -j8 all 
gdawrf-2
make[1]: [makefile:97: pre-build] Error -1 (ignored)
 
arm-none-eabi-size  Final.elf 
   text	   data	    bss	    dec	    hex	filename
  34508	    108	  21236	  55852	   da2c	Final.elf
Finished building: default.size.stdout
 
19:34:21 **** Incremental Build of configuration Debug for project Final ****
make -j8 all 
gdawrf-2
make[1]: [makefile:97: pre-build] Error -1 (ignored)
 
arm-none-eabi-gcc "../Core/Src/Communication.c" -mcpu=cortex-m4 -std=gnu11 -g3 -DDEBUG -DUSE_HAL_DRIVER -DSTM32F401xC -c -I../Core/Inc -I../Drivers/STM32F4xx_HAL_Driver/Inc -I../Drivers/STM32F4xx_HAL_Driver/Inc/Legacy -I../Drivers/CMSIS/Device/ST/STM32F4xx/Include -I../Drivers/CMSIS/Include -I../Middlewares/Third_Party/FreeRTOS/Source/include -I../Middlewares/Third_Party/FreeRTOS/Source/portable/GCC/ARM_CM4F -I../Middlewares/Third_Party/FreeRTOS/Source/CMSIS_RTOS_V2 -O0 -ffunction-sections -fdata-sections -Wall -fstack-usage -fcyclomatic-complexity -MMD -MP -MF"Core/Src/Communication.d" -MT"Core/Src/Communication.o" --specs=nano.specs -mfpu=fpv4-sp-d16 -mfloat-abi=hard -mthumb -o "Core/Src/Communication.o"
arm-none-eabi-gcc -o "Final.elf" @"objects.list"   -mcpu=cortex-m4 -T"D:\ITI\Graduation_Project\Final_Proj\Final\STM32F401RCTX_FLASH.ld" --specs=nosys.specs -Wl,-Map="Final.map" -Wl,--gc-sections -static --specs=nano.specs -mfpu=fpv4-sp-d16 -mfloat-abi=hard -mthumb -Wl,--start-group -lc -lm -Wl,--end-group
Finished building target: Final.elf
 
arm-none-eabi-size  Final.elf 
arm-none-eabi-objdump -h -S Final.elf  > "Final.list"
arm-none-eabi-objcopy  -O ihex Final.elf  "Final.hex"
   text	   data	    bss	    dec	    hex	filename
  30548	     96	  21232	  51876	   caa4	Final.elf
Finished building: default.size.stdout
 
Finished building: Final.hex
 
Finished building: Final.list
 
19:54:48 **** Incremental Build of configuration Debug for project Final ****
make -j8 all 
gdawrf-2
make[1]: [makefile:97: pre-build] Error -1 (ignored)
 
arm-none-eabi-gcc "../Core/Src/Communication.c" -mcpu=cortex-m4 -std=gnu11 -g3 -DDEBUG -DUSE_HAL_DRIVER -DSTM32F401xC -c -I../Core/Inc -I../Drivers/STM32F4xx_HAL_Driver/Inc -I../Drivers/STM32F4xx_HAL_Driver/Inc/Legacy -I../Drivers/CMSIS/Device/ST/STM32F4xx/Include -I../Drivers/CMSIS/Include -I../Middlewares/Third_Party/FreeRTOS/Source/include -I../Middlewares/Third_Party/FreeRTOS/Source/portable/GCC/ARM_CM4F -I../Middlewares/Third_Party/FreeRTOS/Source/CMSIS_RTOS_V2 -O0 -ffunction-sections -fdata-sections -Wall -fstack-usage -fcyclomatic-complexity -MMD -MP -MF"Core/Src/Communication.d" -MT"Core/Src/Communication.o" --specs=nano.specs -mfpu=fpv4-sp-d16 -mfloat-abi=hard -mthumb -o "Core/Src/Communication.o"
[...]
make -j8 all 
gdawrf-2
make[1]: [makefile:97: pre-build] Error -1 (ignored)
 
arm-none-eabi-gcc "../Core/Src/Communication.c" -mcpu=cortex-m4 -std=gnu11 -g3 -DDEBUG -DUSE_HAL_DRIVER -DSTM32F401xC -c -I../Core/Inc -I../Drivers/STM32F4xx_HAL_Driver/Inc -I../Drivers/STM32F4xx_HAL_Driver/Inc/Legacy -I../Drivers/CMSIS/Device/ST/STM32F4xx/Include -I../Drivers/CMSIS/Include -I../Middlewares/Third_Party/FreeRTOS/Source/include -I../Middlewares/Third_Party/FreeRTOS/Source/portable/GCC/ARM_CM4F -I../Middlewares/Third_Party/FreeRTOS/Source/CMSIS_RTOS_V2 -O0 -ffunction-sections -fdata-sections -Wall -fstack-usage -fcyclomatic-complexity -MMD -MP -MF"Core/Src/Communication.d" -MT"Core/Src/Communication.o" --specs=nano.specs -mfpu=fpv4-sp-d16 -mfloat-abi=hard -mthumb -o "Core/Src/Communication.o"
arm-none-eabi-gcc "../Core/Src/main.c" -mcpu=cortex-m4 -std=gnu11 -g3 -DDEBUG -DUSE_HAL_DRIVER -DSTM32F401xC -c -I../Core/Inc -I../Drivers/STM32F4xx_HAL_Driver/Inc -I../Drivers/STM32F4xx_HAL_Driver/Inc/Legacy -I../Drivers/CMSIS/Device/ST/STM32F4xx/Include -I../Drivers/CMSIS/Include -I../Middlewares/Third_Party/FreeRTOS/Source/include -I../Middlewares/Third_Party/FreeRTOS/Source/portable/GCC/ARM_CM4F -I../Middlewares/Third_Party/FreeRTOS/Source/CMSIS_RTOS_V2 -O0 -ffunction-sections -fdata-sections -Wall -fstack-usage -fcyclomatic-complexity -MMD -MP -MF"Core/Src/main.d" -MT"Core/Src/main.o" --specs=nano.specs -mfpu=fpv4-sp-d16 -mfloat-abi=hard -mthumb -o "Core/Src/main.o"
../Core/Src/Communication.c: In function 'Communication':
../Core/Src/Communication.c:127:9: warning: implicit declaration of function 'setMotorDirection' [-Wimplicit-function-declaration]
  127 |         setMotorDirection(DIR_FWD);
      |         ^~~~~~~~~~~~~~~~~
../Core/Src/Communication.c:127:27: error: 'DIR_FWD' undeclared (first use in this function)
  127 |         setMotorDirection(DIR_FWD);
      |                           ^~~~~~~
../Core/Src/Communication.c:127:27: note: each undeclared identifier is reported only once for each function it appears in
../Core/Src/Communication.c:130:17: error: 'sConfigOC' undeclared (first use in this function)
  130 |                 sConfigOC[BACK_RIGHT_MOTOR].Pulse = MAX_PWM_VALUE;//((pwm_value_Back_Right / 100.0))* MAX_PWM_VALUE;
      |                 ^~~~~~~~~
../Core/Src/Communication.c:130:27: error: 'BACK_RIGHT_MOTOR' undeclared (first use in this function)
  130 |                 sConfigOC[BACK_RIGHT_MOTOR].Pulse = MAX_PWM_VALUE;//((pwm_value_Back_Right / 100.0))* MAX_PWM_VALUE;
      |                           ^~~~~~~~~~~~~~~~
../Core/Src/Communication.c:130:53: error: 'MAX_PWM_VALUE' undeclared (first use in this function)
  130 |                 sConfigOC[BACK_RIGHT_MOTOR].Pulse = MAX_PWM_VALUE;//((pwm_value_Back_Right / 100.0))* MAX_PWM_VALUE;
      |                                                     ^~~~~~~~~~~~~
../Core/Src/Communication.c:131:44: error: 'htim1' undeclared (first use in this function)
  131 |                 HAL_TIM_PWM_ConfigChannel(&htim1, &sConfigOC[BACK_RIGHT_MOTOR], TIM_CHANNEL_1);
      |                                            ^~~~~
../Core/Src/Communication.c:133:27: error: 'BACK_LEFT_MOTOR' undeclared (first use in this function)
  133 |                 sConfigOC[BACK_LEFT_MOTOR].Pulse = MAX_PWM_VALUE;//((pwm_value_Back_Left / 100.0))* MAX_PWM_VALUE;
      |                           ^~~~~~~~~~~~~~~
make[1]: *** [Core/Src/subdir.mk:49: Core/Src/Communication.o] Error 1
make[1]: *** Waiting for unfinished jobs....
make: *** [makefile:65: all] Error 2
"make -j8 all" terminated with exit code 2. Build might be incomplete.
15:16:41 **** Incremental Build of configuration Debug for project Final ****
make -j8 all 
gdawrf-2
make[1]: [makefile:97: pre-build] Error -1 (ignored)
 
arm-none-eabi-gcc "../Core/Src/Communication.c" -mcpu=cortex-m4 -std=gnu11 -g3 -DDEBUG -DUSE_HAL_DRIVER -DSTM32F401xC -c -I../Core/Inc -I../Drivers/STM32F4xx_HAL_Driver/Inc -I../Drivers/STM32F4xx_HAL_Driver/Inc/Legacy -I../Drivers/CMSIS/Device/ST/STM32F4xx/Include -I../Drivers/CMSIS/Include -I../Middlewares/Third_Party/FreeRTOS/Source/include -I../Middlewares/Third_Party/FreeRTOS/Source/portable/GCC/ARM_CM4F -I../Middlewares/Third_Party/FreeRTOS/Source/CMSIS_RTOS_V2 -O0 -ffunction-sections -fdata-sections -Wall -fstack-usage -fcyclomatic-complexity -MMD -MP -MF"Core/Src/Communication.d" -MT"Core/Src/Communication.o" --specs=nano.specs -mfpu=fpv4-sp-d16 -mfloat-abi=hard -mthumb -o "Core/Src/Communication.o"
arm-none-eabi-gcc "../Core/Src/main.c" -mcpu=cortex-m4 -std=gnu11 -g3 -DDEBUG -DUSE_HAL_DRIVER -DSTM32F401xC -c -I../Core/Inc -I../Drivers/STM32F4xx_HAL_Driver/Inc -I../Drivers/STM32F4xx_HAL_Driver/Inc/Legacy -I../Drivers/CMSIS/Device/ST/STM32F4xx/Include -I../Drivers/CMSIS/Include -I../Middlewares/Third_Party/FreeRTOS/Source/include -I../Middlewares/Third_Party/FreeRTOS/Source/portable/GCC/ARM_CM4F -I../Middlewares/Third_Party/FreeRTOS/Source/CMSIS_RTOS_V2 -O0 -ffunction-sections -fdata-sections -Wall -fstack-usage -fcyclomatic-complexity -MMD -MP -MF"Core/Src/main.d" -MT"Core/Src/main.o" --specs=nano.specs -mfpu=fpv4-sp-d16 -mfloat-abi=hard -mthumb -o "Core/Src/main.o"
arm-none-eabi-gcc -o "Final.elf" @"objects.list"   -mcpu=cortex-m4 -T"D:\ITI\Graduation_Project\Final_Proj\Final\STM32F401RCTX_FLASH.ld" --specs=nosys.specs -Wl,-Map="Final.map" -Wl,--gc-sections -static --specs=nano.specs -mfpu=fpv4-sp-d16 -mfloat-abi=hard -mthumb -Wl,--start-group -lc -lm -Wl,--end-group
Finished building target: Final.elf
 
arm-none-eabi-size  Final.elf 
arm-none-eabi-objdump -h -S Final.elf  > "Final.list"
arm-none-eabi-objcopy  -O ihex Final.elf  "Final.hex"
   text	   data	    bss	    dec	    hex	filename
  30960	     96	  21232	  52288	   cc40	Final.elf
Finished building: default.size.stdout
 
Finished building: Final.hex
 
Finished building: Final.list
 
15:17:40 **** Incremental Build of configuration Debug for project Final ****
make -j8 all 
gdawrf-2
make[1]: [makefile:97: pre-build] Error -1 (ignored)
 
arm-none-eabi-gcc "../Core/Src/main.c" -mcpu=cortex-m4 -std=gnu11 -g3 -DDEBUG -DUSE_HAL_DRIVER -DSTM32F401xC -c -I../Core/Inc -I../Drivers/STM32F4xx_HAL_Driver/Inc -I../Drivers/STM32F4xx_HAL_Driver/Inc/Legacy -I../Drivers/CMSIS/Device/ST/STM32F4xx/Include -I../Drivers/CMSIS/Include -I../Middlewares/Third_Party/FreeRTOS/Source/include -I../Middlewares/Third_Party/FreeRTOS/Source/portable/GCC/ARM_CM4F -I../Middlewares/Third_Party/FreeRTOS/Source/CMSIS_RTOS_V2 -O0 -ffunction-sections -fdata-sections -Wall -fstack-usage -fcyclomatic-complexity -MMD -MP -MF"Core/Src/main.d" -MT"Core/Src/main.o" --specs=nano.specs -mfpu=fpv4-sp-d16 -mfloat-abi=hard -mthumb -o "Core/Src/main.o"
arm-none-eabi-gcc -o "Final.elf" @"objects.list"   -mcpu=cortex-m4 -T"D:\ITI\Graduation_Project\Final_Proj\Final\STM32F401RCTX_FLASH.ld" --specs=nosys.specs -Wl,-Map="Final.map" -Wl,--gc-sections -static --specs=nano.specs -mfpu=fpv4-sp-d16 -mfloat-abi=hard -mthumb -Wl,--start-group -lc -lm -Wl,--end-group
Finished building target: Final.elf
 
arm-none-eabi-size  Final.elf 
arm-none-eabi-objdump -h -S Final.elf  > "Final.list"
arm-none-eabi-objcopy  -O ihex Final.elf  "Final.hex"
   text	   data	    bss	    dec	    hex	filename
  30960	     96	  21232	  52288	   cc40	Final.elf
Finished building: default.size.stdout
 
Finished building: Final.hex
 
Finished building: Final.list
 
15:19:42 **** Incremental Build of configuration Debug for project Final ****
make -j8 all 
gdawrf-2
make[1]: [makefile:97: pre-build] Error -1 (ignored)
 
arm-none-eabi-gcc "../Core/Src/main.c" -mcpu=cortex-m4 -std=gnu11 -g3 -DDEBUG -DUSE_HAL_DRIVER -DSTM32F401xC -c -I../Core/Inc -I../Drivers/STM32F4xx_HAL_Driver/Inc -I../Drivers/STM32F4xx_HAL_Driver/Inc/Legacy -I../Drivers/CMSIS/Device/ST/STM32F4xx/Include -I../Drivers/CMSIS/Include -I../Middlewares/Third_Party/FreeRTOS/Source/include -I../Middlewares/Third_Party/FreeRTOS/Source/portable/GCC/ARM_CM4F -I../Middlewares/Third_Party/FreeRTOS/Source/CMSIS_RTOS_V2 -O0 -ffunction-sections -fdata-sections -Wall -fstack-usage -fcyclomatic-complexity -MMD -MP -MF"Core/Src/main.d" -MT"Core/Src/main.o" --specs=nano.specs -mfpu=fpv4-sp-d16 -mfloat-abi=hard -mthumb -o "Core/Src/main.o"
arm-none-eabi-gcc -o "Final.elf" @"objects.list"   -mcpu=cortex-m4 -T"D:\ITI\Graduation_Project\Final_Proj\Final\STM32F401RCTX_FLASH.ld" --specs=nosys.specs -Wl,-Map="Final.map" -Wl,--gc-sections -static --specs=nano.specs -mfpu=fpv4-sp-d16 -mfloat-abi=hard -mthumb -Wl,--start-group -lc -lm -Wl,--end-group
Finished building target: Final.elf
 
arm-none-eabi-size  Final.elf 
arm-none-eabi-objdump -h -S Final.elf  > "Final.list"
arm-none-eabi-objcopy  -O ihex Final.elf  "Final.hex"
   text	   data	    bss	    dec	    hex	filename
  30960	     96	  21232	  52288	   cc40	Final.elf
Finished building: default.size.stdout
 
Finished building: Final.hex
 
Finished building: Final.list
 
15:20:18 **** Incremental Build of configuration Debug for project Final ****
make -j8 all 
gdawrf-2
make[1]: [makefile:97: pre-build] Error -1 (ignored)
 
arm-none-eabi-gcc "../Core/Src/Controlling.c" -mcpu=cortex-m4 -std=gnu11 -g3 -DDEBUG -DUSE_HAL_DRIVER -DSTM32F401xC -c -I../Core/Inc -I../Drivers/STM32F4xx_HAL_Driver/Inc -I../Drivers/STM32F4xx_HAL_Driver/Inc/Legacy -I../Drivers/CMSIS/Device/ST/STM32F4xx/Include -I../Drivers/CMSIS/Include -I../Middlewares/Third_Party/FreeRTOS/Source/include -I../Middlewares/Third_Party/FreeRTOS/Source/portable/GCC/ARM_CM4F -I../Middlewares/Third_Party/FreeRTOS/Source/CMSIS_RTOS_V2 -O0 -ffunction-sections -fdata-sections -Wall -fstack-usage -fcyclomatic-complexity -MMD -MP -MF"Core/Src/Controlling.d" -MT"Core/Src/Controlling.o" --specs=nano.specs -mfpu=fpv4-sp-d16 -mfloat-abi=hard -mthumb -o "Core/Src/Controlling.o"
../Core/Src/Controlling.c: In function 'controllingSM':
../Core/Src/Controlling.c:104:18: warning: variable 'pedal_value' set but not used [-Wunused-but-set-variable]
  104 |         uint32_t pedal_value = abs_diff(map_value(uart_rx_buffer[PEDAL_GAS_IDX],PEDAL_GAS_MIN,PEDAL_GAS_MAX,0,100)\
      |                  ^~~~~~~~~~~
../Core/Src/Controlling.c: At top level:
../Core/Src/Controlling.c:273:13: warning: 'setSteeringAngle' defined but not used [-Wunused-function]
  273 | static void setSteeringAngle(void)
      |             ^~~~~~~~~~~~~~~~
../Core/Src/Controlling.c:220:13: warning: 'checkClutchValue' defined but not used [-Wunused-function]
  220 | static void checkClutchValue(void)
      |             ^~~~~~~~~~~~~~~~
arm-none-eabi-gcc -o "Final.elf" @"objects.list"   -mcpu=cortex-m4 -T"D:\ITI\Graduation_Project\Final_Proj\Final\STM32F401RCTX_FLASH.ld" --specs=nosys.specs -Wl,-Map="Final.map" -Wl,--gc-sections -static --specs=nano.specs -mfpu=fpv4-sp-d16 -mfloat-abi=hard -mthumb -Wl,--start-group -lc -lm -Wl,--end-group
Finished building target: Final.elf
 
arm-none-eabi-size  Final.elf 
arm-none-eabi-objdump -h -S Final.elf  > "Final.list"
arm-none-eabi-objcopy  -O ihex Final.elf  "Final.hex"
   text	   data	    bss	    dec	    hex	filename
  30896	     96	  21232	  52224	   cc00	Final.elf
Finished building: default.size.stdout
 
Finished building: Final.hex
 
Finished building: Final.list
 
15:28:36 **** Incremental Build of configuration Debug for project Final ****
make -j8 all 
gdawrf-2
make[1]: [makefile:97: pre-build] Error -1 (ignored)
 
arm-none-eabi-gcc "../Core/Src/Controlling.c" -mcpu=cortex-m4 -std=gnu11 -g3 -DDEBUG -DUSE_HAL_DRIVER -DSTM32F401xC -c -I../Core/Inc -I../Drivers/STM32F4xx_HAL_Driver/Inc -I../Drivers/STM32F4xx_HAL_Driver/Inc/Legacy -I../Drivers/CMSIS/Device/ST/STM32F4xx/Include -I../Drivers/CMSIS/Include -I../Middlewares/Third_Party/FreeRTOS/Source/include -I../Middlewares/Third_Party/FreeRTOS/Source/portable/GCC/ARM_CM4F -I../Middlewares/Third_Party/FreeRTOS/Source/CMSIS_RTOS_V2 -O0 -ffunction-sections -fdata-sections -Wall -fstack-usage -fcyclomatic-complexity -MMD -MP -MF"Core/Src/Controlling.d" -MT"Core/Src/Controlling.o" --specs=nano.specs -mfpu=fpv4-sp-d16 -mfloat-abi=hard -mthumb -o "Core/Src/Controlling.o"
arm-none-eabi-gcc "../Core/Src/main.c" -mcpu=cortex-m4 -std=gnu11 -g3 -DDEBUG -DUSE_HAL_DRIVER -DSTM32F401xC -c -I../Core/Inc -I../Drivers/STM32F4xx_HAL_Driver/Inc -I../Drivers/STM32F4xx_HAL_Driver/Inc/Legacy -I../Drivers/CMSIS/Device/ST/STM32F4xx/Include -I../Drivers/CMSIS/Include -I../Middlewares/Third_Party/FreeRTOS/Source/include -I../Middlewares/Third_Party/FreeRTOS/Source/portable/GCC/ARM_CM4F -I../Middlewares/Third_Party/FreeRTOS/Source/CMSIS_RTOS_V2 -O0 -ffunction-sections -fdata-sections -Wall -fstack-usage -fcyclomatic-complexity -MMD -MP -MF"Core/Src/main.d" -MT"Core/Src/main.o" --specs=nano.specs -mfpu=fpv4-sp-d16 -mfloat-abi=hard -mthumb -o "Core/Src/main.o"
arm-none-eabi-gcc "../Core/Src/stm32f4xx_hal_msp.c" -mcpu=cortex-m4 -std=gnu11 -g3 -DDEBUG -DUSE_HAL_DRIVER -DSTM32F401xC -c -I../Core/Inc -I../Drivers/STM32F4xx_HAL_Driver/Inc -I../Drivers/STM32F4xx_HAL_Driver/Inc/Legacy -I../Drivers/CMSIS/Device/ST/STM32F4xx/Include -I../Drivers/CMSIS/Include -I../Middlewares/Third_Party/FreeRTOS/Source/include -I../Middlewares/Third_Party/FreeRTOS/Source/portable/GCC/ARM_CM4F -I../Middlewares/Third_Party/FreeRTOS/Source/CMSIS_RTOS_V2 -O0 -ffunction-sections -fdata-sections -Wall -fstack-usage -fcyclomatic-complexity -MMD -MP -MF"Core/Src/stm32f4xx_hal_msp.d" -MT"Core/Src/stm32f4xx_hal_msp.o" --specs=nano.specs -mfpu=fpv4-sp-d16 -mfloat-abi=hard -mthumb -o "Core/Src/stm32f4xx_hal_msp.o"
arm-none-eabi-gcc "../Core/Src/stm32f4xx_it.c" -mcpu=cortex-m4 -std=gnu11 -g3 -DDEBUG -DUSE_HAL_DRIVER -DSTM32F401xC -c -I../Core/Inc -I../Drivers/STM32F4xx_HAL_Driver/Inc -I../Drivers/STM32F4xx_HAL_Driver/Inc/Legacy -I../Drivers/CMSIS/Device/ST/STM32F4xx/Include -I../Drivers/CMSIS/Include -I../Middlewares/Third_Party/FreeRTOS/Source/include -I../Middlewares/Third_Party/FreeRTOS/Source/portable/GCC/ARM_CM4F -I../Middlewares/Third_Party/FreeRTOS/Source/CMSIS_RTOS_V2 -O0 -ffunction-sections -fdata-sections -Wall -fstack-usage -fcyclomatic-complexity -MMD -MP -MF"Core/Src/stm32f4xx_it.d" -MT"Core/Src/stm32f4xx_it.o" --specs=nano.specs -mfpu=fpv4-sp-d16 -mfloat-abi=hard -mthumb -o "Core/Src/stm32f4xx_it.o"
../Core/Src/Controlling.c: In function 'controllingSM':
../Core/Src/Controlling.c:104:18: warning: variable 'pedal_value' set but not used [-Wunused-but-set-variable]
  104 |         uint32_t pedal_value = abs_diff(map_value(uart_rx_buffer[PEDAL_GAS_IDX],PEDAL_GAS_MIN,PEDAL_GAS_MAX,0,100)\
      |                  ^~~~~~~~~~~
../Core/Src/Controlling.c: At top level:
../Core/Src/Controlling.c:273:13: warning: 'setSteeringAngle' defined but not used [-Wunused-function]
  273 | static void setSteeringAngle(void)
      |             ^~~~~~~~~~~~~~~~
../Core/Src/Controlling.c:220:13: warning: 'checkClutchValue' defined but not used [-Wunused-function]
  220 | static void checkClutchValue(void)
      |             ^~~~~~~~~~~~~~~~
arm-none-eabi-gcc -o "Final.elf" @"objects.list"   -mcpu=cortex-m4 -T"D:\ITI\Graduation_Project\Final_Proj\Final\STM32F401RCTX_FLASH.ld" --specs=nosys.specs -Wl,-Map="Final.map" -Wl,--gc-sections -static --specs=nano.specs -mfpu=fpv4-sp-d16 -mfloat-abi=hard -mthumb -Wl,--start-group -lc -lm -Wl,--end-group
C:/ST/STM32CubeIDE_1.15.1/STM32CubeIDE/plugins/com.st.stm32cube.ide.mcu.externaltools.gnu-tools-for-stm32.12.3.rel1.win32_1.0.100.202403111256/tools/bin/../lib/gcc/arm-none-eabi/12.3.1/../../../../arm-none-eabi/bin/ld.exe: ./Core/Src/main.o: in function `main':
D:/ITI/Graduation_Project/Final_Proj/Final/Debug/../Core/Src/main.c:215: undefined reference to `getSteeringPosition'
collect2.exe: error: ld returned 1 exit status
make[1]: *** [makefile:72: Final.elf] Error 1
make: *** [makefile:65: all] Error 2
"make -j8 all" terminated with exit code 2. Build might be incomplete.
15:29:02 **** Incremental Build of configuration Debug for project Final ****
make -j8 all 
gdawrf-2
make[1]: [makefile:97: pre-build] Error -1 (ignored)
 
arm-none-eabi-gcc "../Core/Src/main.c" -mcpu=cortex-m4 -std=gnu11 -g3 -DDEBUG -DUSE_HAL_DRIVER -DSTM32F401xC -c -I../Core/Inc -I../Drivers/STM32F4xx_HAL_Driver/Inc -I../Drivers/STM32F4xx_HAL_Driver/Inc/Legacy -I../Drivers/CMSIS/Device/ST/STM32F4xx/Include -I../Drivers/CMSIS/Include -I../Middlewares/Third_Party/FreeRTOS/Source/include -I../Middlewares/Third_Party/FreeRTOS/Source/portable/GCC/ARM_CM4F -I../Middlewares/Third_Party/FreeRTOS/Source/CMSIS_RTOS_V2 -O0 -ffunction-sections -fdata-sections -Wall -fstack-usage -fcyclomatic-complexity -MMD -MP -MF"Core/Src/main.d" -MT"Core/Src/main.o" --specs=nano.specs -mfpu=fpv4-sp-d16 -mfloat-abi=hard -mthumb -o "Core/Src/main.o"
arm-none-eabi-gcc -o "Final.elf" @"objects.list"   -mcpu=cortex-m4 -T"D:\ITI\Graduation_Project\Final_Proj\Final\STM32F401RCTX_FLASH.ld" --specs=nosys.specs -Wl,-Map="Final.map" -Wl,--gc-sections -static --specs=nano.specs -mfpu=fpv4-sp-d16 -mfloat-abi=hard -mthumb -Wl,--start-group -lc -lm -Wl,--end-group
Finished building target: Final.elf
 
arm-none-eabi-size  Final.elf 
arm-none-eabi-objdump -h -S Final.elf  > "Final.list"
arm-none-eabi-objcopy  -O ihex Final.elf  "Final.hex"
   text	   data	    bss	    dec	    hex	filename
  28592	     96	  21232	  49920	   c300	Final.elf
Finished building: default.size.stdout
 
Finished building: Final.hex
 
Finished building: Final.list
 
15:29:39 **** Incremental Build of configuration Debug for project Final ****
make -j8 all 
gdawrf-2
make[1]: [makefile:97: pre-build] Error -1 (ignored)
 
arm-none-eabi-size  Final.elf 
   text	   data	    bss	    dec	    hex	filename
  28592	     96	  21232	  49920	   c300	Final.elf
Finished building: default.size.stdout
 
15:30:22 **** Incremental Build of configuration Debug for project Final ****
make -j8 all 
gdawrf-2
make[1]: [makefile:97: pre-build] Error -1 (ignored)
 
arm-none-eabi-gcc "../Core/Src/Controlling.c" -mcpu=cortex-m4 -std=gnu11 -g3 -DDEBUG -DUSE_HAL_DRIVER -DSTM32F401xC -c -I../Core/Inc -I../Drivers/STM32F4xx_HAL_Driver/Inc -I../Drivers/STM32F4xx_HAL_Driver/Inc/Legacy -I../Drivers/CMSIS/Device/ST/STM32F4xx/Include -I../Drivers/CMSIS/Include -I../Middlewares/Third_Party/FreeRTOS/Source/include -I../Middlewares/Third_Party/FreeRTOS/Source/portable/GCC/ARM_CM4F -I../Middlewares/Third_Party/FreeRTOS/Source/CMSIS_RTOS_V2 -O0 -ffunction-sections -fdata-sections -Wall -fstack-usage -fcyclomatic-complexity -MMD -MP -MF"Core/Src/Controlling.d" -MT"Core/Src/Controlling.o" --specs=nano.specs -mfpu=fpv4-sp-d16 -mfloat-abi=hard -mthumb -o "Core/Src/Controlling.o"
../Core/Src/Controlling.c: In function 'controllingSM':
../Core/Src/Controlling.c:104:18: warning: variable 'pedal_value' set but not used [-Wunused-but-set-variable]
  104 |         uint32_t pedal_value = abs_diff(map_value(uart_rx_buffer[PEDAL_GAS_IDX],PEDAL_GAS_MIN,PEDAL_GAS_MAX,0,100)\
      |                  ^~~~~~~~~~~
../Core/Src/Controlling.c: At top level:
../Core/Src/Controlling.c:273:13: warning: 'setSteeringAngle' defined but not used [-Wunused-function]
  273 | static void setSteeringAngle(void)
      |             ^~~~~~~~~~~~~~~~
../Core/Src/Controlling.c:220:13: warning: 'checkClutchValue' defined but not used [-Wunused-function]
  220 | static void checkClutchValue(void)
      |             ^~~~~~~~~~~~~~~~
arm-none-eabi-gcc -o "Final.elf" @"objects.list"   -mcpu=cortex-m4 -T"D:\ITI\Graduation_Project\Final_Proj\Final\STM32F401RCTX_FLASH.ld" --specs=nosys.specs -Wl,-Map="Final.map" -Wl,--gc-sections -static --specs=nano.specs -mfpu=fpv4-sp-d16 -mfloat-abi=hard -mthumb -Wl,--start-group -lc -lm -Wl,--end-group
Finished building target: Final.elf
 
arm-none-eabi-size  Final.elf 
arm-none-eabi-objdump -h -S Final.elf  > "Final.list"
arm-none-eabi-objcopy  -O ihex Final.elf  "Final.hex"
   text	   data	    bss	    dec	    hex	filename
  28544	     96	  21232	  49872	   c2d0	Final.elf
Finished building: default.size.stdout
 
Finished building: Final.hex
 
Finished building: Final.list
 
