21:19:52 **** Incremental Build of configuration Debug for project Final ****
make -j8 all 
gdawrf-2
make[1]: [makefile:97: pre-build] Error -1 (ignored)
 
arm-none-eabi-gcc "../Core/Src/main.c" -mcpu=cortex-m4 -std=gnu11 -g3 -DDEBUG -DUSE_HAL_DRIVER -DSTM32F401xC -c -I../Core/Inc -I../Drivers/STM32F4xx_HAL_Driver/Inc -I../Drivers/STM32F4xx_HAL_Driver/Inc/Legacy -I../Drivers/CMSIS/Device/ST/STM32F4xx/Include -I../Drivers/CMSIS/Include -I../Middlewares/Third_Party/FreeRTOS/Source/include -I../Middlewares/Third_Party/FreeRTOS/Source/portable/GCC/ARM_CM4F -I../Middlewares/Third_Party/FreeRTOS/Source/CMSIS_RTOS_V2 -O0 -ffunction-sections -fdata-sections -Wall -fstack-usage -fcyclomatic-complexity -MMD -MP -MF"Core/Src/main.d" -MT"Core/Src/main.o" --specs=nano.specs -mfpu=fpv4-sp-d16 -mfloat-abi=hard -mthumb -o "Core/Src/main.o"
arm-none-eabi-gcc -o "Final.elf" @"objects.list"   -mcpu=cortex-m4 -T"D:\ITI\Graduation_Project\Final_Proj\Final\STM32F401RCTX_FLASH.ld" --specs=nosys.specs -Wl,-Map="Final.map" -Wl,--gc-sections -static --specs=nano.specs -mfpu=fpv4-sp-d16 -mfloat-abi=hard -mthumb -Wl,--start-group -lc -lm -Wl,--end-group
Finished building target: Final.elf
 
arm-none-eabi-size  Final.elf 
arm-none-eabi-objdump -h -S Final.elf  > "Final.list"
arm-none-eabi-objcopy  -O ihex Final.elf  "Final.hex"
   text	   data	    bss	    dec	    hex	filename
  32584	    100	  21316	  54000	   d2f0	Final.elf
Finished building: default.size.stdout
 
Finished building: Final.hex
 
Finished building: Final.list
 
21:20:59 **** Incremental Build of configuration Debug for project Final ****
make -j8 all 
gdawrf-2
make[1]: [makefile:97: pre-build] Error -1 (ignored)
 
arm-none-eabi-size  Final.elf 
   text	   data	    bss	    dec	    hex	filename
  32584	    100	  21316	  54000	   d2f0	Final.elf
Finished building: default.size.stdout
 
