../Core/Src/main.c:115:5:main	8	static
../Core/Src/main.c:210:6:SystemClock_Config	88	static
../Core/Src/main.c:252:13:MX_TIM1_Init	80	static
../Core/Src/main.c:329:13:MX_TIM3_Init	56	static
../Core/Src/main.c:378:13:MX_USART2_UART_Init	8	static
../Core/Src/main.c:411:13:MX_GPIO_Init	40	static
../Core/Src/main.c:437:6:calibre_steering	64	static
../Core/Src/main.c:541:6:StartDefaultTask	16	static
../Core/Src/main.c:560:6:HAL_TIM_PeriodElapsedCallback	16	static
../Core/Src/main.c:577:6:Error_Handler	4	static,ignoring_inline_asm
