Archive member included to satisfy reference by file (symbol)

C:/ST/STM32CubeIDE_1.15.1/STM32CubeIDE/plugins/com.st.stm32cube.ide.mcu.externaltools.gnu-tools-for-stm32.12.3.rel1.win32_1.0.100.202403111256/tools/bin/../lib/gcc/arm-none-eabi/12.3.1/../../../../arm-none-eabi/lib/thumb/v7e-m+fp/hard\libc_nano.a(libc_a-exit.o)
                              C:/ST/STM32CubeIDE_1.15.1/STM32CubeIDE/plugins/com.st.stm32cube.ide.mcu.externaltools.gnu-tools-for-stm32.12.3.rel1.win32_1.0.100.202403111256/tools/bin/../lib/gcc/arm-none-eabi/12.3.1/../../../../arm-none-eabi/lib/thumb/v7e-m+fp/hard/crt0.o (exit)
C:/ST/STM32CubeIDE_1.15.1/STM32CubeIDE/plugins/com.st.stm32cube.ide.mcu.externaltools.gnu-tools-for-stm32.12.3.rel1.win32_1.0.100.202403111256/tools/bin/../lib/gcc/arm-none-eabi/12.3.1/../../../../arm-none-eabi/lib/thumb/v7e-m+fp/hard\libc_nano.a(libc_a-findfp.o)
                              ./Middlewares/Third_Party/FreeRTOS/Source/tasks.o (__sf)
C:/ST/STM32CubeIDE_1.15.1/STM32CubeIDE/plugins/com.st.stm32cube.ide.mcu.externaltools.gnu-tools-for-stm32.12.3.rel1.win32_1.0.100.202403111256/tools/bin/../lib/gcc/arm-none-eabi/12.3.1/../../../../arm-none-eabi/lib/thumb/v7e-m+fp/hard\libc_nano.a(libc_a-fwalk.o)
                              C:/ST/STM32CubeIDE_1.15.1/STM32CubeIDE/plugins/com.st.stm32cube.ide.mcu.externaltools.gnu-tools-for-stm32.12.3.rel1.win32_1.0.100.202403111256/tools/bin/../lib/gcc/arm-none-eabi/12.3.1/../../../../arm-none-eabi/lib/thumb/v7e-m+fp/hard\libc_nano.a(libc_a-findfp.o) (_fwalk_sglue)
C:/ST/STM32CubeIDE_1.15.1/STM32CubeIDE/plugins/com.st.stm32cube.ide.mcu.externaltools.gnu-tools-for-stm32.12.3.rel1.win32_1.0.100.202403111256/tools/bin/../lib/gcc/arm-none-eabi/12.3.1/../../../../arm-none-eabi/lib/thumb/v7e-m+fp/hard\libc_nano.a(libc_a-stdio.o)
                              C:/ST/STM32CubeIDE_1.15.1/STM32CubeIDE/plugins/com.st.stm32cube.ide.mcu.externaltools.gnu-tools-for-stm32.12.3.rel1.win32_1.0.100.202403111256/tools/bin/../lib/gcc/arm-none-eabi/12.3.1/../../../../arm-none-eabi/lib/thumb/v7e-m+fp/hard\libc_nano.a(libc_a-findfp.o) (__sread)
C:/ST/STM32CubeIDE_1.15.1/STM32CubeIDE/plugins/com.st.stm32cube.ide.mcu.externaltools.gnu-tools-for-stm32.12.3.rel1.win32_1.0.100.202403111256/tools/bin/../lib/gcc/arm-none-eabi/12.3.1/../../../../arm-none-eabi/lib/thumb/v7e-m+fp/hard\libc_nano.a(libc_a-memset.o)
                              C:/ST/STM32CubeIDE_1.15.1/STM32CubeIDE/plugins/com.st.stm32cube.ide.mcu.externaltools.gnu-tools-for-stm32.12.3.rel1.win32_1.0.100.202403111256/tools/bin/../lib/gcc/arm-none-eabi/12.3.1/../../../../arm-none-eabi/lib/thumb/v7e-m+fp/hard/crt0.o (memset)
C:/ST/STM32CubeIDE_1.15.1/STM32CubeIDE/plugins/com.st.stm32cube.ide.mcu.externaltools.gnu-tools-for-stm32.12.3.rel1.win32_1.0.100.202403111256/tools/bin/../lib/gcc/arm-none-eabi/12.3.1/../../../../arm-none-eabi/lib/thumb/v7e-m+fp/hard\libc_nano.a(libc_a-closer.o)
                              C:/ST/STM32CubeIDE_1.15.1/STM32CubeIDE/plugins/com.st.stm32cube.ide.mcu.externaltools.gnu-tools-for-stm32.12.3.rel1.win32_1.0.100.202403111256/tools/bin/../lib/gcc/arm-none-eabi/12.3.1/../../../../arm-none-eabi/lib/thumb/v7e-m+fp/hard\libc_nano.a(libc_a-stdio.o) (_close_r)
C:/ST/STM32CubeIDE_1.15.1/STM32CubeIDE/plugins/com.st.stm32cube.ide.mcu.externaltools.gnu-tools-for-stm32.12.3.rel1.win32_1.0.100.202403111256/tools/bin/../lib/gcc/arm-none-eabi/12.3.1/../../../../arm-none-eabi/lib/thumb/v7e-m+fp/hard\libc_nano.a(libc_a-reent.o)
                              ./Middlewares/Third_Party/FreeRTOS/Source/tasks.o (_reclaim_reent)
C:/ST/STM32CubeIDE_1.15.1/STM32CubeIDE/plugins/com.st.stm32cube.ide.mcu.externaltools.gnu-tools-for-stm32.12.3.rel1.win32_1.0.100.202403111256/tools/bin/../lib/gcc/arm-none-eabi/12.3.1/../../../../arm-none-eabi/lib/thumb/v7e-m+fp/hard\libc_nano.a(libc_a-impure.o)
                              ./Middlewares/Third_Party/FreeRTOS/Source/tasks.o (_impure_ptr)
C:/ST/STM32CubeIDE_1.15.1/STM32CubeIDE/plugins/com.st.stm32cube.ide.mcu.externaltools.gnu-tools-for-stm32.12.3.rel1.win32_1.0.100.202403111256/tools/bin/../lib/gcc/arm-none-eabi/12.3.1/../../../../arm-none-eabi/lib/thumb/v7e-m+fp/hard\libc_nano.a(libc_a-lseekr.o)
                              C:/ST/STM32CubeIDE_1.15.1/STM32CubeIDE/plugins/com.st.stm32cube.ide.mcu.externaltools.gnu-tools-for-stm32.12.3.rel1.win32_1.0.100.202403111256/tools/bin/../lib/gcc/arm-none-eabi/12.3.1/../../../../arm-none-eabi/lib/thumb/v7e-m+fp/hard\libc_nano.a(libc_a-stdio.o) (_lseek_r)
C:/ST/STM32CubeIDE_1.15.1/STM32CubeIDE/plugins/com.st.stm32cube.ide.mcu.externaltools.gnu-tools-for-stm32.12.3.rel1.win32_1.0.100.202403111256/tools/bin/../lib/gcc/arm-none-eabi/12.3.1/../../../../arm-none-eabi/lib/thumb/v7e-m+fp/hard\libc_nano.a(libc_a-readr.o)
[...]
Memory Configuration

Name             Origin             Length             Attributes
RAM              0x20000000         0x00010000         xrw
FLASH            0x08000000         0x00040000         xr
*default*        0x00000000         0xffffffff

Linker script and memory map

LOAD C:/ST/STM32CubeIDE_1.15.1/STM32CubeIDE/plugins/com.st.stm32cube.ide.mcu.externaltools.gnu-tools-for-stm32.12.3.rel1.win32_1.0.100.202403111256/tools/bin/../lib/gcc/arm-none-eabi/12.3.1/thumb/v7e-m+fp/hard/crti.o
LOAD C:/ST/STM32CubeIDE_1.15.1/STM32CubeIDE/plugins/com.st.stm32cube.ide.mcu.externaltools.gnu-tools-for-stm32.12.3.rel1.win32_1.0.100.202403111256/tools/bin/../lib/gcc/arm-none-eabi/12.3.1/thumb/v7e-m+fp/hard/crtbegin.o
LOAD C:/ST/STM32CubeIDE_1.15.1/STM32CubeIDE/plugins/com.st.stm32cube.ide.mcu.externaltools.gnu-tools-for-stm32.12.3.rel1.win32_1.0.100.202403111256/tools/bin/../lib/gcc/arm-none-eabi/12.3.1/../../../../arm-none-eabi/lib/thumb/v7e-m+fp/hard/crt0.o
LOAD ./Core/Src/Communication.o
LOAD ./Core/Src/Controlling.o
LOAD ./Core/Src/freertos.o
LOAD ./Core/Src/getSteering.o
LOAD ./Core/Src/main.o
LOAD ./Core/Src/stm32f4xx_hal_msp.o
LOAD ./Core/Src/stm32f4xx_hal_timebase_tim.o
LOAD ./Core/Src/stm32f4xx_it.o
LOAD ./Core/Src/syscalls.o
LOAD ./Core/Src/sysmem.o
LOAD ./Core/Src/system_stm32f4xx.o
LOAD ./Core/Startup/startup_stm32f401rctx.o
LOAD ./Drivers/STM32F4xx_HAL_Driver/Src/stm32f4xx_hal.o
LOAD ./Drivers/STM32F4xx_HAL_Driver/Src/stm32f4xx_hal_cortex.o
LOAD ./Drivers/STM32F4xx_HAL_Driver/Src/stm32f4xx_hal_dma.o
LOAD ./Drivers/STM32F4xx_HAL_Driver/Src/stm32f4xx_hal_dma_ex.o
LOAD ./Drivers/STM32F4xx_HAL_Driver/Src/stm32f4xx_hal_exti.o
LOAD ./Drivers/STM32F4xx_HAL_Driver/Src/stm32f4xx_hal_flash.o
LOAD ./Drivers/STM32F4xx_HAL_Driver/Src/stm32f4xx_hal_flash_ex.o
LOAD ./Drivers/STM32F4xx_HAL_Driver/Src/stm32f4xx_hal_flash_ramfunc.o
LOAD ./Drivers/STM32F4xx_HAL_Driver/Src/stm32f4xx_hal_gpio.o
LOAD ./Drivers/STM32F4xx_HAL_Driver/Src/stm32f4xx_hal_pwr.o
LOAD ./Drivers/STM32F4xx_HAL_Driver/Src/stm32f4xx_hal_pwr_ex.o
LOAD ./Drivers/STM32F4xx_HAL_Driver/Src/stm32f4xx_hal_rcc.o
LOAD ./Drivers/STM32F4xx_HAL_Driver/Src/stm32f4xx_hal_rcc_ex.o
LOAD ./Drivers/STM32F4xx_HAL_Driver/Src/stm32f4xx_hal_tim.o
LOAD ./Drivers/STM32F4xx_HAL_Driver/Src/stm32f4xx_hal_tim_ex.o
LOAD ./Drivers/STM32F4xx_HAL_Driver/Src/stm32f4xx_hal_uart.o
LOAD ./Middlewares/Third_Party/FreeRTOS/Source/CMSIS_RTOS_V2/cmsis_os2.o
LOAD ./Middlewares/Third_Party/FreeRTOS/Source/croutine.o
LOAD ./Middlewares/Third_Party/FreeRTOS/Source/event_groups.o
LOAD ./Middlewares/Third_Party/FreeRTOS/Source/list.o
LOAD ./Middlewares/Third_Party/FreeRTOS/Source/queue.o
LOAD ./Middlewares/Third_Party/FreeRTOS/Source/stream_buffer.o
LOAD ./Middlewares/Third_Party/FreeRTOS/Source/tasks.o
LOAD ./Middlewares/Third_Party/FreeRTOS/Source/timers.o
LOAD ./Middlewares/Third_Party/FreeRTOS/Source/portable/GCC/ARM_CM4F/port.o
LOAD ./Middlewares/Third_Party/FreeRTOS/Source/portable/MemMang/heap_4.o
START GROUP
LOAD C:/ST/STM32CubeIDE_1.15.1/STM32CubeIDE/plugins/com.st.stm32cube.ide.mcu.externaltools.gnu-tools-for-stm32.12.3.rel1.win32_1.0.100.202403111256/tools/bin/../lib/gcc/arm-none-eabi/12.3.1/../../../../arm-none-eabi/lib/thumb/v7e-m+fp/hard\libc_nano.a
LOAD C:/ST/STM32CubeIDE_1.15.1/STM32CubeIDE/plugins/com.st.stm32cube.ide.mcu.externaltools.gnu-tools-for-stm32.12.3.rel1.win32_1.0.100.202403111256/tools/bin/../lib/gcc/arm-none-eabi/12.3.1/../../../../arm-none-eabi/lib/thumb/v7e-m+fp/hard\libm.a
END GROUP
START GROUP
LOAD C:/ST/STM32CubeIDE_1.15.1/STM32CubeIDE/plugins/com.st.stm32cube.ide.mcu.externaltools.gnu-tools-for-stm32.12.3.rel1.win32_1.0.100.202403111256/tools/bin/../lib/gcc/arm-none-eabi/12.3.1/thumb/v7e-m+fp/hard\libgcc.a
LOAD C:/ST/STM32CubeIDE_1.15.1/STM32CubeIDE/plugins/com.st.stm32cube.ide.mcu.externaltools.gnu-tools-for-stm32.12.3.rel1.win32_1.0.100.202403111256/tools/bin/../lib/gcc/arm-none-eabi/12.3.1/../../../../arm-none-eabi/lib/thumb/v7e-m+fp/hard\libc_nano.a
END GROUP
START GROUP
LOAD C:/ST/STM32CubeIDE_1.15.1/STM32CubeIDE/plugins/com.st.stm32cube.ide.mcu.externaltools.gnu-tools-for-stm32.12.3.rel1.win32_1.0.100.202403111256/tools/bin/../lib/gcc/arm-none-eabi/12.3.1/thumb/v7e-m+fp/hard\libgcc.a
LOAD C:/ST/STM32CubeIDE_1.15.1/STM32CubeIDE/plugins/com.st.stm32cube.ide.mcu.externaltools.gnu-tools-for-stm32.12.3.rel1.win32_1.0.100.202403111256/tools/bin/../lib/gcc/arm-none-eabi/12.3.1/../../../../arm-none-eabi/lib/thumb/v7e-m+fp/hard\libc_nano.a
LOAD C:/ST/STM32CubeIDE_1.15.1/STM32CubeIDE/plugins/com.st.stm32cube.ide.mcu.externaltools.gnu-tools-for-stm32.12.3.rel1.win32_1.0.100.202403111256/tools/bin/../lib/gcc/arm-none-eabi/12.3.1/../../../../arm-none-eabi/lib/thumb/v7e-m+fp/hard\libnosys.a
END GROUP
START GROUP
LOAD C:/ST/STM32CubeIDE_1.15.1/STM32CubeIDE/plugins/com.st.stm32cube.ide.mcu.externaltools.gnu-tools-for-stm32.12.3.rel1.win32_1.0.100.202403111256/tools/bin/../lib/gcc/arm-none-eabi/12.3.1/thumb/v7e-m+fp/hard\libgcc.a
LOAD C:/ST/STM32CubeIDE_1.15.1/STM32CubeIDE/plugins/com.st.stm32cube.ide.mcu.externaltools.gnu-tools-for-stm32.12.3.rel1.win32_1.0.100.202403111256/tools/bin/../lib/gcc/arm-none-eabi/12.3.1/../../../../arm-none-eabi/lib/thumb/v7e-m+fp/hard\libc_nano.a
LOAD C:/ST/STM32CubeIDE_1.15.1/STM32CubeIDE/plugins/com.st.stm32cube.ide.mcu.externaltools.gnu-tools-for-stm32.12.3.rel1.win32_1.0.100.202403111256/tools/bin/../lib/gcc/arm-none-eabi/12.3.1/../../../../arm-none-eabi/lib/thumb/v7e-m+fp/hard\libnosys.a
END GROUP
LOAD C:/ST/STM32CubeIDE_1.15.1/STM32CubeIDE/plugins/com.st.stm32cube.ide.mcu.externaltools.gnu-tools-for-stm32.12.3.rel1.win32_1.0.100.202403111256/tools/bin/../lib/gcc/arm-none-eabi/12.3.1/thumb/v7e-m+fp/hard/crtend.o
LOAD C:/ST/STM32CubeIDE_1.15.1/STM32CubeIDE/plugins/com.st.stm32cube.ide.mcu.externaltools.gnu-tools-for-stm32.12.3.rel1.win32_1.0.100.202403111256/tools/bin/../lib/gcc/arm-none-eabi/12.3.1/thumb/v7e-m+fp/hard/crtn.o
                0x20010000                        _estack = (ORIGIN (RAM) + LENGTH (RAM))
                0x00000200                        _Min_Heap_Size = 0x200
                0x00000400                        _Min_Stack_Size = 0x400

.isr_vector     0x08000000      0x194
                0x08000000                        . = ALIGN (0x4)
 *(.isr_vector)
 .isr_vector    0x08000000      0x194 ./Core/Startup/startup_stm32f401rctx.o
                0x08000000                g_pfnVectors
                0x08000194                        . = ALIGN (0x4)

.text           0x080001a0     0x6cb0
                0x080001a0                        . = ALIGN (0x4)
 *(.text)
 .text          0x080001a0       0x40 C:/ST/STM32CubeIDE_1.15.1/STM32CubeIDE/plugins/com.st.stm32cube.ide.mcu.externaltools.gnu-tools-for-stm32.12.3.rel1.win32_1.0.100.202403111256/tools/bin/../lib/gcc/arm-none-eabi/12.3.1/thumb/v7e-m+fp/hard/crtbegin.o
 .text          0x080001e0       0x30 C:/ST/STM32CubeIDE_1.15.1/STM32CubeIDE/plugins/com.st.stm32cube.ide.mcu.externaltools.gnu-tools-for-stm32.12.3.rel1.win32_1.0.100.202403111256/tools/bin/../lib/gcc/arm-none-eabi/12.3.1/thumb/v7e-m+fp/hard\libgcc.a(_aeabi_uldivmod.o)
                0x080001e0                __aeabi_uldivmod
 .text          0x08000210      0x2bc C:/ST/STM32CubeIDE_1.15.1/STM32CubeIDE/plugins/com.st.stm32cube.ide.mcu.externaltools.gnu-tools-for-stm32.12.3.rel1.win32_1.0.100.202403111256/tools/bin/../lib/gcc/arm-none-eabi/12.3.1/thumb/v7e-m+fp/hard\libgcc.a(_udivmoddi4.o)
                0x08000210                __udivmoddi4
 .text          0x080004cc        0x4 C:/ST/STM32CubeIDE_1.15.1/STM32CubeIDE/plugins/com.st.stm32cube.ide.mcu.externaltools.gnu-tools-for-stm32.12.3.rel1.win32_1.0.100.202403111256/tools/bin/../lib/gcc/arm-none-eabi/12.3.1/thumb/v7e-m+fp/hard\libgcc.a(_dvmd_tls.o)
                0x080004cc                __aeabi_idiv0
                0x080004cc                __aeabi_ldiv0
 *(.text*)
 .text.Parse_Steering_Data
                0x080004d0       0x40 ./Core/Src/Communication.o
                0x080004d0                Parse_Steering_Data
 .text.Communication
                0x08000510       0x80 ./Core/Src/Communication.o
                0x08000510                Communication
 .text.controllingSM
                0x08000590       0xac ./Core/Src/Controlling.o
                0x08000590                controllingSM
 .text.Controlling
                0x0800063c       0x60 ./Core/Src/Controlling.o
                0x0800063c                Controlling
 .text.pwm_init
                0x0800069c       0xa0 ./Core/Src/Controlling.o
 .text.abs_diff
                0x0800073c       0x2c ./Core/Src/Controlling.o
 .text.map_value
                0x08000768       0x56 ./Core/Src/Controlling.o
 *fill*         0x080007be        0x2 
 .text.main     0x080007c0       0xc8 ./Core/Src/main.o
                0x080007c0                main
 .text.SystemClock_Config
                0x08000888       0xc0 ./Core/Src/main.o
                0x08000888                SystemClock_Config
 .text.MX_TIM1_Init
                0x08000948      0x150 ./Core/Src/main.o
 .text.MX_TIM3_Init
                0x08000a98       0xa8 ./Core/Src/main.o
 .text.MX_USART2_UART_Init
                0x08000b40       0x54 ./Core/Src/main.o
 .text.MX_GPIO_Init
                0x08000b94       0x88 ./Core/Src/main.o
 .text.calibre_steering
                0x08000c1c      0x220 ./Core/Src/main.o
                0x08000c1c                calibre_steering
 .text.StartDefaultTask
                0x08000e3c       0x10 ./Core/Src/main.o
                0x08000e3c                StartDefaultTask
 .text.HAL_TIM_PeriodElapsedCallback
                0x08000e4c       0x1e ./Core/Src/main.o
                0x08000e4c                HAL_TIM_PeriodElapsedCallback
 .text.Error_Handler
                0x08000e6a        0xc ./Core/Src/main.o
                0x08000e6a                Error_Handler
 *fill*         0x08000e76        0x2 
 .text.HAL_MspInit
                0x08000e78       0x58 ./Core/Src/stm32f4xx_hal_msp.o
                0x08000e78                HAL_MspInit
 .text.HAL_TIM_PWM_MspInit
                0x08000ed0       0x44 ./Core/Src/stm32f4xx_hal_msp.o
                0x08000ed0                HAL_TIM_PWM_MspInit
 .text.HAL_TIM_Encoder_MspInit
                0x08000f14       0x90 ./Core/Src/stm32f4xx_hal_msp.o
                0x08000f14                HAL_TIM_Encoder_MspInit
 .text.HAL_TIM_MspPostInit
                0x08000fa4       0x74 ./Core/Src/stm32f4xx_hal_msp.o
                0x08000fa4                HAL_TIM_MspPostInit
 .text.HAL_UART_MspInit
                0x08001018       0x90 ./Core/Src/stm32f4xx_hal_msp.o
                0x08001018                HAL_UART_MspInit
 .text.HAL_InitTick
                0x080010a8       0xf8 ./Core/Src/stm32f4xx_hal_timebase_tim.o
                0x080010a8                HAL_InitTick
 .text.NMI_Handler
                0x080011a0        0x8 ./Core/Src/stm32f4xx_it.o
                0x080011a0                NMI_Handler
 .text.HardFault_Handler
                0x080011a8        0x8 ./Core/Src/stm32f4xx_it.o
                0x080011a8                HardFault_Handler
 .text.MemManage_Handler
                0x080011b0        0x8 ./Core/Src/stm32f4xx_it.o
                0x080011b0                MemManage_Handler
 .text.BusFault_Handler
                0x080011b8        0x8 ./Core/Src/stm32f4xx_it.o
                0x080011b8                BusFault_Handler
 .text.UsageFault_Handler
                0x080011c0        0x8 ./Core/Src/stm32f4xx_it.o
                0x080011c0                UsageFault_Handler
 .text.DebugMon_Handler
                0x080011c8        0xe ./Core/Src/stm32f4xx_it.o
                0x080011c8                DebugMon_Handler
 *fill*         0x080011d6        0x2 
 .text.TIM2_IRQHandler
                0x080011d8       0x14 ./Core/Src/stm32f4xx_it.o
                0x080011d8                TIM2_IRQHandler
 .text.SystemInit
                0x080011ec       0x24 ./Core/Src/system_stm32f4xx.o
                0x080011ec                SystemInit
 .text.Reset_Handler
                0x08001210       0x50 ./Core/Startup/startup_stm32f401rctx.o
                0x08001210                Reset_Handler
 .text.Default_Handler
                0x08001260        0x2 ./Core/Startup/startup_stm32f401rctx.o
                0x08001260                RTC_Alarm_IRQHandler
                0x08001260                EXTI2_IRQHandler
                0x08001260                SPI4_IRQHandler
                0x08001260                TIM1_CC_IRQHandler
                0x08001260                DMA2_Stream5_IRQHandler
                0x08001260                DMA1_Stream5_IRQHandler
                0x08001260                PVD_IRQHandler
                0x08001260                SDIO_IRQHandler
                0x08001260                TAMP_STAMP_IRQHandler
                0x08001260                EXTI3_IRQHandler
                0x08001260                TIM1_UP_TIM10_IRQHandler
                0x08001260                I2C3_ER_IRQHandler
                0x08001260                EXTI0_IRQHandler
                0x08001260                I2C2_EV_IRQHandler
                0x08001260                DMA1_Stream2_IRQHandler
                0x08001260                FPU_IRQHandler
                0x08001260                DMA2_Stream2_IRQHandler
                0x08001260                SPI1_IRQHandler
                0x08001260                TIM1_BRK_TIM9_IRQHandler
                0x08001260                DMA2_Stream3_IRQHandler
                0x08001260                USART6_IRQHandler
                0x08001260                DMA2_Stream0_IRQHandler
                0x08001260                TIM4_IRQHandler
                0x08001260                I2C1_EV_IRQHandler
                0x08001260                DMA1_Stream6_IRQHandler
                0x08001260                DMA1_Stream1_IRQHandler
                0x08001260                TIM3_IRQHandler
                0x08001260                RCC_IRQHandler
                0x08001260                Default_Handler
                0x08001260                EXTI15_10_IRQHandler
                0x08001260                ADC_IRQHandler
                0x08001260                DMA1_Stream7_IRQHandler
                0x08001260                TIM5_IRQHandler
                0x08001260                DMA2_Stream7_IRQHandler
                0x08001260                I2C3_EV_IRQHandler
                0x08001260                EXTI9_5_IRQHandler
                0x08001260                RTC_WKUP_IRQHandler
                0x08001260                SPI2_IRQHandler
                0x08001260                DMA1_Stream0_IRQHandler
                0x08001260                EXTI4_IRQHandler
                0x08001260                WWDG_IRQHandler
                0x08001260                OTG_FS_WKUP_IRQHandler
                0x08001260                TIM1_TRG_COM_TIM11_IRQHandler
                0x08001260                EXTI1_IRQHandler
                0x08001260                USART2_IRQHandler
                0x08001260                I2C2_ER_IRQHandler
                0x08001260                DMA2_Stream1_IRQHandler
                0x08001260                FLASH_IRQHandler
                0x08001260                DMA2_Stream4_IRQHandler
                0x08001260                USART1_IRQHandler
                0x08001260                OTG_FS_IRQHandler
                0x08001260                SPI3_IRQHandler
                0x08001260                DMA1_Stream4_IRQHandler
                0x08001260                I2C1_ER_IRQHandler
                0x08001260                DMA2_Stream6_IRQHandler
                0x08001260                DMA1_Stream3_IRQHandler
 *fill*         0x08001262        0x2 
 .text.HAL_Init
                0x08001264       0x44 ./Drivers/STM32F4xx_HAL_Driver/Src/stm32f4xx_hal.o
                0x08001264                HAL_Init
 .text.HAL_IncTick
                0x080012a8       0x28 ./Drivers/STM32F4xx_HAL_Driver/Src/stm32f4xx_hal.o
                0x080012a8                HAL_IncTick
 .text.HAL_GetTick
                0x080012d0       0x18 ./Drivers/STM32F4xx_HAL_Driver/Src/stm32f4xx_hal.o
                0x080012d0                HAL_GetTick
 .text.HAL_Delay
                0x080012e8       0x48 ./Drivers/STM32F4xx_HAL_Driver/Src/stm32f4xx_hal.o
                0x080012e8                HAL_Delay
 .text.__NVIC_SetPriorityGrouping
                0x08001330       0x48 ./Drivers/STM32F4xx_HAL_Driver/Src/stm32f4xx_hal_cortex.o
 .text.__NVIC_GetPriorityGrouping
                0x08001378       0x1c ./Drivers/STM32F4xx_HAL_Driver/Src/stm32f4xx_hal_cortex.o
 .text.__NVIC_EnableIRQ
                0x08001394       0x3c ./Drivers/STM32F4xx_HAL_Driver/Src/stm32f4xx_hal_cortex.o
 .text.__NVIC_SetPriority
                0x080013d0       0x54 ./Drivers/STM32F4xx_HAL_Driver/Src/stm32f4xx_hal_cortex.o
 .text.NVIC_EncodePriority
                0x08001424       0x66 ./Drivers/STM32F4xx_HAL_Driver/Src/stm32f4xx_hal_cortex.o
 .text.HAL_NVIC_SetPriorityGrouping
                0x0800148a       0x16 ./Drivers/STM32F4xx_HAL_Driver/Src/stm32f4xx_hal_cortex.o
                0x0800148a                HAL_NVIC_SetPriorityGrouping
 .text.HAL_NVIC_SetPriority
                0x080014a0       0x38 ./Drivers/STM32F4xx_HAL_Driver/Src/stm32f4xx_hal_cortex.o
                0x080014a0                HAL_NVIC_SetPriority
 .text.HAL_NVIC_EnableIRQ
                0x080014d8       0x1c ./Drivers/STM32F4xx_HAL_Driver/Src/stm32f4xx_hal_cortex.o
                0x080014d8                HAL_NVIC_EnableIRQ
 .text.HAL_GPIO_Init
                0x080014f4      0x308 ./Drivers/STM32F4xx_HAL_Driver/Src/stm32f4xx_hal_gpio.o
                0x080014f4                HAL_GPIO_Init
 .text.HAL_GPIO_WritePin
                0x080017fc       0x32 ./Drivers/STM32F4xx_HAL_Driver/Src/stm32f4xx_hal_gpio.o
                0x080017fc                HAL_GPIO_WritePin
 *fill*         0x0800182e        0x2 
 .text.HAL_RCC_OscConfig
                0x08001830      0x4f0 ./Drivers/STM32F4xx_HAL_Driver/Src/stm32f4xx_hal_rcc.o
                0x08001830                HAL_RCC_OscConfig
 .text.HAL_RCC_ClockConfig
                0x08001d20      0x1cc ./Drivers/STM32F4xx_HAL_Driver/Src/stm32f4xx_hal_rcc.o
                0x08001d20                HAL_RCC_ClockConfig
 .text.HAL_RCC_GetSysClockFreq
                0x08001eec      0x18c ./Drivers/STM32F4xx_HAL_Driver/Src/stm32f4xx_hal_rcc.o
                0x08001eec                HAL_RCC_GetSysClockFreq
 .text.HAL_RCC_GetHCLKFreq
                0x08002078       0x18 ./Drivers/STM32F4xx_HAL_Driver/Src/stm32f4xx_hal_rcc.o
                0x08002078                HAL_RCC_GetHCLKFreq
 .text.HAL_RCC_GetPCLK1Freq
                0x08002090       0x28 ./Drivers/STM32F4xx_HAL_Driver/Src/stm32f4xx_hal_rcc.o
                0x08002090                HAL_RCC_GetPCLK1Freq
 .text.HAL_RCC_GetPCLK2Freq
                0x080020b8       0x28 ./Drivers/STM32F4xx_HAL_Driver/Src/stm32f4xx_hal_rcc.o
                0x080020b8                HAL_RCC_GetPCLK2Freq
 .text.HAL_RCC_GetClockConfig
                0x080020e0       0x64 ./Drivers/STM32F4xx_HAL_Driver/Src/stm32f4xx_hal_rcc.o
                0x080020e0                HAL_RCC_GetClockConfig
 .text.HAL_TIM_Base_Init
                0x08002144       0x9e ./Drivers/STM32F4xx_HAL_Driver/Src/stm32f4xx_hal_tim.o
                0x08002144                HAL_TIM_Base_Init
 .text.HAL_TIM_Base_MspInit
                0x080021e2       0x14 ./Drivers/STM32F4xx_HAL_Driver/Src/stm32f4xx_hal_tim.o
                0x080021e2                HAL_TIM_Base_MspInit
 *fill*         0x080021f6        0x2 
 .text.HAL_TIM_Base_Start_IT
                0x080021f8       0xc4 ./Drivers/STM32F4xx_HAL_Driver/Src/stm32f4xx_hal_tim.o
                0x080021f8                HAL_TIM_Base_Start_IT
 .text.HAL_TIM_PWM_Init
                0x080022bc       0x9e ./Drivers/STM32F4xx_HAL_Driver/Src/stm32f4xx_hal_tim.o
                0x080022bc                HAL_TIM_PWM_Init
 *fill*         0x0800235a        0x2 
 .text.HAL_TIM_PWM_Start
                0x0800235c      0x160 ./Drivers/STM32F4xx_HAL_Driver/Src/stm32f4xx_hal_tim.o
                0x0800235c                HAL_TIM_PWM_Start
 .text.HAL_TIM_Encoder_Init
                0x080024bc      0x14c ./Drivers/STM32F4xx_HAL_Driver/Src/stm32f4xx_hal_tim.o
                0x080024bc                HAL_TIM_Encoder_Init
 .text.HAL_TIM_Encoder_Start
                0x08002608      0x11c ./Drivers/STM32F4xx_HAL_Driver/Src/stm32f4xx_hal_tim.o
                0x08002608                HAL_TIM_Encoder_Start
 .text.HAL_TIM_IRQHandler
                0x08002724      0x1e0 ./Drivers/STM32F4xx_HAL_Driver/Src/stm32f4xx_hal_tim.o
                0x08002724                HAL_TIM_IRQHandler
 .text.HAL_TIM_PWM_ConfigChannel
                0x08002904      0x184 ./Drivers/STM32F4xx_HAL_Driver/Src/stm32f4xx_hal_tim.o
                0x08002904                HAL_TIM_PWM_ConfigChannel
 .text.HAL_TIM_OC_DelayElapsedCallback
                0x08002a88       0x14 ./Drivers/STM32F4xx_HAL_Driver/Src/stm32f4xx_hal_tim.o
                0x08002a88                HAL_TIM_OC_DelayElapsedCallback
 .text.HAL_TIM_IC_CaptureCallback
                0x08002a9c       0x14 ./Drivers/STM32F4xx_HAL_Driver/Src/stm32f4xx_hal_tim.o
                0x08002a9c                HAL_TIM_IC_CaptureCallback
 .text.HAL_TIM_PWM_PulseFinishedCallback
                0x08002ab0       0x14 ./Drivers/STM32F4xx_HAL_Driver/Src/stm32f4xx_hal_tim.o
                0x08002ab0                HAL_TIM_PWM_PulseFinishedCallback
 .text.HAL_TIM_TriggerCallback
                0x08002ac4       0x14 ./Drivers/STM32F4xx_HAL_Driver/Src/stm32f4xx_hal_tim.o
                0x08002ac4                HAL_TIM_TriggerCallback
 .text.TIM_Base_SetConfig
                0x08002ad8      0x118 ./Drivers/STM32F4xx_HAL_Driver/Src/stm32f4xx_hal_tim.o
                0x08002ad8                TIM_Base_SetConfig
 .text.TIM_OC1_SetConfig
                0x08002bf0       0xcc ./Drivers/STM32F4xx_HAL_Driver/Src/stm32f4xx_hal_tim.o
 .text.TIM_OC2_SetConfig
                0x08002cbc       0xd8 ./Drivers/STM32F4xx_HAL_Driver/Src/stm32f4xx_hal_tim.o
                0x08002cbc                TIM_OC2_SetConfig
 .text.TIM_OC3_SetConfig
                0x08002d94       0xd4 ./Drivers/STM32F4xx_HAL_Driver/Src/stm32f4xx_hal_tim.o
 .text.TIM_OC4_SetConfig
                0x08002e68       0xa0 ./Drivers/STM32F4xx_HAL_Driver/Src/stm32f4xx_hal_tim.o
 .text.TIM_CCxChannelCmd
                0x08002f08       0x4a ./Drivers/STM32F4xx_HAL_Driver/Src/stm32f4xx_hal_tim.o
                0x08002f08                TIM_CCxChannelCmd
 *fill*         0x08002f52        0x2 
 .text.HAL_TIMEx_MasterConfigSynchronization
                0x08002f54       0xdc ./Drivers/STM32F4xx_HAL_Driver/Src/stm32f4xx_hal_tim_ex.o
                0x08002f54                HAL_TIMEx_MasterConfigSynchronization
 .text.HAL_TIMEx_ConfigBreakDeadTime
                0x08003030       0xa4 ./Drivers/STM32F4xx_HAL_Driver/Src/stm32f4xx_hal_tim_ex.o
                0x08003030                HAL_TIMEx_ConfigBreakDeadTime
 .text.HAL_TIMEx_CommutCallback
                0x080030d4       0x14 ./Drivers/STM32F4xx_HAL_Driver/Src/stm32f4xx_hal_tim_ex.o
                0x080030d4                HAL_TIMEx_CommutCallback
 .text.HAL_TIMEx_BreakCallback
                0x080030e8       0x14 ./Drivers/STM32F4xx_HAL_Driver/Src/stm32f4xx_hal_tim_ex.o
                0x080030e8                HAL_TIMEx_BreakCallback
 .text.HAL_UART_Init
                0x080030fc       0xa0 ./Drivers/STM32F4xx_HAL_Driver/Src/stm32f4xx_hal_uart.o
                0x080030fc                HAL_UART_Init
 .text.HAL_UART_Receive
                0x0800319c      0x12e ./Drivers/STM32F4xx_HAL_Driver/Src/stm32f4xx_hal_uart.o
                0x0800319c                HAL_UART_Receive
 .text.UART_WaitOnFlagUntilTimeout
                0x080032ca       0xb2 ./Drivers/STM32F4xx_HAL_Driver/Src/stm32f4xx_hal_uart.o
 .text.UART_EndRxTransfer
                0x0800337c       0xc6 ./Drivers/STM32F4xx_HAL_Driver/Src/stm32f4xx_hal_uart.o
 *fill*         0x08003442        0x2 
 .text.UART_SetConfig
                0x08003444      0x4e8 ./Drivers/STM32F4xx_HAL_Driver/Src/stm32f4xx_hal_uart.o
 .text.__NVIC_SetPriority
                0x0800392c       0x54 ./Middlewares/Third_Party/FreeRTOS/Source/CMSIS_RTOS_V2/cmsis_os2.o
 .text.SysTick_Handler
                0x08003980       0x20 ./Middlewares/Third_Party/FreeRTOS/Source/CMSIS_RTOS_V2/cmsis_os2.o
                0x08003980                SysTick_Handler
 .text.SVC_Setup
                0x080039a0       0x12 ./Middlewares/Third_Party/FreeRTOS/Source/CMSIS_RTOS_V2/cmsis_os2.o
 *fill*         0x080039b2        0x2 
 .text.osKernelInitialize
                0x080039b4       0x48 ./Middlewares/Third_Party/FreeRTOS/Source/CMSIS_RTOS_V2/cmsis_os2.o
                0x080039b4                osKernelInitialize
 .text.osKernelStart
                0x080039fc       0x4c ./Middlewares/Third_Party/FreeRTOS/Source/CMSIS_RTOS_V2/cmsis_os2.o
                0x080039fc                osKernelStart
 .text.osThreadNew
                0x08003a48      0x124 ./Middlewares/Third_Party/FreeRTOS/Source/CMSIS_RTOS_V2/cmsis_os2.o
                0x08003a48                osThreadNew
 .text.osDelay  0x08003b6c       0x36 ./Middlewares/Third_Party/FreeRTOS/Source/CMSIS_RTOS_V2/cmsis_os2.o
                0x08003b6c                osDelay
 .text.osSemaphoreNew
                0x08003ba2      0x112 ./Middlewares/Third_Party/FreeRTOS/Source/CMSIS_RTOS_V2/cmsis_os2.o
                0x08003ba2                osSemaphoreNew
 .text.vApplicationGetIdleTaskMemory
                0x08003cb4       0x34 ./Middlewares/Third_Party/FreeRTOS/Source/CMSIS_RTOS_V2/cmsis_os2.o
                0x08003cb4                vApplicationGetIdleTaskMemory
 .text.vApplicationGetTimerTaskMemory
                0x08003ce8       0x34 ./Middlewares/Third_Party/FreeRTOS/Source/CMSIS_RTOS_V2/cmsis_os2.o
                0x08003ce8                vApplicationGetTimerTaskMemory
 .text.vListInitialise
                0x08003d1c       0x40 ./Middlewares/Third_Party/FreeRTOS/Source/list.o
                0x08003d1c                vListInitialise
 .text.vListInitialiseItem
                0x08003d5c       0x1a ./Middlewares/Third_Party/FreeRTOS/Source/list.o
                0x08003d5c                vListInitialiseItem
 .text.vListInsertEnd
                0x08003d76       0x48 ./Middlewares/Third_Party/FreeRTOS/Source/list.o
                0x08003d76                vListInsertEnd
 .text.vListInsert
                0x08003dbe       0x72 ./Middlewares/Third_Party/FreeRTOS/Source/list.o
                0x08003dbe                vListInsert
 .text.uxListRemove
                0x08003e30       0x54 ./Middlewares/Third_Party/FreeRTOS/Source/list.o
                0x08003e30                uxListRemove
 .text.xQueueGenericReset
                0x08003e84       0xd4 ./Middlewares/Third_Party/FreeRTOS/Source/queue.o
                0x08003e84                xQueueGenericReset
 .text.xQueueGenericCreateStatic
                0x08003f58       0xfa ./Middlewares/Third_Party/FreeRTOS/Source/queue.o
                0x08003f58                xQueueGenericCreateStatic
 .text.xQueueGenericCreate
                0x08004052       0x76 ./Middlewares/Third_Party/FreeRTOS/Source/queue.o
                0x08004052                xQueueGenericCreate
 .text.prvInitialiseNewQueue
                0x080040c8       0x46 ./Middlewares/Third_Party/FreeRTOS/Source/queue.o
 .text.xQueueCreateCountingSemaphoreStatic
                0x0800410e       0x72 ./Middlewares/Third_Party/FreeRTOS/Source/queue.o
                0x0800410e                xQueueCreateCountingSemaphoreStatic
 .text.xQueueCreateCountingSemaphore
                0x08004180       0x6a ./Middlewares/Third_Party/FreeRTOS/Source/queue.o
                0x08004180                xQueueCreateCountingSemaphore
 *fill*         0x080041ea        0x2 
 .text.xQueueGenericSend
                0x080041ec      0x204 ./Middlewares/Third_Party/FreeRTOS/Source/queue.o
                0x080041ec                xQueueGenericSend
 .text.xQueueGenericSendFromISR
                0x080043f0      0x13c ./Middlewares/Third_Party/FreeRTOS/Source/queue.o
                0x080043f0                xQueueGenericSendFromISR
 .text.xQueueReceive
                0x0800452c      0x1c4 ./Middlewares/Third_Party/FreeRTOS/Source/queue.o
                0x0800452c                xQueueReceive
 .text.xQueueSemaphoreTake
                0x080046f0      0x220 ./Middlewares/Third_Party/FreeRTOS/Source/queue.o
                0x080046f0                xQueueSemaphoreTake
 .text.vQueueDelete
                0x08004910       0x48 ./Middlewares/Third_Party/FreeRTOS/Source/queue.o
                0x08004910                vQueueDelete
 .text.prvGetDisinheritPriorityAfterTimeout
                0x08004958       0x30 ./Middlewares/Third_Party/FreeRTOS/Source/queue.o
 .text.prvCopyDataToQueue
                0x08004988       0xd4 ./Middlewares/Third_Party/FreeRTOS/Source/queue.o
 .text.prvCopyDataFromQueue
                0x08004a5c       0x4c ./Middlewares/Third_Party/FreeRTOS/Source/queue.o
 .text.prvUnlockQueue
                0x08004aa8       0xa4 ./Middlewares/Third_Party/FreeRTOS/Source/queue.o
 .text.prvIsQueueEmpty
                0x08004b4c       0x2c ./Middlewares/Third_Party/FreeRTOS/Source/queue.o
 .text.prvIsQueueFull
                0x08004b78       0x30 ./Middlewares/Third_Party/FreeRTOS/Source/queue.o
 .text.vQueueAddToRegistry
                0x08004ba8       0x54 ./Middlewares/Third_Party/FreeRTOS/Source/queue.o
                0x08004ba8                vQueueAddToRegistry
 .text.vQueueUnregisterQueue
                0x08004bfc       0x54 ./Middlewares/Third_Party/FreeRTOS/Source/queue.o
                0x08004bfc                vQueueUnregisterQueue
 .text.vQueueWaitForMessageRestricted
                0x08004c50       0x68 ./Middlewares/Third_Party/FreeRTOS/Source/queue.o
                0x08004c50                vQueueWaitForMessageRestricted
 .text.xTaskCreateStatic
                0x08004cb8       0xc0 ./Middlewares/Third_Party/FreeRTOS/Source/tasks.o
                0x08004cb8                xTaskCreateStatic
 .text.xTaskCreate
                0x08004d78       0x8a ./Middlewares/Third_Party/FreeRTOS/Source/tasks.o
                0x08004d78                xTaskCreate
 *fill*         0x08004e02        0x2 
 .text.prvInitialiseNewTask
                0x08004e04      0x150 ./Middlewares/Third_Party/FreeRTOS/Source/tasks.o
 .text.prvAddNewTaskToReadyList
                0x08004f54       0xe0 ./Middlewares/Third_Party/FreeRTOS/Source/tasks.o
 .text.vTaskDelay
                0x08005034       0x6c ./Middlewares/Third_Party/FreeRTOS/Source/tasks.o
                0x08005034                vTaskDelay
 .text.vTaskStartScheduler
                0x080050a0       0xe0 ./Middlewares/Third_Party/FreeRTOS/Source/tasks.o
                0x080050a0                vTaskStartScheduler
 .text.vTaskSuspendAll
                0x08005180       0x1c ./Middlewares/Third_Party/FreeRTOS/Source/tasks.o
                0x08005180                vTaskSuspendAll
 .text.xTaskResumeAll
                0x0800519c      0x13c ./Middlewares/Third_Party/FreeRTOS/Source/tasks.o
                0x0800519c                xTaskResumeAll
 .text.xTaskGetTickCount
                0x080052d8       0x20 ./Middlewares/Third_Party/FreeRTOS/Source/tasks.o
                0x080052d8                xTaskGetTickCount
 .text.xTaskIncrementTick
                0x080052f8      0x174 ./Middlewares/Third_Party/FreeRTOS/Source/tasks.o
                0x080052f8                xTaskIncrementTick
 .text.vTaskSwitchContext
                0x0800546c       0xcc ./Middlewares/Third_Party/FreeRTOS/Source/tasks.o
                0x0800546c                vTaskSwitchContext
 .text.vTaskPlaceOnEventList
                0x08005538       0x4c ./Middlewares/Third_Party/FreeRTOS/Source/tasks.o
                0x08005538                vTaskPlaceOnEventList
 .text.vTaskPlaceOnEventListRestricted
                0x08005584       0x58 ./Middlewares/Third_Party/FreeRTOS/Source/tasks.o
                0x08005584                vTaskPlaceOnEventListRestricted
 .text.xTaskRemoveFromEventList
                0x080055dc       0xc8 ./Middlewares/Third_Party/FreeRTOS/Source/tasks.o
                0x080055dc                xTaskRemoveFromEventList
 .text.vTaskInternalSetTimeOutState
                0x080056a4       0x2c ./Middlewares/Third_Party/FreeRTOS/Source/tasks.o
                0x080056a4                vTaskInternalSetTimeOutState
 .text.xTaskCheckForTimeOut
                0x080056d0       0xc8 ./Middlewares/Third_Party/FreeRTOS/Source/tasks.o
                0x080056d0                xTaskCheckForTimeOut
 .text.vTaskMissedYield
                0x08005798       0x18 ./Middlewares/Third_Party/FreeRTOS/Source/tasks.o
                0x08005798                vTaskMissedYield
 .text.prvIdleTask
                0x080057b0       0x30 ./Middlewares/Third_Party/FreeRTOS/Source/tasks.o
 .text.prvInitialiseTaskLists
                0x080057e0       0x80 ./Middlewares/Third_Party/FreeRTOS/Source/tasks.o
 .text.prvCheckTasksWaitingTermination
                0x08005860       0x5c ./Middlewares/Third_Party/FreeRTOS/Source/tasks.o
 .text.prvDeleteTCB
                0x080058bc       0x6a ./Middlewares/Third_Party/FreeRTOS/Source/tasks.o
 *fill*         0x08005926        0x2 
 .text.prvResetNextTaskUnblockTime
                0x08005928       0x40 ./Middlewares/Third_Party/FreeRTOS/Source/tasks.o
 .text.xTaskGetSchedulerState
                0x08005968       0x3c ./Middlewares/Third_Party/FreeRTOS/Source/tasks.o
                0x08005968                xTaskGetSchedulerState
 .text.xTaskPriorityInherit
                0x080059a4       0xd0 ./Middlewares/Third_Party/FreeRTOS/Source/tasks.o
                0x080059a4                xTaskPriorityInherit
 .text.xTaskPriorityDisinherit
                0x08005a74       0xe0 ./Middlewares/Third_Party/FreeRTOS/Source/tasks.o
                0x08005a74                xTaskPriorityDisinherit
 .text.vTaskPriorityDisinheritAfterTimeout
                0x08005b54      0x108 ./Middlewares/Third_Party/FreeRTOS/Source/tasks.o
                0x08005b54                vTaskPriorityDisinheritAfterTimeout
 .text.pvTaskIncrementMutexHeldCount
                0x08005c5c       0x28 ./Middlewares/Third_Party/FreeRTOS/Source/tasks.o
                0x08005c5c                pvTaskIncrementMutexHeldCount
 .text.prvAddCurrentTaskToDelayedList
                0x08005c84       0xa8 ./Middlewares/Third_Party/FreeRTOS/Source/tasks.o
 .text.xTimerCreateTimerTask
                0x08005d2c       0x94 ./Middlewares/Third_Party/FreeRTOS/Source/timers.o
                0x08005d2c                xTimerCreateTimerTask
 .text.xTimerGenericCommand
                0x08005dc0       0x9c ./Middlewares/Third_Party/FreeRTOS/Source/timers.o
                0x08005dc0                xTimerGenericCommand
 .text.prvProcessExpiredTimer
                0x08005e5c       0x9c ./Middlewares/Third_Party/FreeRTOS/Source/timers.o
 .text.prvTimerTask
                0x08005ef8       0x26 ./Middlewares/Third_Party/FreeRTOS/Source/timers.o
 *fill*         0x08005f1e        0x2 
 .text.prvProcessTimerOrBlockTask
                0x08005f20       0x9c ./Middlewares/Third_Party/FreeRTOS/Source/timers.o
 .text.prvGetNextExpireTime
                0x08005fbc       0x48 ./Middlewares/Third_Party/FreeRTOS/Source/timers.o
 .text.prvSampleTimeNow
                0x08006004       0x40 ./Middlewares/Third_Party/FreeRTOS/Source/timers.o
 .text.prvInsertTimerInActiveList
                0x08006044       0x84 ./Middlewares/Third_Party/FreeRTOS/Source/timers.o
 .text.prvProcessReceivedCommands
                0x080060c8      0x1cc ./Middlewares/Third_Party/FreeRTOS/Source/timers.o
 .text.prvSwitchTimerLists
                0x08006294       0xcc ./Middlewares/Third_Party/FreeRTOS/Source/timers.o
 .text.prvCheckForValidListAndQueue
                0x08006360       0x80 ./Middlewares/Third_Party/FreeRTOS/Source/timers.o
 .text.pxPortInitialiseStack
                0x080063e0       0x68 ./Middlewares/Third_Party/FreeRTOS/Source/portable/GCC/ARM_CM4F/port.o
                0x080063e0                pxPortInitialiseStack
 .text.prvTaskExitError
                0x08006448       0x5c ./Middlewares/Third_Party/FreeRTOS/Source/portable/GCC/ARM_CM4F/port.o
 *fill*         0x080064a4        0xc 
 .text.SVC_Handler
                0x080064b0       0x28 ./Middlewares/Third_Party/FreeRTOS/Source/portable/GCC/ARM_CM4F/port.o
                0x080064b0                SVC_Handler
 .text.prvPortStartFirstTask
                0x080064d8       0x28 ./Middlewares/Third_Party/FreeRTOS/Source/portable/GCC/ARM_CM4F/port.o
 .text.xPortStartScheduler
                0x08006500      0x148 ./Middlewares/Third_Party/FreeRTOS/Source/portable/GCC/ARM_CM4F/port.o
                0x08006500                xPortStartScheduler
 .text.vPortEnterCritical
                0x08006648       0x64 ./Middlewares/Third_Party/FreeRTOS/Source/portable/GCC/ARM_CM4F/port.o
                0x08006648                vPortEnterCritical
 .text.vPortExitCritical
                0x080066ac       0x54 ./Middlewares/Third_Party/FreeRTOS/Source/portable/GCC/ARM_CM4F/port.o
                0x080066ac                vPortExitCritical
 .text.PendSV_Handler
                0x08006700       0x68 ./Middlewares/Third_Party/FreeRTOS/Source/portable/GCC/ARM_CM4F/port.o
                0x08006700                PendSV_Handler
 .text.xPortSysTickHandler
                0x08006768       0x44 ./Middlewares/Third_Party/FreeRTOS/Source/portable/GCC/ARM_CM4F/port.o
                0x08006768                xPortSysTickHandler
 .text.vPortSetupTimerInterrupt
                0x080067ac       0x48 ./Middlewares/Third_Party/FreeRTOS/Source/portable/GCC/ARM_CM4F/port.o
                0x080067ac                vPortSetupTimerInterrupt
 .text.vPortEnableVFP
                0x080067f4       0x14 ./Middlewares/Third_Party/FreeRTOS/Source/portable/GCC/ARM_CM4F/port.o
 .text.vPortValidateInterruptPriority
                0x08006808       0x84 ./Middlewares/Third_Party/FreeRTOS/Source/portable/GCC/ARM_CM4F/port.o
                0x08006808                vPortValidateInterruptPriority
 .text.pvPortMalloc
                0x0800688c      0x19c ./Middlewares/Third_Party/FreeRTOS/Source/portable/MemMang/heap_4.o
                0x0800688c                pvPortMalloc
 .text.vPortFree
                0x08006a28       0xc8 ./Middlewares/Third_Party/FreeRTOS/Source/portable/MemMang/heap_4.o
                0x08006a28                vPortFree
 .text.prvHeapInit
                0x08006af0       0xc4 ./Middlewares/Third_Party/FreeRTOS/Source/portable/MemMang/heap_4.o
 .text.prvInsertBlockIntoFreeList
                0x08006bb4       0xb4 ./Middlewares/Third_Party/FreeRTOS/Source/portable/MemMang/heap_4.o
 .text.memset   0x08006c68       0x10 C:/ST/STM32CubeIDE_1.15.1/STM32CubeIDE/plugins/com.st.stm32cube.ide.mcu.externaltools.gnu-tools-for-stm32.12.3.rel1.win32_1.0.100.202403111256/tools/bin/../lib/gcc/arm-none-eabi/12.3.1/../../../../arm-none-eabi/lib/thumb/v7e-m+fp/hard\libc_nano.a(libc_a-memset.o)
                0x08006c68                memset
 .text._reclaim_reent
                0x08006c78       0xac C:/ST/STM32CubeIDE_1.15.1/STM32CubeIDE/plugins/com.st.stm32cube.ide.mcu.externaltools.gnu-tools-for-stm32.12.3.rel1.win32_1.0.100.202403111256/tools/bin/../lib/gcc/arm-none-eabi/12.3.1/../../../../arm-none-eabi/lib/thumb/v7e-m+fp/hard\libc_nano.a(libc_a-reent.o)
                0x08006c78                _reclaim_reent
 .text.__libc_init_array
                0x08006d24       0x48 C:/ST/STM32CubeIDE_1.15.1/STM32CubeIDE/plugins/com.st.stm32cube.ide.mcu.externaltools.gnu-tools-for-stm32.12.3.rel1.win32_1.0.100.202403111256/tools/bin/../lib/gcc/arm-none-eabi/12.3.1/../../../../arm-none-eabi/lib/thumb/v7e-m+fp/hard\libc_nano.a(libc_a-init.o)
                0x08006d24                __libc_init_array
 .text.__retarget_lock_acquire_recursive
                0x08006d6c        0x2 C:/ST/STM32CubeIDE_1.15.1/STM32CubeIDE/plugins/com.st.stm32cube.ide.mcu.externaltools.gnu-tools-for-stm32.12.3.rel1.win32_1.0.100.202403111256/tools/bin/../lib/gcc/arm-none-eabi/12.3.1/../../../../arm-none-eabi/lib/thumb/v7e-m+fp/hard\libc_nano.a(libc_a-lock.o)
                0x08006d6c                __retarget_lock_acquire_recursive
 .text.__retarget_lock_release_recursive
                0x08006d6e        0x2 C:/ST/STM32CubeIDE_1.15.1/STM32CubeIDE/plugins/com.st.stm32cube.ide.mcu.externaltools.gnu-tools-for-stm32.12.3.rel1.win32_1.0.100.202403111256/tools/bin/../lib/gcc/arm-none-eabi/12.3.1/../../../../arm-none-eabi/lib/thumb/v7e-m+fp/hard\libc_nano.a(libc_a-lock.o)
                0x08006d6e                __retarget_lock_release_recursive
 .text.memcpy   0x08006d70       0x1c C:/ST/STM32CubeIDE_1.15.1/STM32CubeIDE/plugins/com.st.stm32cube.ide.mcu.externaltools.gnu-tools-for-stm32.12.3.rel1.win32_1.0.100.202403111256/tools/bin/../lib/gcc/arm-none-eabi/12.3.1/../../../../arm-none-eabi/lib/thumb/v7e-m+fp/hard\libc_nano.a(libc_a-memcpy-stub.o)
                0x08006d70                memcpy
 .text._free_r  0x08006d8c       0x94 C:/ST/STM32CubeIDE_1.15.1/STM32CubeIDE/plugins/com.st.stm32cube.ide.mcu.externaltools.gnu-tools-for-stm32.12.3.rel1.win32_1.0.100.202403111256/tools/bin/../lib/gcc/arm-none-eabi/12.3.1/../../../../arm-none-eabi/lib/thumb/v7e-m+fp/hard\libc_nano.a(libc_a-freer.o)
                0x08006d8c                _free_r
 .text.__malloc_lock
                0x08006e20        0xc C:/ST/STM32CubeIDE_1.15.1/STM32CubeIDE/plugins/com.st.stm32cube.ide.mcu.externaltools.gnu-tools-for-stm32.12.3.rel1.win32_1.0.100.202403111256/tools/bin/../lib/gcc/arm-none-eabi/12.3.1/../../../../arm-none-eabi/lib/thumb/v7e-m+fp/hard\libc_nano.a(libc_a-mlock.o)
                0x08006e20                __malloc_lock
 .text.__malloc_unlock
                0x08006e2c        0xc C:/ST/STM32CubeIDE_1.15.1/STM32CubeIDE/plugins/com.st.stm32cube.ide.mcu.externaltools.gnu-tools-for-stm32.12.3.rel1.win32_1.0.100.202403111256/tools/bin/../lib/gcc/arm-none-eabi/12.3.1/../../../../arm-none-eabi/lib/thumb/v7e-m+fp/hard\libc_nano.a(libc_a-mlock.o)
                0x08006e2c                __malloc_unlock
 *(.glue_7)
 .glue_7        0x08006e38        0x0 linker stubs
 *(.glue_7t)
 .glue_7t       0x08006e38        0x0 linker stubs
 *(.eh_frame)
 .eh_frame      0x08006e38        0x0 C:/ST/STM32CubeIDE_1.15.1/STM32CubeIDE/plugins/com.st.stm32cube.ide.mcu.externaltools.gnu-tools-for-stm32.12.3.rel1.win32_1.0.100.202403111256/tools/bin/../lib/gcc/arm-none-eabi/12.3.1/thumb/v7e-m+fp/hard/crtbegin.o
 *(.init)
 .init          0x08006e38        0x4 C:/ST/STM32CubeIDE_1.15.1/STM32CubeIDE/plugins/com.st.stm32cube.ide.mcu.externaltools.gnu-tools-for-stm32.12.3.rel1.win32_1.0.100.202403111256/tools/bin/../lib/gcc/arm-none-eabi/12.3.1/thumb/v7e-m+fp/hard/crti.o
                0x08006e38                _init
 .init          0x08006e3c        0x8 C:/ST/STM32CubeIDE_1.15.1/STM32CubeIDE/plugins/com.st.stm32cube.ide.mcu.externaltools.gnu-tools-for-stm32.12.3.rel1.win32_1.0.100.202403111256/tools/bin/../lib/gcc/arm-none-eabi/12.3.1/thumb/v7e-m+fp/hard/crtn.o
 *(.fini)
 .fini          0x08006e44        0x4 C:/ST/STM32CubeIDE_1.15.1/STM32CubeIDE/plugins/com.st.stm32cube.ide.mcu.externaltools.gnu-tools-for-stm32.12.3.rel1.win32_1.0.100.202403111256/tools/bin/../lib/gcc/arm-none-eabi/12.3.1/thumb/v7e-m+fp/hard/crti.o
                0x08006e44                _fini
 .fini          0x08006e48        0x8 C:/ST/STM32CubeIDE_1.15.1/STM32CubeIDE/plugins/com.st.stm32cube.ide.mcu.externaltools.gnu-tools-for-stm32.12.3.rel1.win32_1.0.100.202403111256/tools/bin/../lib/gcc/arm-none-eabi/12.3.1/thumb/v7e-m+fp/hard/crtn.o
                0x08006e50                        . = ALIGN (0x4)
                0x08006e50                        _etext = .

.vfp11_veneer   0x08006e50        0x0
 .vfp11_veneer  0x08006e50        0x0 linker stubs

.v4_bx          0x08006e50        0x0
 .v4_bx         0x08006e50        0x0 linker stubs

.iplt           0x08006e50        0x0
 .iplt          0x08006e50        0x0 C:/ST/STM32CubeIDE_1.15.1/STM32CubeIDE/plugins/com.st.stm32cube.ide.mcu.externaltools.gnu-tools-for-stm32.12.3.rel1.win32_1.0.100.202403111256/tools/bin/../lib/gcc/arm-none-eabi/12.3.1/thumb/v7e-m+fp/hard/crtbegin.o

.rodata         0x08006e50      0x12c
                0x08006e50                        . = ALIGN (0x4)
 *(.rodata)
 .rodata        0x08006e50       0x5f ./Core/Src/main.o
 *fill*         0x08006eaf        0x1 
 .rodata        0x08006eb0        0x5 ./Middlewares/Third_Party/FreeRTOS/Source/tasks.o
 *fill*         0x08006eb5        0x3 
 .rodata        0x08006eb8        0xd ./Middlewares/Third_Party/FreeRTOS/Source/timers.o
 *(.rodata*)
 *fill*         0x08006ec5        0x3 
 .rodata.defaultTask_attributes
                0x08006ec8       0x24 ./Core/Src/main.o
                0x08006ec8                defaultTask_attributes
 .rodata.Communication_T_attributes
                0x08006eec       0x24 ./Core/Src/main.o
                0x08006eec                Communication_T_attributes
 .rodata.ControllingTask_attributes
                0x08006f10       0x24 ./Core/Src/main.o
                0x08006f10                ControllingTask_attributes
 .rodata.Semaphore1_attributes
                0x08006f34       0x10 ./Core/Src/main.o
                0x08006f34                Semaphore1_attributes
 .rodata.Semaphore2_attributes
                0x08006f44       0x10 ./Core/Src/main.o
                0x08006f44                Semaphore2_attributes
 .rodata.Semaphore3_attributes
                0x08006f54       0x10 ./Core/Src/main.o
                0x08006f54                Semaphore3_attributes
 .rodata.AHBPrescTable
                0x08006f64       0x10 ./Core/Src/system_stm32f4xx.o
                0x08006f64                AHBPrescTable
 .rodata.APBPrescTable
                0x08006f74        0x8 ./Core/Src/system_stm32f4xx.o
                0x08006f74                APBPrescTable
                0x08006f7c                        . = ALIGN (0x4)

.ARM.extab      0x08006f7c        0x0
                0x08006f7c                        . = ALIGN (0x4)
 *(.ARM.extab* .gnu.linkonce.armextab.*)
                0x08006f7c                        . = ALIGN (0x4)

.ARM            0x08006f7c        0x8
                0x08006f7c                        . = ALIGN (0x4)
                0x08006f7c                        __exidx_start = .
 *(.ARM.exidx*)
 .ARM.exidx     0x08006f7c        0x8 C:/ST/STM32CubeIDE_1.15.1/STM32CubeIDE/plugins/com.st.stm32cube.ide.mcu.externaltools.gnu-tools-for-stm32.12.3.rel1.win32_1.0.100.202403111256/tools/bin/../lib/gcc/arm-none-eabi/12.3.1/thumb/v7e-m+fp/hard\libgcc.a(_udivmoddi4.o)
                0x08006f84                        __exidx_end = .
                0x08006f84                        . = ALIGN (0x4)

.preinit_array  0x08006f84        0x0
                0x08006f84                        . = ALIGN (0x4)
                0x08006f84                        PROVIDE (__preinit_array_start = .)
 *(.preinit_array*)
                0x08006f84                        PROVIDE (__preinit_array_end = .)
                0x08006f84                        . = ALIGN (0x4)

.init_array     0x08006f84        0x4
                0x08006f84                        . = ALIGN (0x4)
                0x08006f84                        PROVIDE (__init_array_start = .)
 *(SORT_BY_NAME(.init_array.*))
 *(.init_array*)
 .init_array    0x08006f84        0x4 C:/ST/STM32CubeIDE_1.15.1/STM32CubeIDE/plugins/com.st.stm32cube.ide.mcu.externaltools.gnu-tools-for-stm32.12.3.rel1.win32_1.0.100.202403111256/tools/bin/../lib/gcc/arm-none-eabi/12.3.1/thumb/v7e-m+fp/hard/crtbegin.o
                0x08006f88                        PROVIDE (__init_array_end = .)
                0x08006f88                        . = ALIGN (0x4)

.fini_array     0x08006f88        0x4
                0x08006f88                        . = ALIGN (0x4)
                [!provide]                        PROVIDE (__fini_array_start = .)
 *(SORT_BY_NAME(.fini_array.*))
 *(.fini_array*)
 .fini_array    0x08006f88        0x4 C:/ST/STM32CubeIDE_1.15.1/STM32CubeIDE/plugins/com.st.stm32cube.ide.mcu.externaltools.gnu-tools-for-stm32.12.3.rel1.win32_1.0.100.202403111256/tools/bin/../lib/gcc/arm-none-eabi/12.3.1/thumb/v7e-m+fp/hard/crtbegin.o
                [!provide]                        PROVIDE (__fini_array_end = .)
                0x08006f8c                        . = ALIGN (0x4)
                0x08006f8c                        _sidata = LOADADDR (.data)

.rel.dyn        0x08006f8c        0x0
 .rel.iplt      0x08006f8c        0x0 C:/ST/STM32CubeIDE_1.15.1/STM32CubeIDE/plugins/com.st.stm32cube.ide.mcu.externaltools.gnu-tools-for-stm32.12.3.rel1.win32_1.0.100.202403111256/tools/bin/../lib/gcc/arm-none-eabi/12.3.1/thumb/v7e-m+fp/hard/crtbegin.o

.data           0x20000000       0x60 load address 0x08006f8c
                0x20000000                        . = ALIGN (0x4)
                0x20000000                        _sdata = .
 *(.data)
 *(.data*)
 .data.SystemCoreClock
                0x20000000        0x4 ./Core/Src/system_stm32f4xx.o
                0x20000000                SystemCoreClock
 .data.uwTickPrio
                0x20000004        0x4 ./Drivers/STM32F4xx_HAL_Driver/Src/stm32f4xx_hal.o
                0x20000004                uwTickPrio
 .data.uwTickFreq
                0x20000008        0x1 ./Drivers/STM32F4xx_HAL_Driver/Src/stm32f4xx_hal.o
                0x20000008                uwTickFreq
 *fill*         0x20000009        0x3 
 .data.uxCriticalNesting
                0x2000000c        0x4 ./Middlewares/Third_Party/FreeRTOS/Source/portable/GCC/ARM_CM4F/port.o
 .data._impure_ptr
                0x20000010        0x4 C:/ST/STM32CubeIDE_1.15.1/STM32CubeIDE/plugins/com.st.stm32cube.ide.mcu.externaltools.gnu-tools-for-stm32.12.3.rel1.win32_1.0.100.202403111256/tools/bin/../lib/gcc/arm-none-eabi/12.3.1/../../../../arm-none-eabi/lib/thumb/v7e-m+fp/hard\libc_nano.a(libc_a-impure.o)
                0x20000010                _impure_ptr
 .data._impure_data
                0x20000014       0x4c C:/ST/STM32CubeIDE_1.15.1/STM32CubeIDE/plugins/com.st.stm32cube.ide.mcu.externaltools.gnu-tools-for-stm32.12.3.rel1.win32_1.0.100.202403111256/tools/bin/../lib/gcc/arm-none-eabi/12.3.1/../../../../arm-none-eabi/lib/thumb/v7e-m+fp/hard\libc_nano.a(libc_a-impure.o)
                0x20000014                _impure_data
 *(.RamFunc)
 *(.RamFunc*)
                0x20000060                        . = ALIGN (0x4)
                0x20000060                        _edata = .

.igot.plt       0x20000060        0x0 load address 0x08006fec
 .igot.plt      0x20000060        0x0 C:/ST/STM32CubeIDE_1.15.1/STM32CubeIDE/plugins/com.st.stm32cube.ide.mcu.externaltools.gnu-tools-for-stm32.12.3.rel1.win32_1.0.100.202403111256/tools/bin/../lib/gcc/arm-none-eabi/12.3.1/thumb/v7e-m+fp/hard/crtbegin.o
                0x20000060                        . = ALIGN (0x4)

.bss            0x20000060     0x4cec load address 0x08006fec
                0x20000060                        _sbss = .
                0x20000060                        __bss_start__ = _sbss
 *(.bss)
 .bss           0x20000060       0x1c C:/ST/STM32CubeIDE_1.15.1/STM32CubeIDE/plugins/com.st.stm32cube.ide.mcu.externaltools.gnu-tools-for-stm32.12.3.rel1.win32_1.0.100.202403111256/tools/bin/../lib/gcc/arm-none-eabi/12.3.1/thumb/v7e-m+fp/hard/crtbegin.o
 *(.bss*)
 .bss.steering_data
                0x2000007c        0x5 ./Core/Src/Communication.o
                0x2000007c                steering_data
 *fill*         0x20000081        0x3 
 .bss.uart_rx_buffer
                0x20000084        0x5 ./Core/Src/Communication.o
                0x20000084                uart_rx_buffer
 *fill*         0x20000089        0x3 
 .bss.sConfigOC
                0x2000008c       0x54 ./Core/Src/Controlling.o
                0x2000008c                sConfigOC
 .bss.htim1     0x200000e0       0x48 ./Core/Src/main.o
                0x200000e0                htim1
 .bss.htim3     0x20000128       0x48 ./Core/Src/main.o
                0x20000128                htim3
 .bss.huart2    0x20000170       0x48 ./Core/Src/main.o
                0x20000170                huart2
 .bss.defaultTaskHandle
                0x200001b8        0x4 ./Core/Src/main.o
                0x200001b8                defaultTaskHandle
 .bss.Communication_THandle
                0x200001bc        0x4 ./Core/Src/main.o
                0x200001bc                Communication_THandle
 .bss.ControllingTaskHandle
                0x200001c0        0x4 ./Core/Src/main.o
                0x200001c0                ControllingTaskHandle
 .bss.Semaphore1Handle
                0x200001c4        0x4 ./Core/Src/main.o
                0x200001c4                Semaphore1Handle
 .bss.Semaphore2Handle
                0x200001c8        0x4 ./Core/Src/main.o
                0x200001c8                Semaphore2Handle
 .bss.Semaphore3Handle
                0x200001cc        0x4 ./Core/Src/main.o
                0x200001cc                Semaphore3Handle
 .bss.Max_Steering_Right
                0x200001d0        0x4 ./Core/Src/main.o
                0x200001d0                Max_Steering_Right
 .bss.Max_Steering_Left
                0x200001d4        0x4 ./Core/Src/main.o
                0x200001d4                Max_Steering_Left
 .bss.htim2     0x200001d8       0x48 ./Core/Src/stm32f4xx_hal_timebase_tim.o
                0x200001d8                htim2
 .bss.uwTick    0x20000220        0x4 ./Drivers/STM32F4xx_HAL_Driver/Src/stm32f4xx_hal.o
                0x20000220                uwTick
 .bss.KernelState
                0x20000224        0x4 ./Middlewares/Third_Party/FreeRTOS/Source/CMSIS_RTOS_V2/cmsis_os2.o
 .bss.Idle_TCB.3
                0x20000228       0xa8 ./Middlewares/Third_Party/FreeRTOS/Source/CMSIS_RTOS_V2/cmsis_os2.o
 .bss.Idle_Stack.2
                0x200002d0      0x200 ./Middlewares/Third_Party/FreeRTOS/Source/CMSIS_RTOS_V2/cmsis_os2.o
 .bss.Timer_TCB.1
                0x200004d0       0xa8 ./Middlewares/Third_Party/FreeRTOS/Source/CMSIS_RTOS_V2/cmsis_os2.o
 .bss.Timer_Stack.0
                0x20000578      0x400 ./Middlewares/Third_Party/FreeRTOS/Source/CMSIS_RTOS_V2/cmsis_os2.o
 .bss.xQueueRegistry
                0x20000978       0x40 ./Middlewares/Third_Party/FreeRTOS/Source/queue.o
                0x20000978                xQueueRegistry
 .bss.pxCurrentTCB
                0x200009b8        0x4 ./Middlewares/Third_Party/FreeRTOS/Source/tasks.o
                0x200009b8                pxCurrentTCB
 .bss.pxReadyTasksLists
                0x200009bc      0x460 ./Middlewares/Third_Party/FreeRTOS/Source/tasks.o
 .bss.xDelayedTaskList1
                0x20000e1c       0x14 ./Middlewares/Third_Party/FreeRTOS/Source/tasks.o
 .bss.xDelayedTaskList2
                0x20000e30       0x14 ./Middlewares/Third_Party/FreeRTOS/Source/tasks.o
 .bss.pxDelayedTaskList
                0x20000e44        0x4 ./Middlewares/Third_Party/FreeRTOS/Source/tasks.o
 .bss.pxOverflowDelayedTaskList
                0x20000e48        0x4 ./Middlewares/Third_Party/FreeRTOS/Source/tasks.o
 .bss.xPendingReadyList
                0x20000e4c       0x14 ./Middlewares/Third_Party/FreeRTOS/Source/tasks.o
 .bss.xTasksWaitingTermination
                0x20000e60       0x14 ./Middlewares/Third_Party/FreeRTOS/Source/tasks.o
 .bss.uxDeletedTasksWaitingCleanUp
                0x20000e74        0x4 ./Middlewares/Third_Party/FreeRTOS/Source/tasks.o
 .bss.xSuspendedTaskList
                0x20000e78       0x14 ./Middlewares/Third_Party/FreeRTOS/Source/tasks.o
 .bss.uxCurrentNumberOfTasks
                0x20000e8c        0x4 ./Middlewares/Third_Party/FreeRTOS/Source/tasks.o
 .bss.xTickCount
                0x20000e90        0x4 ./Middlewares/Third_Party/FreeRTOS/Source/tasks.o
 .bss.uxTopReadyPriority
                0x20000e94        0x4 ./Middlewares/Third_Party/FreeRTOS/Source/tasks.o
 .bss.xSchedulerRunning
                0x20000e98        0x4 ./Middlewares/Third_Party/FreeRTOS/Source/tasks.o
 .bss.xPendedTicks
                0x20000e9c        0x4 ./Middlewares/Third_Party/FreeRTOS/Source/tasks.o
 .bss.xYieldPending
                0x20000ea0        0x4 ./Middlewares/Third_Party/FreeRTOS/Source/tasks.o
 .bss.xNumOfOverflows
                0x20000ea4        0x4 ./Middlewares/Third_Party/FreeRTOS/Source/tasks.o
 .bss.uxTaskNumber
                0x20000ea8        0x4 ./Middlewares/Third_Party/FreeRTOS/Source/tasks.o
 .bss.xNextTaskUnblockTime
                0x20000eac        0x4 ./Middlewares/Third_Party/FreeRTOS/Source/tasks.o
 .bss.xIdleTaskHandle
                0x20000eb0        0x4 ./Middlewares/Third_Party/FreeRTOS/Source/tasks.o
 .bss.uxSchedulerSuspended
                0x20000eb4        0x4 ./Middlewares/Third_Party/FreeRTOS/Source/tasks.o
 .bss.xActiveTimerList1
                0x20000eb8       0x14 ./Middlewares/Third_Party/FreeRTOS/Source/timers.o
 .bss.xActiveTimerList2
                0x20000ecc       0x14 ./Middlewares/Third_Party/FreeRTOS/Source/timers.o
 .bss.pxCurrentTimerList
                0x20000ee0        0x4 ./Middlewares/Third_Party/FreeRTOS/Source/timers.o
 .bss.pxOverflowTimerList
                0x20000ee4        0x4 ./Middlewares/Third_Party/FreeRTOS/Source/timers.o
 .bss.xTimerQueue
                0x20000ee8        0x4 ./Middlewares/Third_Party/FreeRTOS/Source/timers.o
 .bss.xTimerTaskHandle
                0x20000eec        0x4 ./Middlewares/Third_Party/FreeRTOS/Source/timers.o
 .bss.xLastTime.2
                0x20000ef0        0x4 ./Middlewares/Third_Party/FreeRTOS/Source/timers.o
 .bss.ucStaticTimerQueueStorage.1
                0x20000ef4       0xa0 ./Middlewares/Third_Party/FreeRTOS/Source/timers.o
 .bss.xStaticTimerQueue.0
                0x20000f94       0x50 ./Middlewares/Third_Party/FreeRTOS/Source/timers.o
 .bss.ucMaxSysCallPriority
                0x20000fe4        0x1 ./Middlewares/Third_Party/FreeRTOS/Source/portable/GCC/ARM_CM4F/port.o
 *fill*         0x20000fe5        0x3 
 .bss.ulMaxPRIGROUPValue
                0x20000fe8        0x4 ./Middlewares/Third_Party/FreeRTOS/Source/portable/GCC/ARM_CM4F/port.o
 .bss.ucHeap    0x20000fec     0x3c00 ./Middlewares/Third_Party/FreeRTOS/Source/portable/MemMang/heap_4.o
 .bss.xStart    0x20004bec        0x8 ./Middlewares/Third_Party/FreeRTOS/Source/portable/MemMang/heap_4.o
 .bss.pxEnd     0x20004bf4        0x4 ./Middlewares/Third_Party/FreeRTOS/Source/portable/MemMang/heap_4.o
 .bss.xFreeBytesRemaining
                0x20004bf8        0x4 ./Middlewares/Third_Party/FreeRTOS/Source/portable/MemMang/heap_4.o
 .bss.xMinimumEverFreeBytesRemaining
                0x20004bfc        0x4 ./Middlewares/Third_Party/FreeRTOS/Source/portable/MemMang/heap_4.o
 .bss.xNumberOfSuccessfulAllocations
                0x20004c00        0x4 ./Middlewares/Third_Party/FreeRTOS/Source/portable/MemMang/heap_4.o
 .bss.xNumberOfSuccessfulFrees
                0x20004c04        0x4 ./Middlewares/Third_Party/FreeRTOS/Source/portable/MemMang/heap_4.o
 .bss.xBlockAllocatedBit
                0x20004c08        0x4 ./Middlewares/Third_Party/FreeRTOS/Source/portable/MemMang/heap_4.o
 .bss.__sf      0x20004c0c      0x138 C:/ST/STM32CubeIDE_1.15.1/STM32CubeIDE/plugins/com.st.stm32cube.ide.mcu.externaltools.gnu-tools-for-stm32.12.3.rel1.win32_1.0.100.202403111256/tools/bin/../lib/gcc/arm-none-eabi/12.3.1/../../../../arm-none-eabi/lib/thumb/v7e-m+fp/hard\libc_nano.a(libc_a-findfp.o)
                0x20004c0c                __sf
 .bss.__lock___malloc_recursive_mutex
                0x20004d44        0x1 C:/ST/STM32CubeIDE_1.15.1/STM32CubeIDE/plugins/com.st.stm32cube.ide.mcu.externaltools.gnu-tools-for-stm32.12.3.rel1.win32_1.0.100.202403111256/tools/bin/../lib/gcc/arm-none-eabi/12.3.1/../../../../arm-none-eabi/lib/thumb/v7e-m+fp/hard\libc_nano.a(libc_a-lock.o)
                0x20004d44                __lock___malloc_recursive_mutex
 *fill*         0x20004d45        0x3 
 .bss.__malloc_free_list
                0x20004d48        0x4 C:/ST/STM32CubeIDE_1.15.1/STM32CubeIDE/plugins/com.st.stm32cube.ide.mcu.externaltools.gnu-tools-for-stm32.12.3.rel1.win32_1.0.100.202403111256/tools/bin/../lib/gcc/arm-none-eabi/12.3.1/../../../../arm-none-eabi/lib/thumb/v7e-m+fp/hard\libc_nano.a(libc_a-mallocr.o)
                0x20004d48                __malloc_free_list
 *(COMMON)
                0x20004d4c                        . = ALIGN (0x4)
                0x20004d4c                        _ebss = .
                0x20004d4c                        __bss_end__ = _ebss

._user_heap_stack
                0x20004d4c      0x604 load address 0x08006fec
                0x20004d50                        . = ALIGN (0x8)
 *fill*         0x20004d4c        0x4 
                [!provide]                        PROVIDE (end = .)
                0x20004d50                        PROVIDE (_end = .)
                0x20004f50                        . = (. + _Min_Heap_Size)
 *fill*         0x20004d50      0x200 
                0x20005350                        . = (. + _Min_Stack_Size)
 *fill*         0x20004f50      0x400 
                0x20005350                        . = ALIGN (0x8)

/DISCARD/
 libc.a(*)
 libm.a(*)
 libgcc.a(*)

.ARM.attributes
                0x00000000       0x30
 *(.ARM.attributes)
 .ARM.attributes
                0x00000000       0x22 C:/ST/STM32CubeIDE_1.15.1/STM32CubeIDE/plugins/com.st.stm32cube.ide.mcu.externaltools.gnu-tools-for-stm32.12.3.rel1.win32_1.0.100.202403111256/tools/bin/../lib/gcc/arm-none-eabi/12.3.1/thumb/v7e-m+fp/hard/crti.o
 .ARM.attributes
                0x00000022       0x34 C:/ST/STM32CubeIDE_1.15.1/STM32CubeIDE/plugins/com.st.stm32cube.ide.mcu.externaltools.gnu-tools-for-stm32.12.3.rel1.win32_1.0.100.202403111256/tools/bin/../lib/gcc/arm-none-eabi/12.3.1/thumb/v7e-m+fp/hard/crtbegin.o
 .ARM.attributes
                0x00000056       0x34 ./Core/Src/Communication.o
 .ARM.attributes
                0x0000008a       0x34 ./Core/Src/Controlling.o
 .ARM.attributes
                0x000000be       0x34 ./Core/Src/main.o
 .ARM.attributes
                0x000000f2       0x34 ./Core/Src/stm32f4xx_hal_msp.o
 .ARM.attributes
                0x00000126       0x34 ./Core/Src/stm32f4xx_hal_timebase_tim.o
 .ARM.attributes
                0x0000015a       0x34 ./Core/Src/stm32f4xx_it.o
 .ARM.attributes
                0x0000018e       0x34 ./Core/Src/system_stm32f4xx.o
 .ARM.attributes
                0x000001c2       0x21 ./Core/Startup/startup_stm32f401rctx.o
 .ARM.attributes
                0x000001e3       0x34 ./Drivers/STM32F4xx_HAL_Driver/Src/stm32f4xx_hal.o
 .ARM.attributes
                0x00000217       0x34 ./Drivers/STM32F4xx_HAL_Driver/Src/stm32f4xx_hal_cortex.o
 .ARM.attributes
                0x0000024b       0x34 ./Drivers/STM32F4xx_HAL_Driver/Src/stm32f4xx_hal_gpio.o
 .ARM.attributes
                0x0000027f       0x34 ./Drivers/STM32F4xx_HAL_Driver/Src/stm32f4xx_hal_rcc.o
 .ARM.attributes
                0x000002b3       0x34 ./Drivers/STM32F4xx_HAL_Driver/Src/stm32f4xx_hal_tim.o
 .ARM.attributes
                0x000002e7       0x34 ./Drivers/STM32F4xx_HAL_Driver/Src/stm32f4xx_hal_tim_ex.o
 .ARM.attributes
                0x0000031b       0x34 ./Drivers/STM32F4xx_HAL_Driver/Src/stm32f4xx_hal_uart.o
 .ARM.attributes
                0x0000034f       0x34 ./Middlewares/Third_Party/FreeRTOS/Source/CMSIS_RTOS_V2/cmsis_os2.o
 .ARM.attributes
                0x00000383       0x34 ./Middlewares/Third_Party/FreeRTOS/Source/list.o
 .ARM.attributes
                0x000003b7       0x34 ./Middlewares/Third_Party/FreeRTOS/Source/queue.o
 .ARM.attributes
                0x000003eb       0x34 ./Middlewares/Third_Party/FreeRTOS/Source/tasks.o
 .ARM.attributes
                0x0000041f       0x34 ./Middlewares/Third_Party/FreeRTOS/Source/timers.o
 .ARM.attributes
                0x00000453       0x34 ./Middlewares/Third_Party/FreeRTOS/Source/portable/GCC/ARM_CM4F/port.o
 .ARM.attributes
                0x00000487       0x34 ./Middlewares/Third_Party/FreeRTOS/Source/portable/MemMang/heap_4.o
 .ARM.attributes
                0x000004bb       0x34 C:/ST/STM32CubeIDE_1.15.1/STM32CubeIDE/plugins/com.st.stm32cube.ide.mcu.externaltools.gnu-tools-for-stm32.12.3.rel1.win32_1.0.100.202403111256/tools/bin/../lib/gcc/arm-none-eabi/12.3.1/../../../../arm-none-eabi/lib/thumb/v7e-m+fp/hard\libc_nano.a(libc_a-findfp.o)
 .ARM.attributes
                0x000004ef       0x34 C:/ST/STM32CubeIDE_1.15.1/STM32CubeIDE/plugins/com.st.stm32cube.ide.mcu.externaltools.gnu-tools-for-stm32.12.3.rel1.win32_1.0.100.202403111256/tools/bin/../lib/gcc/arm-none-eabi/12.3.1/../../../../arm-none-eabi/lib/thumb/v7e-m+fp/hard\libc_nano.a(libc_a-memset.o)
 .ARM.attributes
                0x00000523       0x34 C:/ST/STM32CubeIDE_1.15.1/STM32CubeIDE/plugins/com.st.stm32cube.ide.mcu.externaltools.gnu-tools-for-stm32.12.3.rel1.win32_1.0.100.202403111256/tools/bin/../lib/gcc/arm-none-eabi/12.3.1/../../../../arm-none-eabi/lib/thumb/v7e-m+fp/hard\libc_nano.a(libc_a-reent.o)
 .ARM.attributes
                0x00000557       0x34 C:/ST/STM32CubeIDE_1.15.1/STM32CubeIDE/plugins/com.st.stm32cube.ide.mcu.externaltools.gnu-tools-for-stm32.12.3.rel1.win32_1.0.100.202403111256/tools/bin/../lib/gcc/arm-none-eabi/12.3.1/../../../../arm-none-eabi/lib/thumb/v7e-m+fp/hard\libc_nano.a(libc_a-impure.o)
 .ARM.attributes
                0x0000058b       0x34 C:/ST/STM32CubeIDE_1.15.1/STM32CubeIDE/plugins/com.st.stm32cube.ide.mcu.externaltools.gnu-tools-for-stm32.12.3.rel1.win32_1.0.100.202403111256/tools/bin/../lib/gcc/arm-none-eabi/12.3.1/../../../../arm-none-eabi/lib/thumb/v7e-m+fp/hard\libc_nano.a(libc_a-init.o)
 .ARM.attributes
                0x000005bf       0x34 C:/ST/STM32CubeIDE_1.15.1/STM32CubeIDE/plugins/com.st.stm32cube.ide.mcu.externaltools.gnu-tools-for-stm32.12.3.rel1.win32_1.0.100.202403111256/tools/bin/../lib/gcc/arm-none-eabi/12.3.1/../../../../arm-none-eabi/lib/thumb/v7e-m+fp/hard\libc_nano.a(libc_a-lock.o)
 .ARM.attributes
                0x000005f3       0x34 C:/ST/STM32CubeIDE_1.15.1/STM32CubeIDE/plugins/com.st.stm32cube.ide.mcu.externaltools.gnu-tools-for-stm32.12.3.rel1.win32_1.0.100.202403111256/tools/bin/../lib/gcc/arm-none-eabi/12.3.1/../../../../arm-none-eabi/lib/thumb/v7e-m+fp/hard\libc_nano.a(libc_a-memcpy-stub.o)
 .ARM.attributes
                0x00000627       0x34 C:/ST/STM32CubeIDE_1.15.1/STM32CubeIDE/plugins/com.st.stm32cube.ide.mcu.externaltools.gnu-tools-for-stm32.12.3.rel1.win32_1.0.100.202403111256/tools/bin/../lib/gcc/arm-none-eabi/12.3.1/../../../../arm-none-eabi/lib/thumb/v7e-m+fp/hard\libc_nano.a(libc_a-freer.o)
 .ARM.attributes
                0x0000065b       0x34 C:/ST/STM32CubeIDE_1.15.1/STM32CubeIDE/plugins/com.st.stm32cube.ide.mcu.externaltools.gnu-tools-for-stm32.12.3.rel1.win32_1.0.100.202403111256/tools/bin/../lib/gcc/arm-none-eabi/12.3.1/../../../../arm-none-eabi/lib/thumb/v7e-m+fp/hard\libc_nano.a(libc_a-mallocr.o)
 .ARM.attributes
                0x0000068f       0x34 C:/ST/STM32CubeIDE_1.15.1/STM32CubeIDE/plugins/com.st.stm32cube.ide.mcu.externaltools.gnu-tools-for-stm32.12.3.rel1.win32_1.0.100.202403111256/tools/bin/../lib/gcc/arm-none-eabi/12.3.1/../../../../arm-none-eabi/lib/thumb/v7e-m+fp/hard\libc_nano.a(libc_a-mlock.o)
 .ARM.attributes
                0x000006c3       0x22 C:/ST/STM32CubeIDE_1.15.1/STM32CubeIDE/plugins/com.st.stm32cube.ide.mcu.externaltools.gnu-tools-for-stm32.12.3.rel1.win32_1.0.100.202403111256/tools/bin/../lib/gcc/arm-none-eabi/12.3.1/thumb/v7e-m+fp/hard\libgcc.a(_aeabi_uldivmod.o)
 .ARM.attributes
                0x000006e5       0x34 C:/ST/STM32CubeIDE_1.15.1/STM32CubeIDE/plugins/com.st.stm32cube.ide.mcu.externaltools.gnu-tools-for-stm32.12.3.rel1.win32_1.0.100.202403111256/tools/bin/../lib/gcc/arm-none-eabi/12.3.1/thumb/v7e-m+fp/hard\libgcc.a(_udivmoddi4.o)
 .ARM.attributes
                0x00000719       0x22 C:/ST/STM32CubeIDE_1.15.1/STM32CubeIDE/plugins/com.st.stm32cube.ide.mcu.externaltools.gnu-tools-for-stm32.12.3.rel1.win32_1.0.100.202403111256/tools/bin/../lib/gcc/arm-none-eabi/12.3.1/thumb/v7e-m+fp/hard\libgcc.a(_dvmd_tls.o)
 .ARM.attributes
                0x0000073b       0x22 C:/ST/STM32CubeIDE_1.15.1/STM32CubeIDE/plugins/com.st.stm32cube.ide.mcu.externaltools.gnu-tools-for-stm32.12.3.rel1.win32_1.0.100.202403111256/tools/bin/../lib/gcc/arm-none-eabi/12.3.1/thumb/v7e-m+fp/hard/crtn.o
OUTPUT(Final.elf elf32-littlearm)
LOAD linker stubs
LOAD C:/ST/STM32CubeIDE_1.15.1/STM32CubeIDE/plugins/com.st.stm32cube.ide.mcu.externaltools.gnu-tools-for-stm32.12.3.rel1.win32_1.0.100.202403111256/tools/bin/../lib/gcc/arm-none-eabi/12.3.1/../../../../arm-none-eabi/lib/thumb/v7e-m+fp/hard\libc.a
LOAD C:/ST/STM32CubeIDE_1.15.1/STM32CubeIDE/plugins/com.st.stm32cube.ide.mcu.externaltools.gnu-tools-for-stm32.12.3.rel1.win32_1.0.100.202403111256/tools/bin/../lib/gcc/arm-none-eabi/12.3.1/../../../../arm-none-eabi/lib/thumb/v7e-m+fp/hard\libm.a
LOAD C:/ST/STM32CubeIDE_1.15.1/STM32CubeIDE/plugins/com.st.stm32cube.ide.mcu.externaltools.gnu-tools-for-stm32.12.3.rel1.win32_1.0.100.202403111256/tools/bin/../lib/gcc/arm-none-eabi/12.3.1/thumb/v7e-m+fp/hard\libgcc.a

.debug_info     0x00000000    0x190b4
 .debug_info    0x00000000      0x755 ./Core/Src/Communication.o
 .debug_info    0x00000755      0xb14 ./Core/Src/Controlling.o
 .debug_info    0x00001269     0x17c5 ./Core/Src/main.o
 .debug_info    0x00002a2e      0xf70 ./Core/Src/stm32f4xx_hal_msp.o
 .debug_info    0x0000399e      0xb7d ./Core/Src/stm32f4xx_hal_timebase_tim.o
 .debug_info    0x0000451b      0x6a4 ./Core/Src/stm32f4xx_it.o
 .debug_info    0x00004bbf      0x53e ./Core/Src/system_stm32f4xx.o
 .debug_info    0x000050fd       0x30 ./Core/Startup/startup_stm32f401rctx.o
 .debug_info    0x0000512d      0x8bb ./Drivers/STM32F4xx_HAL_Driver/Src/stm32f4xx_hal.o
 .debug_info    0x000059e8      0xcc1 ./Drivers/STM32F4xx_HAL_Driver/Src/stm32f4xx_hal_cortex.o
 .debug_info    0x000066a9      0x6f9 ./Drivers/STM32F4xx_HAL_Driver/Src/stm32f4xx_hal_gpio.o
 .debug_info    0x00006da2      0x8f3 ./Drivers/STM32F4xx_HAL_Driver/Src/stm32f4xx_hal_rcc.o
 .debug_info    0x00007695     0x2996 ./Drivers/STM32F4xx_HAL_Driver/Src/stm32f4xx_hal_tim.o
 .debug_info    0x0000a02b     0x14d4 ./Drivers/STM32F4xx_HAL_Driver/Src/stm32f4xx_hal_tim_ex.o
 .debug_info    0x0000b4ff     0x2f56 ./Drivers/STM32F4xx_HAL_Driver/Src/stm32f4xx_hal_uart.o
 .debug_info    0x0000e455     0x4073 ./Middlewares/Third_Party/FreeRTOS/Source/CMSIS_RTOS_V2/cmsis_os2.o
 .debug_info    0x000124c8      0x2af ./Middlewares/Third_Party/FreeRTOS/Source/list.o
 .debug_info    0x00012777     0x1b79 ./Middlewares/Third_Party/FreeRTOS/Source/queue.o
 .debug_info    0x000142f0     0x28c1 ./Middlewares/Third_Party/FreeRTOS/Source/tasks.o
 .debug_info    0x00016bb1     0x1b50 ./Middlewares/Third_Party/FreeRTOS/Source/timers.o
 .debug_info    0x00018701      0x4de ./Middlewares/Third_Party/FreeRTOS/Source/portable/GCC/ARM_CM4F/port.o
 .debug_info    0x00018bdf      0x4d5 ./Middlewares/Third_Party/FreeRTOS/Source/portable/MemMang/heap_4.o

.debug_abbrev   0x00000000     0x3656
 .debug_abbrev  0x00000000      0x1b6 ./Core/Src/Communication.o
 .debug_abbrev  0x000001b6      0x2c4 ./Core/Src/Controlling.o
 .debug_abbrev  0x0000047a      0x2d9 ./Core/Src/main.o
 .debug_abbrev  0x00000753      0x225 ./Core/Src/stm32f4xx_hal_msp.o
 .debug_abbrev  0x00000978      0x207 ./Core/Src/stm32f4xx_hal_timebase_tim.o
 .debug_abbrev  0x00000b7f      0x190 ./Core/Src/stm32f4xx_it.o
 .debug_abbrev  0x00000d0f      0x11a ./Core/Src/system_stm32f4xx.o
 .debug_abbrev  0x00000e29       0x24 ./Core/Startup/startup_stm32f401rctx.o
 .debug_abbrev  0x00000e4d      0x24b ./Drivers/STM32F4xx_HAL_Driver/Src/stm32f4xx_hal.o
 .debug_abbrev  0x00001098      0x328 ./Drivers/STM32F4xx_HAL_Driver/Src/stm32f4xx_hal_cortex.o
 .debug_abbrev  0x000013c0      0x1d3 ./Drivers/STM32F4xx_HAL_Driver/Src/stm32f4xx_hal_gpio.o
 .debug_abbrev  0x00001593      0x2b5 ./Drivers/STM32F4xx_HAL_Driver/Src/stm32f4xx_hal_rcc.o
 .debug_abbrev  0x00001848      0x28b ./Drivers/STM32F4xx_HAL_Driver/Src/stm32f4xx_hal_tim.o
 .debug_abbrev  0x00001ad3      0x296 ./Drivers/STM32F4xx_HAL_Driver/Src/stm32f4xx_hal_tim_ex.o
 .debug_abbrev  0x00001d69      0x31b ./Drivers/STM32F4xx_HAL_Driver/Src/stm32f4xx_hal_uart.o
 .debug_abbrev  0x00002084      0x548 ./Middlewares/Third_Party/FreeRTOS/Source/CMSIS_RTOS_V2/cmsis_os2.o
 .debug_abbrev  0x000025cc       0xf5 ./Middlewares/Third_Party/FreeRTOS/Source/list.o
 .debug_abbrev  0x000026c1      0x3b6 ./Middlewares/Third_Party/FreeRTOS/Source/queue.o
 .debug_abbrev  0x00002a77      0x3fe ./Middlewares/Third_Party/FreeRTOS/Source/tasks.o
 .debug_abbrev  0x00002e75      0x368 ./Middlewares/Third_Party/FreeRTOS/Source/timers.o
 .debug_abbrev  0x000031dd      0x25c ./Middlewares/Third_Party/FreeRTOS/Source/portable/GCC/ARM_CM4F/port.o
 .debug_abbrev  0x00003439      0x21d ./Middlewares/Third_Party/FreeRTOS/Source/portable/MemMang/heap_4.o

.debug_aranges  0x00000000     0x1458
 .debug_aranges
                0x00000000       0x28 ./Core/Src/Communication.o
 .debug_aranges
                0x00000028       0x58 ./Core/Src/Controlling.o
 .debug_aranges
                0x00000080       0x68 ./Core/Src/main.o
 .debug_aranges
                0x000000e8       0x58 ./Core/Src/stm32f4xx_hal_msp.o
 .debug_aranges
                0x00000140       0x30 ./Core/Src/stm32f4xx_hal_timebase_tim.o
 .debug_aranges
                0x00000170       0x50 ./Core/Src/stm32f4xx_it.o
 .debug_aranges
                0x000001c0       0x28 ./Core/Src/system_stm32f4xx.o
 .debug_aranges
                0x000001e8       0x28 ./Core/Startup/startup_stm32f401rctx.o
 .debug_aranges
                0x00000210       0xf0 ./Drivers/STM32F4xx_HAL_Driver/Src/stm32f4xx_hal.o
 .debug_aranges
                0x00000300      0x120 ./Drivers/STM32F4xx_HAL_Driver/Src/stm32f4xx_hal_cortex.o
 .debug_aranges
                0x00000420       0x58 ./Drivers/STM32F4xx_HAL_Driver/Src/stm32f4xx_hal_gpio.o
 .debug_aranges
                0x00000478       0x88 ./Drivers/STM32F4xx_HAL_Driver/Src/stm32f4xx_hal_rcc.o
 .debug_aranges
                0x00000500      0x3d0 ./Drivers/STM32F4xx_HAL_Driver/Src/stm32f4xx_hal_tim.o
 .debug_aranges
                0x000008d0      0x168 ./Drivers/STM32F4xx_HAL_Driver/Src/stm32f4xx_hal_tim_ex.o
 .debug_aranges
                0x00000a38      0x208 ./Drivers/STM32F4xx_HAL_Driver/Src/stm32f4xx_hal_uart.o
 .debug_aranges
                0x00000c40      0x2b0 ./Middlewares/Third_Party/FreeRTOS/Source/CMSIS_RTOS_V2/cmsis_os2.o
 .debug_aranges
                0x00000ef0       0x40 ./Middlewares/Third_Party/FreeRTOS/Source/list.o
 .debug_aranges
                0x00000f30      0x158 ./Middlewares/Third_Party/FreeRTOS/Source/queue.o
 .debug_aranges
                0x00001088      0x208 ./Middlewares/Third_Party/FreeRTOS/Source/tasks.o
 .debug_aranges
                0x00001290       0xf0 ./Middlewares/Third_Party/FreeRTOS/Source/timers.o
 .debug_aranges
                0x00001380       0x80 ./Middlewares/Third_Party/FreeRTOS/Source/portable/GCC/ARM_CM4F/port.o
 .debug_aranges
                0x00001400       0x58 ./Middlewares/Third_Party/FreeRTOS/Source/portable/MemMang/heap_4.o

.debug_rnglists
                0x00000000      0xfd2
 .debug_rnglists
                0x00000000       0x1a ./Core/Src/Communication.o
 .debug_rnglists
                0x0000001a       0x40 ./Core/Src/Controlling.o
 .debug_rnglists
                0x0000005a       0x4f ./Core/Src/main.o
 .debug_rnglists
                0x000000a9       0x3f ./Core/Src/stm32f4xx_hal_msp.o
 .debug_rnglists
                0x000000e8       0x20 ./Core/Src/stm32f4xx_hal_timebase_tim.o
 .debug_rnglists
                0x00000108       0x37 ./Core/Src/stm32f4xx_it.o
 .debug_rnglists
                0x0000013f       0x1a ./Core/Src/system_stm32f4xx.o
 .debug_rnglists
                0x00000159       0x19 ./Core/Startup/startup_stm32f401rctx.o
 .debug_rnglists
                0x00000172       0xaf ./Drivers/STM32F4xx_HAL_Driver/Src/stm32f4xx_hal.o
 .debug_rnglists
                0x00000221       0xd4 ./Drivers/STM32F4xx_HAL_Driver/Src/stm32f4xx_hal_cortex.o
 .debug_rnglists
                0x000002f5       0x3f ./Drivers/STM32F4xx_HAL_Driver/Src/stm32f4xx_hal_gpio.o
 .debug_rnglists
                0x00000334       0x66 ./Drivers/STM32F4xx_HAL_Driver/Src/stm32f4xx_hal_rcc.o
 .debug_rnglists
                0x0000039a      0x31a ./Drivers/STM32F4xx_HAL_Driver/Src/stm32f4xx_hal_tim.o
 .debug_rnglists
                0x000006b4      0x125 ./Drivers/STM32F4xx_HAL_Driver/Src/stm32f4xx_hal_tim_ex.o
 .debug_rnglists
                0x000007d9      0x1bc ./Drivers/STM32F4xx_HAL_Driver/Src/stm32f4xx_hal_uart.o
 .debug_rnglists
                0x00000995      0x212 ./Middlewares/Third_Party/FreeRTOS/Source/CMSIS_RTOS_V2/cmsis_os2.o
 .debug_rnglists
                0x00000ba7       0x2b ./Middlewares/Third_Party/FreeRTOS/Source/list.o
 .debug_rnglists
                0x00000bd2      0x109 ./Middlewares/Third_Party/FreeRTOS/Source/queue.o
 .debug_rnglists
                0x00000cdb      0x1a0 ./Middlewares/Third_Party/FreeRTOS/Source/tasks.o
 .debug_rnglists
                0x00000e7b       0xb8 ./Middlewares/Third_Party/FreeRTOS/Source/timers.o
 .debug_rnglists
                0x00000f33       0x5d ./Middlewares/Third_Party/FreeRTOS/Source/portable/GCC/ARM_CM4F/port.o
 .debug_rnglists
                0x00000f90       0x42 ./Middlewares/Third_Party/FreeRTOS/Source/portable/MemMang/heap_4.o

.debug_macro    0x00000000    0x1883e
 .debug_macro   0x00000000      0x314 ./Core/Src/Communication.o
 .debug_macro   0x00000314      0xab4 ./Core/Src/Communication.o
 .debug_macro   0x00000dc8      0x29b ./Core/Src/Communication.o
 .debug_macro   0x00001063       0x2e ./Core/Src/Communication.o
 .debug_macro   0x00001091       0x28 ./Core/Src/Communication.o
 .debug_macro   0x000010b9       0x22 ./Core/Src/Communication.o
 .debug_macro   0x000010db       0x8e ./Core/Src/Communication.o
 .debug_macro   0x00001169       0x51 ./Core/Src/Communication.o
 .debug_macro   0x000011ba      0x103 ./Core/Src/Communication.o
 .debug_macro   0x000012bd       0x6a ./Core/Src/Communication.o
 .debug_macro   0x00001327      0x1df ./Core/Src/Communication.o
 .debug_macro   0x00001506       0x1c ./Core/Src/Communication.o
 .debug_macro   0x00001522       0x22 ./Core/Src/Communication.o
 .debug_macro   0x00001544       0xfb ./Core/Src/Communication.o
 .debug_macro   0x0000163f     0x1011 ./Core/Src/Communication.o
 .debug_macro   0x00002650      0x11f ./Core/Src/Communication.o
 .debug_macro   0x0000276f     0xb86c ./Core/Src/Communication.o
 .debug_macro   0x0000dfdb       0x6d ./Core/Src/Communication.o
 .debug_macro   0x0000e048     0x368c ./Core/Src/Communication.o
 .debug_macro   0x000116d4      0x189 ./Core/Src/Communication.o
 .debug_macro   0x0001185d       0x5c ./Core/Src/Communication.o
 .debug_macro   0x000118b9      0x416 ./Core/Src/Communication.o
 .debug_macro   0x00011ccf      0x9e9 ./Core/Src/Communication.o
 .debug_macro   0x000126b8      0x115 ./Core/Src/Communication.o
 .debug_macro   0x000127cd       0xf8 ./Core/Src/Communication.o
 .debug_macro   0x000128c5       0xa5 ./Core/Src/Communication.o
 .debug_macro   0x0001296a      0x15f ./Core/Src/Communication.o
 .debug_macro   0x00012ac9      0x287 ./Core/Src/Communication.o
 .debug_macro   0x00012d50       0x5f ./Core/Src/Communication.o
 .debug_macro   0x00012daf      0x236 ./Core/Src/Communication.o
 .debug_macro   0x00012fe5      0x132 ./Core/Src/Communication.o
 .debug_macro   0x00013117      0x23a ./Core/Src/Communication.o
 .debug_macro   0x00013351       0x2e ./Core/Src/Communication.o
 .debug_macro   0x0001337f      0x127 ./Core/Src/Communication.o
 .debug_macro   0x000134a6       0x85 ./Core/Src/Communication.o
 .debug_macro   0x0001352b       0x89 ./Core/Src/Communication.o
 .debug_macro   0x000135b4      0x8ed ./Core/Src/Communication.o
 .debug_macro   0x00013ea1       0x47 ./Core/Src/Communication.o
 .debug_macro   0x00013ee8      0x2aa ./Core/Src/Communication.o
 .debug_macro   0x00014192      0x126 ./Core/Src/Communication.o
 .debug_macro   0x000142b8       0x74 ./Core/Src/Communication.o
 .debug_macro   0x0001432c      0x16f ./Core/Src/Communication.o
 .debug_macro   0x0001449b      0x15a ./Core/Src/Communication.o
 .debug_macro   0x000145f5       0xc9 ./Core/Src/Communication.o
 .debug_macro   0x000146be       0x1c ./Core/Src/Communication.o
 .debug_macro   0x000146da       0x26 ./Core/Src/Communication.o
 .debug_macro   0x00014700       0x61 ./Core/Src/Communication.o
 .debug_macro   0x00014761       0x2a ./Core/Src/Communication.o
 .debug_macro   0x0001478b       0x43 ./Core/Src/Communication.o
 .debug_macro   0x000147ce       0x34 ./Core/Src/Communication.o
 .debug_macro   0x00014802       0x16 ./Core/Src/Communication.o
 .debug_macro   0x00014818       0x43 ./Core/Src/Communication.o
 .debug_macro   0x0001485b       0x34 ./Core/Src/Communication.o
 .debug_macro   0x0001488f       0x10 ./Core/Src/Communication.o
 .debug_macro   0x0001489f       0x58 ./Core/Src/Communication.o
 .debug_macro   0x000148f7       0x8e ./Core/Src/Communication.o
 .debug_macro   0x00014985       0x1c ./Core/Src/Communication.o
 .debug_macro   0x000149a1      0x177 ./Core/Src/Communication.o
 .debug_macro   0x00014b18       0x10 ./Core/Src/Communication.o
 .debug_macro   0x00014b28       0x35 ./Core/Src/Communication.o
 .debug_macro   0x00014b5d      0x4bf ./Core/Src/Communication.o
 .debug_macro   0x0001501c       0xb5 ./Core/Src/Communication.o
 .debug_macro   0x000150d1       0xaa ./Core/Src/Communication.o
 .debug_macro   0x0001517b       0x87 ./Core/Src/Communication.o
 .debug_macro   0x00015202       0x9a ./Core/Src/Communication.o
 .debug_macro   0x0001529c      0x40f ./Core/Src/Controlling.o
 .debug_macro   0x000156ab       0x16 ./Core/Src/Controlling.o
 .debug_macro   0x000156c1      0x369 ./Core/Src/Controlling.o
 .debug_macro   0x00015a2a       0x10 ./Core/Src/Controlling.o
 .debug_macro   0x00015a3a       0x16 ./Core/Src/Controlling.o
 .debug_macro   0x00015a50       0x16 ./Core/Src/Controlling.o
 .debug_macro   0x00015a66      0x146 ./Core/Src/Controlling.o
 .debug_macro   0x00015bac       0x16 ./Core/Src/Controlling.o
 .debug_macro   0x00015bc2      0x323 ./Core/Src/main.o
 .debug_macro   0x00015ee5       0x66 ./Core/Src/main.o
 .debug_macro   0x00015f4b       0xdd ./Core/Src/main.o
 .debug_macro   0x00016028      0x1d8 ./Core/Src/stm32f4xx_hal_msp.o
 .debug_macro   0x00016200      0x1ce ./Core/Src/stm32f4xx_hal_timebase_tim.o
 .debug_macro   0x000163ce      0x1e2 ./Core/Src/stm32f4xx_it.o
 .debug_macro   0x000165b0      0x1ce ./Core/Src/system_stm32f4xx.o
 .debug_macro   0x0001677e      0x22e ./Drivers/STM32F4xx_HAL_Driver/Src/stm32f4xx_hal.o
 .debug_macro   0x000169ac      0x1ce ./Drivers/STM32F4xx_HAL_Driver/Src/stm32f4xx_hal_cortex.o
 .debug_macro   0x00016b7a      0x1d4 ./Drivers/STM32F4xx_HAL_Driver/Src/stm32f4xx_hal_gpio.o
 .debug_macro   0x00016d4e      0x1f2 ./Drivers/STM32F4xx_HAL_Driver/Src/stm32f4xx_hal_rcc.o
 .debug_macro   0x00016f40      0x1cf ./Drivers/STM32F4xx_HAL_Driver/Src/stm32f4xx_hal_tim.o
 .debug_macro   0x0001710f      0x1ce ./Drivers/STM32F4xx_HAL_Driver/Src/stm32f4xx_hal_tim_ex.o
 .debug_macro   0x000172dd      0x1cf ./Drivers/STM32F4xx_HAL_Driver/Src/stm32f4xx_hal_uart.o
 .debug_macro   0x000174ac      0x3d7 ./Middlewares/Third_Party/FreeRTOS/Source/CMSIS_RTOS_V2/cmsis_os2.o
 .debug_macro   0x00017883       0x10 ./Middlewares/Third_Party/FreeRTOS/Source/CMSIS_RTOS_V2/cmsis_os2.o
 .debug_macro   0x00017893       0x20 ./Middlewares/Third_Party/FreeRTOS/Source/CMSIS_RTOS_V2/cmsis_os2.o
 .debug_macro   0x000178b3       0x10 ./Middlewares/Third_Party/FreeRTOS/Source/CMSIS_RTOS_V2/cmsis_os2.o
 .debug_macro   0x000178c3       0xf5 ./Middlewares/Third_Party/FreeRTOS/Source/CMSIS_RTOS_V2/cmsis_os2.o
 .debug_macro   0x000179b8       0x91 ./Middlewares/Third_Party/FreeRTOS/Source/CMSIS_RTOS_V2/cmsis_os2.o
 .debug_macro   0x00017a49       0x8d ./Middlewares/Third_Party/FreeRTOS/Source/CMSIS_RTOS_V2/cmsis_os2.o
 .debug_macro   0x00017ad6       0x22 ./Middlewares/Third_Party/FreeRTOS/Source/CMSIS_RTOS_V2/cmsis_os2.o
 .debug_macro   0x00017af8       0x56 ./Middlewares/Third_Party/FreeRTOS/Source/CMSIS_RTOS_V2/cmsis_os2.o
 .debug_macro   0x00017b4e      0x199 ./Middlewares/Third_Party/FreeRTOS/Source/list.o
 .debug_macro   0x00017ce7      0x228 ./Middlewares/Third_Party/FreeRTOS/Source/queue.o
 .debug_macro   0x00017f0f       0x16 ./Middlewares/Third_Party/FreeRTOS/Source/queue.o
 .debug_macro   0x00017f25      0x291 ./Middlewares/Third_Party/FreeRTOS/Source/tasks.o
 .debug_macro   0x000181b6       0x10 ./Middlewares/Third_Party/FreeRTOS/Source/tasks.o
 .debug_macro   0x000181c6      0x1ee ./Middlewares/Third_Party/FreeRTOS/Source/timers.o
 .debug_macro   0x000183b4       0x97 ./Middlewares/Third_Party/FreeRTOS/Source/timers.o
 .debug_macro   0x0001844b      0x233 ./Middlewares/Third_Party/FreeRTOS/Source/portable/GCC/ARM_CM4F/port.o
 .debug_macro   0x0001867e      0x1c0 ./Middlewares/Third_Party/FreeRTOS/Source/portable/MemMang/heap_4.o

.debug_line     0x00000000    0x16f5e
 .debug_line    0x00000000      0xa38 ./Core/Src/Communication.o
 .debug_line    0x00000a38      0xc28 ./Core/Src/Controlling.o
 .debug_line    0x00001660      0xd25 ./Core/Src/main.o
 .debug_line    0x00002385      0x851 ./Core/Src/stm32f4xx_hal_msp.o
 .debug_line    0x00002bd6      0x7ca ./Core/Src/stm32f4xx_hal_timebase_tim.o
 .debug_line    0x000033a0      0x7eb ./Core/Src/stm32f4xx_it.o
 .debug_line    0x00003b8b      0x7d3 ./Core/Src/system_stm32f4xx.o
 .debug_line    0x0000435e       0x7a ./Core/Startup/startup_stm32f401rctx.o
 .debug_line    0x000043d8      0xa3c ./Drivers/STM32F4xx_HAL_Driver/Src/stm32f4xx_hal.o
 .debug_line    0x00004e14      0xd04 ./Drivers/STM32F4xx_HAL_Driver/Src/stm32f4xx_hal_cortex.o
 .debug_line    0x00005b18      0xb8c ./Drivers/STM32F4xx_HAL_Driver/Src/stm32f4xx_hal_gpio.o
 .debug_line    0x000066a4      0xdad ./Drivers/STM32F4xx_HAL_Driver/Src/stm32f4xx_hal_rcc.o
 .debug_line    0x00007451     0x35ba ./Drivers/STM32F4xx_HAL_Driver/Src/stm32f4xx_hal_tim.o
 .debug_line    0x0000aa0b     0x19cd ./Drivers/STM32F4xx_HAL_Driver/Src/stm32f4xx_hal_tim_ex.o
 .debug_line    0x0000c3d8     0x290e ./Drivers/STM32F4xx_HAL_Driver/Src/stm32f4xx_hal_uart.o
 .debug_line    0x0000ece6     0x23a7 ./Middlewares/Third_Party/FreeRTOS/Source/CMSIS_RTOS_V2/cmsis_os2.o
 .debug_line    0x0001108d      0x7a1 ./Middlewares/Third_Party/FreeRTOS/Source/list.o
 .debug_line    0x0001182e     0x176b ./Middlewares/Third_Party/FreeRTOS/Source/queue.o
 .debug_line    0x00012f99     0x1e66 ./Middlewares/Third_Party/FreeRTOS/Source/tasks.o
 .debug_line    0x00014dff      0xe29 ./Middlewares/Third_Party/FreeRTOS/Source/timers.o
 .debug_line    0x00015c28      0x96a ./Middlewares/Third_Party/FreeRTOS/Source/portable/GCC/ARM_CM4F/port.o
 .debug_line    0x00016592      0x9cc ./Middlewares/Third_Party/FreeRTOS/Source/portable/MemMang/heap_4.o

.debug_str      0x00000000    0x980ed
 .debug_str     0x00000000    0x8d146 ./Core/Src/Communication.o
                              0x8d489 (size before relaxing)
 .debug_str     0x0008d146     0x22d9 ./Core/Src/Controlling.o
                              0x8f53a (size before relaxing)
 .debug_str     0x0008f41f     0x1557 ./Core/Src/main.o
                              0x8dc76 (size before relaxing)
 .debug_str     0x00090976      0x479 ./Core/Src/stm32f4xx_hal_msp.o
                              0x86f74 (size before relaxing)
 .debug_str     0x00090def      0x11a ./Core/Src/stm32f4xx_hal_timebase_tim.o
                              0x86d8f (size before relaxing)
 .debug_str     0x00090f09       0xb5 ./Core/Src/stm32f4xx_it.o
                              0x867e5 (size before relaxing)
 .debug_str     0x00090fbe       0xdb ./Core/Src/system_stm32f4xx.o
                              0x863fa (size before relaxing)
 .debug_str     0x00091099       0x44 ./Core/Startup/startup_stm32f401rctx.o
                                 0x75 (size before relaxing)
 .debug_str     0x000910dd      0x5c9 ./Drivers/STM32F4xx_HAL_Driver/Src/stm32f4xx_hal.o
                              0x86e1c (size before relaxing)
 .debug_str     0x000916a6      0x334 ./Drivers/STM32F4xx_HAL_Driver/Src/stm32f4xx_hal_cortex.o
                              0x86b54 (size before relaxing)
 .debug_str     0x000919da      0x121 ./Drivers/STM32F4xx_HAL_Driver/Src/stm32f4xx_hal_gpio.o
                              0x86575 (size before relaxing)
 .debug_str     0x00091afb      0x1fd ./Drivers/STM32F4xx_HAL_Driver/Src/stm32f4xx_hal_rcc.o
                              0x8682e (size before relaxing)
 .debug_str     0x00091cf8      0xcce ./Drivers/STM32F4xx_HAL_Driver/Src/stm32f4xx_hal_tim.o
                              0x87772 (size before relaxing)
 .debug_str     0x000929c6      0x3e1 ./Drivers/STM32F4xx_HAL_Driver/Src/stm32f4xx_hal_tim_ex.o
                              0x86f7e (size before relaxing)
 .debug_str     0x00092da7      0x61e ./Drivers/STM32F4xx_HAL_Driver/Src/stm32f4xx_hal_uart.o
                              0x86dfd (size before relaxing)
 .debug_str     0x000933c5     0x21b1 ./Middlewares/Third_Party/FreeRTOS/Source/CMSIS_RTOS_V2/cmsis_os2.o
                              0x911de (size before relaxing)
 .debug_str     0x00095576      0x20f ./Middlewares/Third_Party/FreeRTOS/Source/list.o
                               0xaaf9 (size before relaxing)
 .debug_str     0x00095785      0x892 ./Middlewares/Third_Party/FreeRTOS/Source/queue.o
                               0xc639 (size before relaxing)
 .debug_str     0x00096017     0x1080 ./Middlewares/Third_Party/FreeRTOS/Source/tasks.o
                               0xd43e (size before relaxing)
 .debug_str     0x00097097      0x5af ./Middlewares/Third_Party/FreeRTOS/Source/timers.o
                               0xce8a (size before relaxing)
 .debug_str     0x00097646      0x783 ./Middlewares/Third_Party/FreeRTOS/Source/portable/GCC/ARM_CM4F/port.o
                               0xa2b1 (size before relaxing)
 .debug_str     0x00097dc9      0x324 ./Middlewares/Third_Party/FreeRTOS/Source/portable/MemMang/heap_4.o
                               0xb43b (size before relaxing)

.comment        0x00000000       0x43
 .comment       0x00000000       0x43 ./Core/Src/Communication.o
                                 0x44 (size before relaxing)
 .comment       0x00000043       0x44 ./Core/Src/Controlling.o
 .comment       0x00000043       0x44 ./Core/Src/main.o
 .comment       0x00000043       0x44 ./Core/Src/stm32f4xx_hal_msp.o
 .comment       0x00000043       0x44 ./Core/Src/stm32f4xx_hal_timebase_tim.o
 .comment       0x00000043       0x44 ./Core/Src/stm32f4xx_it.o
 .comment       0x00000043       0x44 ./Core/Src/system_stm32f4xx.o
 .comment       0x00000043       0x44 ./Drivers/STM32F4xx_HAL_Driver/Src/stm32f4xx_hal.o
 .comment       0x00000043       0x44 ./Drivers/STM32F4xx_HAL_Driver/Src/stm32f4xx_hal_cortex.o
 .comment       0x00000043       0x44 ./Drivers/STM32F4xx_HAL_Driver/Src/stm32f4xx_hal_gpio.o
 .comment       0x00000043       0x44 ./Drivers/STM32F4xx_HAL_Driver/Src/stm32f4xx_hal_rcc.o
 .comment       0x00000043       0x44 ./Drivers/STM32F4xx_HAL_Driver/Src/stm32f4xx_hal_tim.o
 .comment       0x00000043       0x44 ./Drivers/STM32F4xx_HAL_Driver/Src/stm32f4xx_hal_tim_ex.o
 .comment       0x00000043       0x44 ./Drivers/STM32F4xx_HAL_Driver/Src/stm32f4xx_hal_uart.o
 .comment       0x00000043       0x44 ./Middlewares/Third_Party/FreeRTOS/Source/CMSIS_RTOS_V2/cmsis_os2.o
 .comment       0x00000043       0x44 ./Middlewares/Third_Party/FreeRTOS/Source/list.o
 .comment       0x00000043       0x44 ./Middlewares/Third_Party/FreeRTOS/Source/queue.o
 .comment       0x00000043       0x44 ./Middlewares/Third_Party/FreeRTOS/Source/tasks.o
 .comment       0x00000043       0x44 ./Middlewares/Third_Party/FreeRTOS/Source/timers.o
 .comment       0x00000043       0x44 ./Middlewares/Third_Party/FreeRTOS/Source/portable/GCC/ARM_CM4F/port.o
 .comment       0x00000043       0x44 ./Middlewares/Third_Party/FreeRTOS/Source/portable/MemMang/heap_4.o

.debug_frame    0x00000000     0x5878
 .debug_frame   0x00000000       0x50 ./Core/Src/Communication.o
 .debug_frame   0x00000050      0x134 ./Core/Src/Controlling.o
 .debug_frame   0x00000184      0x158 ./Core/Src/main.o
 .debug_frame   0x000002dc      0x138 ./Core/Src/stm32f4xx_hal_msp.o
 .debug_frame   0x00000414       0x74 ./Core/Src/stm32f4xx_hal_timebase_tim.o
 .debug_frame   0x00000488       0xc4 ./Core/Src/stm32f4xx_it.o
 .debug_frame   0x0000054c       0x58 ./Core/Src/system_stm32f4xx.o
 .debug_frame   0x000005a4      0x374 ./Drivers/STM32F4xx_HAL_Driver/Src/stm32f4xx_hal.o
 .debug_frame   0x00000918      0x4b8 ./Drivers/STM32F4xx_HAL_Driver/Src/stm32f4xx_hal_cortex.o
 .debug_frame   0x00000dd0      0x14c ./Drivers/STM32F4xx_HAL_Driver/Src/stm32f4xx_hal_gpio.o
 .debug_frame   0x00000f1c      0x1f4 ./Drivers/STM32F4xx_HAL_Driver/Src/stm32f4xx_hal_rcc.o
 .debug_frame   0x00001110     0x11b8 ./Drivers/STM32F4xx_HAL_Driver/Src/stm32f4xx_hal_tim.o
 .debug_frame   0x000022c8      0x638 ./Drivers/STM32F4xx_HAL_Driver/Src/stm32f4xx_hal_tim_ex.o
 .debug_frame   0x00002900      0x954 ./Drivers/STM32F4xx_HAL_Driver/Src/stm32f4xx_hal_uart.o
 .debug_frame   0x00003254      0xbe4 ./Middlewares/Third_Party/FreeRTOS/Source/CMSIS_RTOS_V2/cmsis_os2.o
 .debug_frame   0x00003e38       0xd8 ./Middlewares/Third_Party/FreeRTOS/Source/list.o
 .debug_frame   0x00003f10      0x5ec ./Middlewares/Third_Party/FreeRTOS/Source/queue.o
 .debug_frame   0x000044fc      0x8f0 ./Middlewares/Third_Party/FreeRTOS/Source/tasks.o
 .debug_frame   0x00004dec      0x400 ./Middlewares/Third_Party/FreeRTOS/Source/timers.o
 .debug_frame   0x000051ec      0x1a8 ./Middlewares/Third_Party/FreeRTOS/Source/portable/GCC/ARM_CM4F/port.o
 .debug_frame   0x00005394      0x12c ./Middlewares/Third_Party/FreeRTOS/Source/portable/MemMang/heap_4.o
 .debug_frame   0x000054c0      0x144 C:/ST/STM32CubeIDE_1.15.1/STM32CubeIDE/plugins/com.st.stm32cube.ide.mcu.externaltools.gnu-tools-for-stm32.12.3.rel1.win32_1.0.100.202403111256/tools/bin/../lib/gcc/arm-none-eabi/12.3.1/../../../../arm-none-eabi/lib/thumb/v7e-m+fp/hard\libc_nano.a(libc_a-findfp.o)